Archive member included to satisfy reference by file (symbol)

c:/users/nicol/desktop/polito/oses/oses_project/toolchain/bin/../lib/gcc/arm-none-eabi/7.3.1/thumb/v6-m\libgcc.a(_dvmd_tls.o)
                              build\libraries\pico-sdk\src\rp2_common\pico_divider\divider.o (__aeabi_idiv0)
c:/users/nicol/desktop/polito/oses/oses_project/toolchain/bin/../lib/gcc/arm-none-eabi/7.3.1/../../../../arm-none-eabi/lib/thumb/v6-m\libc.a(lib_a-calloc.o)
                              build\libraries\pico-sdk\src\rp2_common\pico_malloc\pico_malloc.o (calloc)
c:/users/nicol/desktop/polito/oses/oses_project/toolchain/bin/../lib/gcc/arm-none-eabi/7.3.1/../../../../arm-none-eabi/lib/thumb/v6-m\libc.a(lib_a-exit.o)
                              c:/users/nicol/desktop/polito/oses/oses_project/toolchain/bin/../lib/gcc/arm-none-eabi/7.3.1/../../../../arm-none-eabi/lib/thumb/v6-m/crt0.o (exit)
c:/users/nicol/desktop/polito/oses/oses_project/toolchain/bin/../lib/gcc/arm-none-eabi/7.3.1/../../../../arm-none-eabi/lib/thumb/v6-m\libc.a(lib_a-fclose.o)
                              build\applications\main.o (fclose)
c:/users/nicol/desktop/polito/oses/oses_project/toolchain/bin/../lib/gcc/arm-none-eabi/7.3.1/../../../../arm-none-eabi/lib/thumb/v6-m\libc.a(lib_a-fflush.o)
                              c:/users/nicol/desktop/polito/oses/oses_project/toolchain/bin/../lib/gcc/arm-none-eabi/7.3.1/../../../../arm-none-eabi/lib/thumb/v6-m\libc.a(lib_a-fclose.o) (__sflush_r)
c:/users/nicol/desktop/polito/oses/oses_project/toolchain/bin/../lib/gcc/arm-none-eabi/7.3.1/../../../../arm-none-eabi/lib/thumb/v6-m\libc.a(lib_a-findfp.o)
                              c:/users/nicol/desktop/polito/oses/oses_project/toolchain/bin/../lib/gcc/arm-none-eabi/7.3.1/../../../../arm-none-eabi/lib/thumb/v6-m\libc.a(lib_a-fclose.o) (__sinit)
c:/users/nicol/desktop/polito/oses/oses_project/toolchain/bin/../lib/gcc/arm-none-eabi/7.3.1/../../../../arm-none-eabi/lib/thumb/v6-m\libc.a(lib_a-fopen.o)
                              build\applications\main.o (fopen)
c:/users/nicol/desktop/polito/oses/oses_project/toolchain/bin/../lib/gcc/arm-none-eabi/7.3.1/../../../../arm-none-eabi/lib/thumb/v6-m\libc.a(lib_a-fscanf.o)
                              build\applications\main.o (fscanf)
c:/users/nicol/desktop/polito/oses/oses_project/toolchain/bin/../lib/gcc/arm-none-eabi/7.3.1/../../../../arm-none-eabi/lib/thumb/v6-m\libc.a(lib_a-fseek.o)
                              c:/users/nicol/desktop/polito/oses/oses_project/toolchain/bin/../lib/gcc/arm-none-eabi/7.3.1/../../../../arm-none-eabi/lib/thumb/v6-m\libc.a(lib_a-fopen.o) (_fseek_r)
c:/users/nicol/desktop/polito/oses/oses_project/toolchain/bin/../lib/gcc/arm-none-eabi/7.3.1/../../../../arm-none-eabi/lib/thumb/v6-m\libc.a(lib_a-fseeko.o)
                              c:/users/nicol/desktop/polito/oses/oses_project/toolchain/bin/../lib/gcc/arm-none-eabi/7.3.1/../../../../arm-none-eabi/lib/thumb/v6-m\libc.a(lib_a-fseek.o) (_fseeko_r)
c:/users/nicol/desktop/polito/oses/oses_project/toolchain/bin/../lib/gcc/arm-none-eabi/7.3.1/../../../../arm-none-eabi/lib/thumb/v6-m\libc.a(lib_a-fstatr.o)
                              c:/users/nicol/desktop/polito/oses/oses_project/toolchain/bin/../lib/gcc/arm-none-eabi/7.3.1/../../../../arm-none-eabi/lib/thumb/v6-m\libc.a(lib_a-fseeko.o) (_fstat_r)
c:/users/nicol/desktop/polito/oses/oses_project/toolchain/bin/../lib/gcc/arm-none-eabi/7.3.1/../../../../arm-none-eabi/lib/thumb/v6-m\libc.a(lib_a-fwalk.o)
                              c:/users/nicol/desktop/polito/oses/oses_project/toolchain/bin/../lib/gcc/arm-none-eabi/7.3.1/../../../../arm-none-eabi/lib/thumb/v6-m\libc.a(lib_a-findfp.o) (_fwalk)
c:/users/nicol/desktop/polito/oses/oses_project/toolchain/bin/../lib/gcc/arm-none-eabi/7.3.1/../../../../arm-none-eabi/lib/thumb/v6-m\libc.a(lib_a-impure.o)
                              c:/users/nicol/desktop/polito/oses/oses_project/toolchain/bin/../lib/gcc/arm-none-eabi/7.3.1/../../../../arm-none-eabi/lib/thumb/v6-m\libc.a(lib_a-exit.o) (_global_impure_ptr)
c:/users/nicol/desktop/polito/oses/oses_project/toolchain/bin/../lib/gcc/arm-none-eabi/7.3.1/../../../../arm-none-eabi/lib/thumb/v6-m\libc.a(lib_a-lock.o)
                              c:/users/nicol/desktop/polito/oses/oses_project/toolchain/bin/../lib/gcc/arm-none-eabi/7.3.1/../../../../arm-none-eabi/lib/thumb/v6-m\libc.a(lib_a-findfp.o) (__retarget_lock_init_recursive)
c:/users/nicol/desktop/polito/oses/oses_project/toolchain/bin/../lib/gcc/arm-none-eabi/7.3.1/../../../../arm-none-eabi/lib/thumb/v6-m\libc.a(lib_a-makebuf.o)
                              c:/users/nicol/desktop/polito/oses/oses_project/toolchain/bin/../lib/gcc/arm-none-eabi/7.3.1/../../../../arm-none-eabi/lib/thumb/v6-m\libc.a(lib_a-fseeko.o) (__smakebuf_r)
c:/users/nicol/desktop/polito/oses/oses_project/toolchain/bin/../lib/gcc/arm-none-eabi/7.3.1/../../../../arm-none-eabi/lib/thumb/v6-m\libc.a(lib_a-malloc.o)
[...]
Memory Configuration

Name             Origin             Length             Attributes
FLASH            0x10000000         0x00200000         xr
RAM              0x20000000         0x00040000         xrw
SCRATCH_X        0x20040000         0x00001000         xrw
SCRATCH_Y        0x20041000         0x00001000         xrw
*default*        0x00000000         0xffffffff

Linker script and memory map

LOAD c:/users/nicol/desktop/polito/oses/oses_project/toolchain/bin/../lib/gcc/arm-none-eabi/7.3.1/thumb/v6-m/crti.o
LOAD c:/users/nicol/desktop/polito/oses/oses_project/toolchain/bin/../lib/gcc/arm-none-eabi/7.3.1/thumb/v6-m/crtbegin.o
LOAD c:/users/nicol/desktop/polito/oses/oses_project/toolchain/bin/../lib/gcc/arm-none-eabi/7.3.1/../../../../arm-none-eabi/lib/thumb/v6-m/crt0.o
LOAD build\applications\main.o
LOAD build\drivers\drv_gpio.o
LOAD build\drivers\drv_uart.o
LOAD build\drivers\board.o
LOAD build\libraries\pico-sdk\src\rp2_common\pico_float\float_v1_rom_shim.o
LOAD build\libraries\pico-sdk\src\rp2_common\pico_double\double_v1_rom_shim.o
LOAD build\libraries\pico-sdk\src\common\pico_time\timeout_helper.o
LOAD build\libraries\pico-sdk\src\rp2_common\hardware_divider\divider.o
LOAD build\libraries\pico-sdk\src\rp2_common\pico_printf\printf.o
LOAD build\libraries\pico-sdk\src\common\pico_util\datetime.o
LOAD build\libraries\pico-sdk\src\rp2_common\pico_standard_link\new_delete.o
LOAD build\libraries\pico-sdk\src\rp2_common\hardware_clocks\clocks.o
LOAD build\libraries\pico-sdk\src\rp2_common\hardware_gpio\gpio.o
LOAD build\libraries\pico-sdk\src\rp2_common\pico_divider\divider.o
LOAD build\libraries\pico-sdk\src\rp2_common\pico_float\float_math.o
LOAD build\libraries\pico-sdk\src\rp2_common\hardware_irq\irq.o
LOAD build\libraries\pico-sdk\src\rp2_common\pico_float\float_aeabi.o
LOAD build\libraries\pico-sdk\src\common\pico_sync\sem.o
LOAD build\libraries\pico-sdk\src\rp2_common\pico_double\double_init_rom.o
LOAD build\libraries\pico-sdk\src\rp2_common\hardware_timer\timer.o
LOAD build\libraries\pico-sdk\src\rp2_common\hardware_watchdog\watchdog.o
LOAD build\libraries\pico-sdk\src\rp2_common\hardware_irq\irq_handler_chain.o
LOAD build\libraries\pico-sdk\src\rp2_common\pico_float\float_init_rom.o
LOAD build\libraries\pico-sdk\src\rp2_common\hardware_sync\sync.o
LOAD build\libraries\pico-sdk\src\rp2_common\pico_double\double_math.o
LOAD build\libraries\pico-sdk\src\rp2_common\hardware_uart\uart.o
LOAD build\libraries\pico-sdk\src\rp2_common\pico_int64_ops\pico_int64_ops_aeabi.o
LOAD build\libraries\pico-sdk\src\rp2_common\pico_bootrom\bootrom.o
LOAD build\libraries\pico-sdk\src\common\pico_time\time.o
LOAD build\libraries\pico-sdk\src\common\pico_util\pheap.o
LOAD build\libraries\pico-sdk\src\rp2_common\hardware_claim\claim.o
LOAD build\libraries\pico-sdk\src\rp2_common\hardware_xosc\xosc.o
LOAD build\libraries\pico-sdk\src\rp2_common\pico_standard_link\binary_info.o
LOAD build\libraries\pico-sdk\src\common\pico_sync\critical_section.o
LOAD build\libraries\pico-sdk\src\rp2_common\hardware_pll\pll.o
LOAD build\libraries\pico-sdk\src\rp2_common\pico_runtime\runtime.o
LOAD build\libraries\pico-sdk\src\common\pico_util\queue.o
LOAD build\libraries\pico-sdk\src\common\pico_sync\mutex.o
LOAD build\libraries\pico-sdk\src\rp2_common\pico_bit_ops\bit_ops_aeabi.o
LOAD build\libraries\generated\bs2_default_padded_checksummed.o
LOAD build\libraries\pico-sdk\src\rp2_common\pico_standard_link\crt0.o
LOAD build\libraries\pico-sdk\src\rp2_common\pico_malloc\pico_malloc.o
LOAD build\libraries\pico-sdk\src\rp2_common\pico_stdlib\stdlib.o
LOAD build\libraries\pico-sdk\src\rp2_common\hardware_vreg\vreg.o
LOAD build\libraries\pico-sdk\src\rp2_common\pico_platform\platform.o
LOAD build\libraries\pico-sdk\src\common\pico_sync\lock_core.o
LOAD build\libraries\pico-sdk\src\rp2_common\pico_stdio_uart\stdio_uart.o
LOAD build\libraries\pico-sdk\src\rp2_common\pico_mem_ops\mem_ops_aeabi.o
LOAD build\libraries\pico-sdk\src\rp2_common\pico_double\double_aeabi.o
LOAD build\libraries\pico-sdk\src\rp2_common\pico_stdio\stdio.o
LOAD build\kernel\src\ipc.o
LOAD build\kernel\src\device.o
LOAD build\kernel\src\components.o
LOAD build\kernel\src\kservice.o
LOAD build\kernel\src\clock.o
LOAD build\kernel\src\mem.o
LOAD build\kernel\src\thread.o
LOAD build\kernel\src\object.o
LOAD build\kernel\src\timer.o
LOAD build\kernel\src\scheduler.o
LOAD build\kernel\src\idle.o
LOAD build\kernel\src\mempool.o
LOAD build\kernel\src\irq.o
LOAD build\kernel\libcpu\arm\common\div0.o
LOAD build\kernel\libcpu\arm\common\backtrace.o
LOAD build\kernel\libcpu\arm\common\showmem.o
LOAD build\kernel\libcpu\arm\cortex-m0\cpuport.o
LOAD build\kernel\libcpu\arm\cortex-m0\context_gcc.o
LOAD build\kernel\components\drivers\i2c\i2c_core.o
LOAD build\kernel\components\drivers\i2c\i2c_dev.o
LOAD build\kernel\components\drivers\misc\pin.o
LOAD build\kernel\components\drivers\serial\serial.o
LOAD build\kernel\components\drivers\src\dataqueue.o
LOAD build\kernel\components\drivers\src\ringbuffer.o
LOAD build\kernel\components\drivers\src\taskserver.o
LOAD build\kernel\components\drivers\src\ringblk_buf.o
LOAD build\kernel\components\drivers\src\workqueue.o
LOAD build\kernel\components\drivers\src\completion.o
LOAD build\kernel\components\drivers\src\pipe.o
LOAD build\kernel\components\drivers\src\waitqueue.o
LOAD build\kernel\components\finsh\shell.o
LOAD build\kernel\components\finsh\msh.o
LOAD build\kernel\components\finsh\cmd.o
LOAD build\kernel\components\libc\compilers\common\time.o
LOAD build\kernel\components\libc\compilers\gcc\newlib\syscalls.o
LOAD c:/users/nicol/desktop/polito/oses/oses_project/toolchain/bin/../lib/gcc/arm-none-eabi/7.3.1/../../../../arm-none-eabi/lib/thumb/v6-m\libm.a
START GROUP
LOAD c:/users/nicol/desktop/polito/oses/oses_project/toolchain/bin/../lib/gcc/arm-none-eabi/7.3.1/thumb/v6-m\libgcc.a
LOAD c:/users/nicol/desktop/polito/oses/oses_project/toolchain/bin/../lib/gcc/arm-none-eabi/7.3.1/../../../../arm-none-eabi/lib/thumb/v6-m\libc.a
END GROUP
START GROUP
LOAD c:/users/nicol/desktop/polito/oses/oses_project/toolchain/bin/../lib/gcc/arm-none-eabi/7.3.1/thumb/v6-m\libgcc.a
LOAD c:/users/nicol/desktop/polito/oses/oses_project/toolchain/bin/../lib/gcc/arm-none-eabi/7.3.1/../../../../arm-none-eabi/lib/thumb/v6-m\libc.a
LOAD c:/users/nicol/desktop/polito/oses/oses_project/toolchain/bin/../lib/gcc/arm-none-eabi/7.3.1/../../../../arm-none-eabi/lib/thumb/v6-m\libnosys.a
END GROUP
LOAD c:/users/nicol/desktop/polito/oses/oses_project/toolchain/bin/../lib/gcc/arm-none-eabi/7.3.1/thumb/v6-m/crtend.o
LOAD c:/users/nicol/desktop/polito/oses/oses_project/toolchain/bin/../lib/gcc/arm-none-eabi/7.3.1/thumb/v6-m/crtn.o

.flash_begin    0x10000000        0x0
                0x10000000                __flash_binary_start = .

.boot2          0x10000000      0x100
                0x10000000                __boot2_start__ = .
 *(.boot2)
 .boot2         0x10000000      0x100 build\libraries\generated\bs2_default_padded_checksummed.o
                0x10000100                __boot2_end__ = .
                0x00000001                ASSERT (((__boot2_end__ - __boot2_start__) == 0x100), ERROR: Pico second stage bootloader must be 256 bytes in size)

.text           0x10000100    0x18fe8
                0x10000100                __reset_start = .
 *(.reset)
 .reset         0x10000100       0xc4 build\libraries\pico-sdk\src\rp2_common\pico_standard_link\crt0.o
                0x10000104                _entry_point
                0x10000142                _exit
                0x10000196                __get_current_exception
                0x10000200                . = ALIGN (0x100)
 *fill*         0x100001c4       0x3c 
                0x10000200                __reset_end = .
                0x00000001                ASSERT (((__reset_end - __reset_start) == 0x100), ERROR: reset section should only be 256 bytes)
 *(.vectors)
 .vectors       0x10000200       0xd4 build\libraries\pico-sdk\src\rp2_common\pico_standard_link\crt0.o
                0x10000200                __vectors
                0x100002c0                isr_invalid
                0x100002c2                isr_nmi
                0x100002c4                isr_hardfault
                0x100002c6                isr_svcall
                0x100002c8                isr_pendsv
                0x100002cc                isr_irq5
                0x100002cc                isr_irq11
                0x100002cc                isr_irq31
                0x100002cc                isr_irq23
                0x100002cc                isr_irq18
                0x100002cc                isr_irq27
                0x100002cc                isr_irq28
                0x100002cc                isr_irq19
                0x100002cc                isr_irq0
                0x100002cc                isr_irq6
                0x100002cc                isr_irq13
                0x100002cc                isr_irq12
                0x100002cc                isr_irq22
                0x100002cc                __unhandled_user_irq
                0x100002cc                isr_irq17
                0x100002cc                isr_irq14
                0x100002cc                isr_irq2
                0x100002cc                isr_irq10
                0x100002cc                isr_irq8
                0x100002cc                isr_irq24
                0x100002cc                isr_irq1
                0x100002cc                isr_irq7
                0x100002cc                isr_irq21
                0x100002cc                isr_irq20
                0x100002cc                isr_irq15
                0x100002cc                isr_irq25
                0x100002cc                isr_irq30
                0x100002cc                isr_irq4
                0x100002cc                isr_irq16
                0x100002cc                isr_irq29
                0x100002cc                isr_irq26
                0x100002cc                isr_irq3
                0x100002cc                isr_irq9
                0x100002d2                unhandled_user_irq_num_in_r0
 *(.init)
 .init          0x100002d4        0x4 c:/users/nicol/desktop/polito/oses/oses_project/toolchain/bin/../lib/gcc/arm-none-eabi/7.3.1/thumb/v6-m/crti.o
                0x100002d4                _init
 *(EXCLUDE_FILE(*libm.a: *libc.a:*lib_a-mem*.o *libgcc.a:) .text*)
 .text          0x100002d8       0x48 c:/users/nicol/desktop/polito/oses/oses_project/toolchain/bin/../lib/gcc/arm-none-eabi/7.3.1/thumb/v6-m/crtbegin.o
 .text.gpio_pull_up
                0x10000320       0x1c build\applications\main.o
 .text.create_tasks
                0x1000033c       0xc4 build\applications\main.o
                0x1000033c                create_tasks
 .text.start_tasks
                0x10000400       0x3c build\applications\main.o
                0x10000400                start_tasks
 .text.cleanup  0x1000043c       0x3c build\applications\main.o
                0x1000043c                cleanup
 .text.xeno_main
                0x10000478      0xe18 build\applications\main.o
                0x10000478                xeno_main
 .text.deg2rad  0x10001290       0x2c build\applications\main.o
                0x10001290                deg2rad
 .text.getGama  0x100012bc       0x94 build\applications\main.o
                0x100012bc                getGama
 .text.getCp    0x10001350       0x94 build\applications\main.o
                0x10001350                getCp
 .text.getMach  0x100013e4      0x134 build\applications\main.o
                0x100013e4                getMach
 .text.getAir   0x10001518      0x150 build\applications\main.o
                0x10001518                getAir
 .text.getRayleighLoss
                0x10001668      0x23c build\applications\main.o
                0x10001668                getRayleighLoss
 .text.defaultParam
                0x100018a4      0x348 build\applications\main.o
                0x100018a4                defaultParam
 .text.deduceInputs
                0x10001bec      0x568 build\applications\main.o
                0x10001bec                deduceInputs
 .text.getThermo
                0x10002154      0xbe0 build\applications\main.o
                0x10002154                getThermo
 .text.calcPerf
                0x10002d34      0xf44 build\applications\main.o
                0x10002d34                calcPerf
 .text.getGeo   0x10003c78      0x428 build\applications\main.o
                0x10003c78                getGeo
 .text.sqroot   0x100040a0       0xcc build\applications\main.o
                0x100040a0                sqroot
 .text.xfabs    0x1000416c       0x28 build\applications\main.o
                0x1000416c                xfabs
 .text.xlog     0x10004194       0xec build\applications\main.o
                0x10004194                xlog
 .text.expo     0x10004280       0xb0 build\applications\main.o
                0x10004280                expo
 .text.fpow     0x10004330       0xb0 build\applications\main.o
                0x10004330                fpow
 .text.power    0x100043e0       0x5e build\applications\main.o
                0x100043e0                power
 *fill*         0x1000443e        0x2 
 .text.mpu6050_reset
                0x10004440       0x60 build\applications\main.o
 .text.mpu6050_read_raw
                0x100044a0      0x200 build\applications\main.o
 .text.main     0x100046a0      0x12c build\applications\main.o
                0x100046a0                main
 .text.gpio_pull_up
                0x100047cc       0x1c build\drivers\drv_gpio.o
 .text.gpio_pull_down
                0x100047e8       0x1c build\drivers\drv_gpio.o
 .text.gpio_disable_pulls
                0x10004804       0x1c build\drivers\drv_gpio.o
 .text.gpio_get
                0x10004820       0x26 build\drivers\drv_gpio.o
 .text.gpio_set_mask
                0x10004846       0x18 build\drivers\drv_gpio.o
 .text.gpio_clr_mask
                0x1000485e       0x18 build\drivers\drv_gpio.o
 .text.gpio_put
                0x10004876       0x3a build\drivers\drv_gpio.o
 .text.gpio_set_dir_out_masked
                0x100048b0       0x18 build\drivers\drv_gpio.o
 .text.gpio_set_dir_in_masked
                0x100048c8       0x18 build\drivers\drv_gpio.o
 .text.gpio_set_dir
                0x100048e0       0x3a build\drivers\drv_gpio.o
 *fill*         0x1000491a        0x2 
 .text.pico_pin_mode
                0x1000491c       0x88 build\drivers\drv_gpio.o
 .text.pico_pin_write
                0x100049a4       0x48 build\drivers\drv_gpio.o
 .text.pico_pin_read
                0x100049ec       0x3c build\drivers\drv_gpio.o
 .text.rt_hw_gpio_init
                0x10004a28       0x20 build\drivers\drv_gpio.o
                0x10004a28                rt_hw_gpio_init
 .text.tight_loop_contents
                0x10004a48        0xa build\drivers\drv_uart.o
 .text.hw_xor_bits
                0x10004a52       0x1e build\drivers\drv_uart.o
 .text.hw_write_masked
                0x10004a70       0x2a build\drivers\drv_uart.o
 *fill*         0x10004a9a        0x2 
 .text.uart_get_index
                0x10004a9c       0x24 build\drivers\drv_uart.o
 .text.uart_get_hw
                0x10004ac0       0x1a build\drivers\drv_uart.o
 .text.uart_set_hw_flow
                0x10004ada       0x5c build\drivers\drv_uart.o
 .text.uart_set_format
                0x10004b36       0x5e build\drivers\drv_uart.o
 .text.uart_set_irq_enables
                0x10004b94       0x8a build\drivers\drv_uart.o
 .text.uart_set_fifo_enabled
                0x10004c1e       0x3a build\drivers\drv_uart.o
 .text.uart_is_writable
                0x10004c58       0x26 build\drivers\drv_uart.o
 .text.uart_is_readable
                0x10004c7e       0x26 build\drivers\drv_uart.o
 .text.uart_write_blocking
                0x10004ca4       0x58 build\drivers\drv_uart.o
 .text.uart_putc_raw
                0x10004cfc       0x22 build\drivers\drv_uart.o
 *fill*         0x10004d1e        0x2 
 .text.pico_uart_isr
                0x10004d20       0x30 build\drivers\drv_uart.o
                0x10004d20                pico_uart_isr
 .text.pico_uart_configure
                0x10004d50       0x14 build\drivers\drv_uart.o
 .text.pico_uart_control
                0x10004d64       0x4c build\drivers\drv_uart.o
 .text.pico_uart_putc
                0x10004db0       0x2c build\drivers\drv_uart.o
 .text.pico_uart_getc
                0x10004ddc       0x38 build\drivers\drv_uart.o
 .text.rt_hw_uart_init
                0x10004e14       0xa4 build\drivers\drv_uart.o
                0x10004e14                rt_hw_uart_init
 .text.pico_uart1_isr
                0x10004eb8       0x30 build\drivers\drv_uart.o
                0x10004eb8                pico_uart1_isr
 .text.pico_uart1_configure
                0x10004ee8       0x14 build\drivers\drv_uart.o
 .text.pico_uart1_control
                0x10004efc       0x44 build\drivers\drv_uart.o
 .text.pico_uart1_putc
                0x10004f40       0x2c build\drivers\drv_uart.o
 .text.pico_uart1_getc
                0x10004f6c       0x38 build\drivers\drv_uart.o
 .text.rt_hw_uart1_init
                0x10004fa4       0xa4 build\drivers\drv_uart.o
                0x10004fa4                rt_hw_uart1_init
 .text.isr_systick
                0x10005048       0x16 build\drivers\board.o
                0x10005048                isr_systick
 *fill*         0x1000505e        0x2 
 .text.systick_config
                0x10005060       0x38 build\drivers\board.o
                0x10005060                systick_config
 .text.rt_hw_board_init
                0x10005098       0x7c build\drivers\board.o
                0x10005098                rt_hw_board_init
 .text.float_table_shim_on_use_helper
                0x10005114       0x34 build\libraries\pico-sdk\src\rp2_common\pico_float\float_v1_rom_shim.o
                0x10005114                float_table_shim_on_use_helper
 .text.642float_shims
                0x10005148       0x44 build\libraries\pico-sdk\src\rp2_common\pico_float\float_v1_rom_shim.o
                0x10005148                uint642float_shim
                0x1000514a                ufix642float_shim
                0x1000515a                int642float_shim
                0x1000515c                fix642float_shim
 .text.float232_shims
                0x1000518c       0x18 build\libraries\pico-sdk\src\rp2_common\pico_float\float_v1_rom_shim.o
                0x1000518c                float2int_shim
                0x1000518e                float2fix_shim
 .text.float264_shims
                0x100051a4       0x4c build\libraries\pico-sdk\src\rp2_common\pico_float\float_v1_rom_shim.o
                0x100051a4                float2int64_shim
                0x100051a6                float2fix64_shim
                0x100051ae                float2uint64_shim
                0x100051b0                float2ufix64_shim
 .text.d2fix_a_float
                0x100051f0       0x5c build\libraries\pico-sdk\src\rp2_common\pico_float\float_v1_rom_shim.o
                0x100051f0                d2fix_a
 .text.float2double_shim
                0x1000524c       0x30 build\libraries\pico-sdk\src\rp2_common\pico_float\float_v1_rom_shim.o
                0x1000524c                float2double_shim
 .text.double_table_shim_on_use_helper
                0x1000527c       0x34 build\libraries\pico-sdk\src\rp2_common\pico_double\double_v1_rom_shim.o
                0x1000527c                double_table_shim_on_use_helper
 .text.__wrap___aeabi_dsub
                0x100052b0       0x10 build\libraries\pico-sdk\src\rp2_common\pico_double\double_v1_rom_shim.o
                0x100052b0                drsub_shim
                0x100052b6                dsub_shim
 .text.dadd_shim
                0x100052c0      0x15c build\libraries\pico-sdk\src\rp2_common\pico_double\double_v1_rom_shim.o
                0x100052c0                dadd_shim
 .text.dmul_shim
                0x1000541c      0x15c build\libraries\pico-sdk\src\rp2_common\pico_double\double_v1_rom_shim.o
                0x1000541c                dmul_shim
 .text.ddiv_shim
                0x10005578      0x1b0 build\libraries\pico-sdk\src\rp2_common\pico_double\double_v1_rom_shim.o
                0x10005578                ddiv_shim
 .text.dcordic_rot_step
                0x10005728       0x7c build\libraries\pico-sdk\src\rp2_common\pico_double\double_v1_rom_shim.o
                0x10005728                dcordic_rot_step
 .text.double2uint_shim
                0x100057a4        0xe build\libraries\pico-sdk\src\rp2_common\pico_double\double_v1_rom_shim.o
                0x100057a4                double2uint_shim
                0x100057a6                double2ufix_shim
 *fill*         0x100057b2        0x2 
 .text.double2uint64_shim
                0x100057b4       0x6c build\libraries\pico-sdk\src\rp2_common\pico_double\double_v1_rom_shim.o
                0x100057b4                double2uint64_shim
                0x100057b6                double2ufix64_shim
 .text.double2float_shim
                0x10005820       0x5c build\libraries\pico-sdk\src\rp2_common\pico_double\double_v1_rom_shim.o
                0x10005820                double2float_shim
 .text.dunpacks
                0x1000587c       0x3c build\libraries\pico-sdk\src\rp2_common\pico_double\double_v1_rom_shim.o
                0x1000587c                dunpacks
 .text._out_buffer
                0x100058b8       0x32 build\libraries\pico-sdk\src\rp2_common\pico_printf\printf.o
 .text._out_null
                0x100058ea       0x1c build\libraries\pico-sdk\src\rp2_common\pico_printf\printf.o
 .text._out_fct
                0x10005906       0x36 build\libraries\pico-sdk\src\rp2_common\pico_printf\printf.o
 .text._strnlen_s
                0x1000593c       0x36 build\libraries\pico-sdk\src\rp2_common\pico_printf\printf.o
 .text._is_digit
                0x10005972       0x32 build\libraries\pico-sdk\src\rp2_common\pico_printf\printf.o
 .text._atoi    0x100059a4       0x46 build\libraries\pico-sdk\src\rp2_common\pico_printf\printf.o
 .text._out_rev
                0x100059ea       0x9a build\libraries\pico-sdk\src\rp2_common\pico_printf\printf.o
 .text._ntoa_format
                0x10005a84      0x1ac build\libraries\pico-sdk\src\rp2_common\pico_printf\printf.o
 .text._ntoa_long
                0x10005c30       0xd2 build\libraries\pico-sdk\src\rp2_common\pico_printf\printf.o
 .text._ntoa_long_long
                0x10005d02       0xea build\libraries\pico-sdk\src\rp2_common\pico_printf\printf.o
 .text._ftoa    0x10005dec      0x4ac build\libraries\pico-sdk\src\rp2_common\pico_printf\printf.o
 .text._etoa    0x10006298      0x58c build\libraries\pico-sdk\src\rp2_common\pico_printf\printf.o
 .text._vsnprintf
                0x10006824      0x89c build\libraries\pico-sdk\src\rp2_common\pico_printf\printf.o
 .text.__wrap_sprintf
                0x100070c0       0x3c build\libraries\pico-sdk\src\rp2_common\pico_printf\printf.o
                0x100070c0                __wrap_sprintf
 .text.vfctprintf
                0x100070fc       0x40 build\libraries\pico-sdk\src\rp2_common\pico_printf\printf.o
                0x100070fc                vfctprintf
 .text.tight_loop_contents
                0x1000713c        0xa build\libraries\pico-sdk\src\rp2_common\hardware_clocks\clocks.o
 .text.hw_set_bits
                0x10007146       0x1e build\libraries\pico-sdk\src\rp2_common\hardware_clocks\clocks.o
 .text.hw_clear_bits
                0x10007164       0x1e build\libraries\pico-sdk\src\rp2_common\hardware_clocks\clocks.o
 .text.hw_xor_bits
                0x10007182       0x1e build\libraries\pico-sdk\src\rp2_common\hardware_clocks\clocks.o
 .text.hw_write_masked
                0x100071a0       0x2a build\libraries\pico-sdk\src\rp2_common\hardware_clocks\clocks.o
 *fill*         0x100071ca        0x2 
 .text.reset_block
                0x100071cc       0x20 build\libraries\pico-sdk\src\rp2_common\hardware_clocks\clocks.o
 .text.unreset_block_wait
                0x100071ec       0x34 build\libraries\pico-sdk\src\rp2_common\hardware_clocks\clocks.o
 .text.has_glitchless_mux
                0x10007220       0x32 build\libraries\pico-sdk\src\rp2_common\hardware_clocks\clocks.o
 *fill*         0x10007252        0x2 
 .text.clock_configure
                0x10007254      0x1a4 build\libraries\pico-sdk\src\rp2_common\hardware_clocks\clocks.o
                0x10007254                clock_configure
 .text.clocks_init
                0x100073f8      0x148 build\libraries\pico-sdk\src\rp2_common\hardware_clocks\clocks.o
                0x100073f8                clocks_init
 .text.clock_get_hz
                0x10007540       0x24 build\libraries\pico-sdk\src\rp2_common\hardware_clocks\clocks.o
                0x10007540                clock_get_hz
 .text.frequency_count_khz
                0x10007564       0x74 build\libraries\pico-sdk\src\rp2_common\hardware_clocks\clocks.o
                0x10007564                frequency_count_khz
 .text.hw_xor_bits
                0x100075d8       0x1e build\libraries\pico-sdk\src\rp2_common\hardware_gpio\gpio.o
 .text.hw_write_masked
                0x100075f6       0x2a build\libraries\pico-sdk\src\rp2_common\hardware_gpio\gpio.o
 .text.gpio_set_function
                0x10007620       0x44 build\libraries\pico-sdk\src\rp2_common\hardware_gpio\gpio.o
                0x10007620                gpio_set_function
 .text.gpio_set_pulls
                0x10007664       0x54 build\libraries\pico-sdk\src\rp2_common\hardware_gpio\gpio.o
                0x10007664                gpio_set_pulls
 .text.gpio_init
                0x100076b8       0x36 build\libraries\pico-sdk\src\rp2_common\hardware_gpio\gpio.o
                0x100076b8                gpio_init
 *fill*         0x100076ee        0x2 
 .text.__wrap___aeabi_idiv
                0x100076f0       0x58 build\libraries\pico-sdk\src\rp2_common\pico_divider\divider.o
                0x100076f0                __wrap___aeabi_idivmod
                0x100076f0                divmod_s32s32
                0x100076f0                div_s32s32
                0x100076f0                __wrap___aeabi_idiv
                0x100076f8                divmod_s32s32_unsafe
                0x10007724                divmod_s32s32_savestate
 .text.__wrap___aeabi_uidiv
                0x10007748       0x54 build\libraries\pico-sdk\src\rp2_common\pico_divider\divider.o
                0x10007748                __wrap___aeabi_uidiv
                0x10007748                __wrap___aeabi_uidivmod
                0x10007748                div_u32u32
                0x10007748                divmod_u32u32
                0x10007750                divmod_u32u32_unsafe
                0x10007778                divmod_u32u32_savestate
 .text.__wrap___aeabi_ldiv
                0x1000779c      0x430 build\libraries\pico-sdk\src\rp2_common\pico_divider\divider.o
                0x1000779c                div_s64s64
                0x1000779c                divmod_s64s64
                0x1000779c                __wrap___aeabi_ldivmod
                0x100077d4                divmod_u64u64
                0x100077d4                div_u64u64
                0x100077d4                __wrap___aeabi_uldivmod
                0x100077e4                divmod_u64u64_savestate
                0x1000780c                divmod_s64s64_unsafe
                0x10007894                divmod_u64u64_unsafe
 .text.__dmb    0x10007bcc        0xe build\libraries\pico-sdk\src\rp2_common\hardware_irq\irq.o
 .text.__mem_fence_acquire
                0x10007bda        0xe build\libraries\pico-sdk\src\rp2_common\hardware_irq\irq.o
 .text.__mem_fence_release
                0x10007be8        0xe build\libraries\pico-sdk\src\rp2_common\hardware_irq\irq.o
 .text.save_and_disable_interrupts
                0x10007bf6       0x18 build\libraries\pico-sdk\src\rp2_common\hardware_irq\irq.o
 .text.restore_interrupts
                0x10007c0e       0x16 build\libraries\pico-sdk\src\rp2_common\hardware_irq\irq.o
 .text.spin_lock_instance
                0x10007c24       0x20 build\libraries\pico-sdk\src\rp2_common\hardware_irq\irq.o
 .text.spin_lock_unsafe_blocking
                0x10007c44       0x24 build\libraries\pico-sdk\src\rp2_common\hardware_irq\irq.o
 .text.spin_unlock_unsafe
                0x10007c68       0x1a build\libraries\pico-sdk\src\rp2_common\hardware_irq\irq.o
 .text.spin_lock_blocking
                0x10007c82       0x22 build\libraries\pico-sdk\src\rp2_common\hardware_irq\irq.o
 .text.spin_unlock
                0x10007ca4       0x22 build\libraries\pico-sdk\src\rp2_common\hardware_irq\irq.o
 *fill*         0x10007cc6        0x2 
 .text.get_vtable
                0x10007cc8       0x14 build\libraries\pico-sdk\src\rp2_common\hardware_irq\irq.o
 .text.add_thumb_bit
                0x10007cdc       0x16 build\libraries\pico-sdk\src\rp2_common\hardware_irq\irq.o
 .text.remove_thumb_bit
                0x10007cf2       0x16 build\libraries\pico-sdk\src\rp2_common\hardware_irq\irq.o
 .text.set_raw_irq_handler_and_unlock
                0x10007d08       0x3c build\libraries\pico-sdk\src\rp2_common\hardware_irq\irq.o
 .text.check_irq_param
                0x10007d44       0x10 build\libraries\pico-sdk\src\rp2_common\hardware_irq\irq.o
 .text.irq_set_enabled
                0x10007d54       0x30 build\libraries\pico-sdk\src\rp2_common\hardware_irq\irq.o
                0x10007d54                irq_set_enabled
 .text.irq_is_enabled
                0x10007d84       0x30 build\libraries\pico-sdk\src\rp2_common\hardware_irq\irq.o
                0x10007d84                irq_is_enabled
 .text.irq_set_mask_enabled
                0x10007db4       0x40 build\libraries\pico-sdk\src\rp2_common\hardware_irq\irq.o
                0x10007db4                irq_set_mask_enabled
 .text.is_shared_irq_raw_handler
                0x10007df4       0x24 build\libraries\pico-sdk\src\rp2_common\hardware_irq\irq.o
 .text.irq_get_vtable_handler
                0x10007e18       0x28 build\libraries\pico-sdk\src\rp2_common\hardware_irq\irq.o
                0x10007e18                irq_get_vtable_handler
 .text.irq_set_exclusive_handler
                0x10007e40       0x74 build\libraries\pico-sdk\src\rp2_common\hardware_irq\irq.o
                0x10007e40                irq_set_exclusive_handler
 .text.make_branch
                0x10007eb4       0x58 build\libraries\pico-sdk\src\rp2_common\hardware_irq\irq.o
 .text.insert_branch_and_link
                0x10007f0c       0x74 build\libraries\pico-sdk\src\rp2_common\hardware_irq\irq.o
 .text.resolve_branch
                0x10007f80       0x5c build\libraries\pico-sdk\src\rp2_common\hardware_irq\irq.o
 .text.irq_remove_handler
                0x10007fdc      0x22c build\libraries\pico-sdk\src\rp2_common\hardware_irq\irq.o
                0x10007fdc                irq_remove_handler
 .text.irq_set_priority
                0x10008208       0x5c build\libraries\pico-sdk\src\rp2_common\hardware_irq\irq.o
                0x10008208                irq_set_priority
 .text.irq_add_tail_to_free_list
                0x10008264      0x178 build\libraries\pico-sdk\src\rp2_common\hardware_irq\irq.o
                0x10008264                irq_add_tail_to_free_list
 .text.irq_init_priorities
                0x100083dc       0x2a build\libraries\pico-sdk\src\rp2_common\hardware_irq\irq.o
                0x100083dc                irq_init_priorities
 *fill*         0x10008406        0x2 
 .text.__wrap___aeabi_farithmetic
                0x10008408       0x34 build\libraries\pico-sdk\src\rp2_common\pico_float\float_aeabi.o
                0x10008408                __wrap___aeabi_frsub
                0x1000840e                __wrap___aeabi_fsub
                0x10008418                __wrap___aeabi_fadd
                0x10008422                __wrap___aeabi_fdiv
                0x1000842c                __wrap___aeabi_fmul
 .text.__wrap___aeabi_cfcmple
                0x1000843c       0x50 build\libraries\pico-sdk\src\rp2_common\pico_float\float_aeabi.o
                0x1000843c                __wrap___aeabi_cfrcmple
                0x10008448                __wrap___aeabi_cfcmple
                0x10008448                __wrap___aeabi_cfcmpeq
 .text.__wrap___aeabi_fcmpeq
                0x1000848c       0x10 build\libraries\pico-sdk\src\rp2_common\pico_float\float_aeabi.o
                0x1000848c                __wrap___aeabi_fcmpeq
 .text.__wrap___aeabi_fcmplt
                0x1000849c        0xc build\libraries\pico-sdk\src\rp2_common\pico_float\float_aeabi.o
                0x1000849c                __wrap___aeabi_fcmplt
 .text.__wrap___aeabi_fcmple
                0x100084a8       0x10 build\libraries\pico-sdk\src\rp2_common\pico_float\float_aeabi.o
                0x100084a8                __wrap___aeabi_fcmple
 .text.__wrap___aeabi_fcmpge
                0x100084b8       0x10 build\libraries\pico-sdk\src\rp2_common\pico_float\float_aeabi.o
                0x100084b8                __wrap___aeabi_fcmpge
 .text.__wrap___aeabi_fcmpgt
                0x100084c8        0xa build\libraries\pico-sdk\src\rp2_common\pico_float\float_aeabi.o
                0x100084c8                __wrap___aeabi_fcmpgt
 *fill*         0x100084d2        0x2 
 .text.__wrap___aeabi_i2f
                0x100084d4       0x44 build\libraries\pico-sdk\src\rp2_common\pico_float\float_aeabi.o
                0x100084d4                __wrap___aeabi_i2f
 .text.__wrap___aeabi_f2iz
                0x10008518       0x4e build\libraries\pico-sdk\src\rp2_common\pico_float\float_aeabi.o
                0x10008518                float2int_z
                0x10008518                __wrap___aeabi_f2iz
 *fill*         0x10008566        0x2 
 .text.float2int
                0x10008568       0x14 build\libraries\pico-sdk\src\rp2_common\pico_float\float_aeabi.o
                0x10008568                float2int
 .text.__wrap___aeabi_f2uiz
                0x1000857c       0x10 build\libraries\pico-sdk\src\rp2_common\pico_float\float_aeabi.o
                0x1000857c                __wrap___aeabi_f2uiz
 .text.__wrap___aeabi_l2f
                0x1000858c       0x20 build\libraries\pico-sdk\src\rp2_common\pico_float\float_aeabi.o
                0x10008590                __wrap___aeabi_l2f
 .text.__wrap___aeabi_f2lz
                0x100085ac       0x26 build\libraries\pico-sdk\src\rp2_common\pico_float\float_aeabi.o
                0x100085ac                __wrap___aeabi_f2lz
                0x100085ac                float2int64_z
 *fill*         0x100085d2        0x2 
 .text.float2int64
                0x100085d4       0x14 build\libraries\pico-sdk\src\rp2_common\pico_float\float_aeabi.o
                0x100085d4                float2int64
 .text.float2ufix64
                0x100085e8       0x14 build\libraries\pico-sdk\src\rp2_common\pico_float\float_aeabi.o
                0x100085e8                float2ufix64
 .text.__wrap___aeabi_f2d
                0x100085fc       0x14 build\libraries\pico-sdk\src\rp2_common\pico_float\float_aeabi.o
                0x100085fc                __wrap___aeabi_f2d
 .text.rp2040_rom_version
                0x10008610        0xe build\libraries\pico-sdk\src\rp2_common\pico_double\double_init_rom.o
 .text.rom_table_code
                0x1000861e       0x26 build\libraries\pico-sdk\src\rp2_common\pico_double\double_init_rom.o
 .text.__aeabi_double_init
                0x10008644       0xe8 build\libraries\pico-sdk\src\rp2_common\pico_double\double_init_rom.o
                0x10008644                __aeabi_double_init
 .text.to_us_since_boot
                0x1000872c       0x18 build\libraries\pico-sdk\src\rp2_common\hardware_timer\timer.o
 .text.hw_set_bits
                0x10008744       0x1e build\libraries\pico-sdk\src\rp2_common\hardware_timer\timer.o
 .text.check_hardware_alarm_num_param
                0x10008762       0x10 build\libraries\pico-sdk\src\rp2_common\hardware_timer\timer.o
 .text.__dmb    0x10008772        0xe build\libraries\pico-sdk\src\rp2_common\hardware_timer\timer.o
 .text.__mem_fence_acquire
                0x10008780        0xe build\libraries\pico-sdk\src\rp2_common\hardware_timer\timer.o
 .text.__mem_fence_release
                0x1000878e        0xe build\libraries\pico-sdk\src\rp2_common\hardware_timer\timer.o
 .text.save_and_disable_interrupts
                0x1000879c       0x18 build\libraries\pico-sdk\src\rp2_common\hardware_timer\timer.o
 .text.restore_interrupts
                0x100087b4       0x16 build\libraries\pico-sdk\src\rp2_common\hardware_timer\timer.o
 *fill*         0x100087ca        0x2 
 .text.spin_lock_instance
                0x100087cc       0x20 build\libraries\pico-sdk\src\rp2_common\hardware_timer\timer.o
 .text.spin_lock_unsafe_blocking
                0x100087ec       0x24 build\libraries\pico-sdk\src\rp2_common\hardware_timer\timer.o
 .text.spin_unlock_unsafe
                0x10008810       0x1a build\libraries\pico-sdk\src\rp2_common\hardware_timer\timer.o
 .text.spin_lock_blocking
                0x1000882a       0x22 build\libraries\pico-sdk\src\rp2_common\hardware_timer\timer.o
 .text.spin_unlock
                0x1000884c       0x22 build\libraries\pico-sdk\src\rp2_common\hardware_timer\timer.o
 *fill*         0x1000886e        0x2 
 .text.hardware_alarm_claim
                0x10008870       0x2c build\libraries\pico-sdk\src\rp2_common\hardware_timer\timer.o
                0x10008870                hardware_alarm_claim
 .text.time_us_64
                0x1000889c       0x60 build\libraries\pico-sdk\src\rp2_common\hardware_timer\timer.o
                0x1000889c                time_us_64
 .text.harware_alarm_irq_number
                0x100088fc       0x12 build\libraries\pico-sdk\src\rp2_common\hardware_timer\timer.o
 *fill*         0x1000890e        0x2 
 .text.hardware_alarm_irq_handler
                0x10008910       0xd4 build\libraries\pico-sdk\src\rp2_common\hardware_timer\timer.o
 .text.hardware_alarm_set_callback
                0x100089e4       0xdc build\libraries\pico-sdk\src\rp2_common\hardware_timer\timer.o
                0x100089e4                hardware_alarm_set_callback
 .text.hardware_alarm_set_target
                0x10008ac0      0x160 build\libraries\pico-sdk\src\rp2_common\hardware_timer\timer.o
                0x10008ac0                hardware_alarm_set_target
 .text.hardware_alarm_cancel
                0x10008c20       0x68 build\libraries\pico-sdk\src\rp2_common\hardware_timer\timer.o
                0x10008c20                hardware_alarm_cancel
 .text.watchdog_start_tick
                0x10008c88       0x20 build\libraries\pico-sdk\src\rp2_common\hardware_watchdog\watchdog.o
                0x10008c88                watchdog_start_tick
 .text.rp2040_rom_version
                0x10008ca8        0xe build\libraries\pico-sdk\src\rp2_common\pico_float\float_init_rom.o
 .text.rom_table_code
                0x10008cb6       0x26 build\libraries\pico-sdk\src\rp2_common\pico_float\float_init_rom.o
 .text.__aeabi_float_init
                0x10008cdc      0x134 build\libraries\pico-sdk\src\rp2_common\pico_float\float_init_rom.o
                0x10008cdc                __aeabi_float_init
 .text.__dmb    0x10008e10        0xe build\libraries\pico-sdk\src\rp2_common\hardware_sync\sync.o
 .text.__mem_fence_release
                0x10008e1e        0xe build\libraries\pico-sdk\src\rp2_common\hardware_sync\sync.o
 .text.spin_lock_instance
                0x10008e2c       0x20 build\libraries\pico-sdk\src\rp2_common\hardware_sync\sync.o
 .text.spin_unlock_unsafe
                0x10008e4c       0x1a build\libraries\pico-sdk\src\rp2_common\hardware_sync\sync.o
 .text.spin_locks_reset
                0x10008e66       0x30 build\libraries\pico-sdk\src\rp2_common\hardware_sync\sync.o
                0x10008e66                spin_locks_reset
 *fill*         0x10008e96        0x2 
 .text.next_striped_spin_lock_num
                0x10008e98       0x30 build\libraries\pico-sdk\src\rp2_common\hardware_sync\sync.o
                0x10008e98                next_striped_spin_lock_num
 .text.tight_loop_contents
                0x10008ec8        0xa build\libraries\pico-sdk\src\rp2_common\hardware_uart\uart.o
 .text.hw_set_bits
                0x10008ed2       0x1e build\libraries\pico-sdk\src\rp2_common\hardware_uart\uart.o
 .text.hw_clear_bits
                0x10008ef0       0x1e build\libraries\pico-sdk\src\rp2_common\hardware_uart\uart.o
 .text.hw_xor_bits
                0x10008f0e       0x1e build\libraries\pico-sdk\src\rp2_common\hardware_uart\uart.o
 .text.hw_write_masked
                0x10008f2c       0x2a build\libraries\pico-sdk\src\rp2_common\hardware_uart\uart.o
 *fill*         0x10008f56        0x2 
 .text.uart_get_index
                0x10008f58       0x24 build\libraries\pico-sdk\src\rp2_common\hardware_uart\uart.o
 .text.uart_get_hw
                0x10008f7c       0x1a build\libraries\pico-sdk\src\rp2_common\hardware_uart\uart.o
 .text.uart_set_format
                0x10008f96       0x5e build\libraries\pico-sdk\src\rp2_common\hardware_uart\uart.o
 .text.reset_block
                0x10008ff4       0x20 build\libraries\pico-sdk\src\rp2_common\hardware_uart\uart.o
 .text.unreset_block_wait
                0x10009014       0x34 build\libraries\pico-sdk\src\rp2_common\hardware_uart\uart.o
 .text.uart_reset
                0x10009048       0x2c build\libraries\pico-sdk\src\rp2_common\hardware_uart\uart.o
 .text.uart_unreset
                0x10009074       0x2c build\libraries\pico-sdk\src\rp2_common\hardware_uart\uart.o
 .text.uart_init
                0x100090a0       0x8c build\libraries\pico-sdk\src\rp2_common\hardware_uart\uart.o
                0x100090a0                uart_init
 .text.uart_set_baudrate
                0x1000912c       0xa4 build\libraries\pico-sdk\src\rp2_common\hardware_uart\uart.o
                0x1000912c                uart_set_baudrate
 .text.uart_set_translate_crlf
                0x100091d0       0x3c build\libraries\pico-sdk\src\rp2_common\hardware_uart\uart.o
                0x100091d0                uart_set_translate_crlf
 .text.__aeabi_lmul
                0x1000920c       0x32 build\libraries\pico-sdk\src\rp2_common\pico_int64_ops\pico_int64_ops_aeabi.o
                0x1000920c                __wrap___aeabi_lmul
 .text.rom_func_lookup
                0x1000923e       0x28 build\libraries\pico-sdk\src\rp2_common\pico_bootrom\bootrom.o
                0x1000923e                rom_func_lookup
 .text.rom_data_lookup
                0x10009266       0x28 build\libraries\pico-sdk\src\rp2_common\pico_bootrom\bootrom.o
                0x10009266                rom_data_lookup
 .text.rom_funcs_lookup
                0x1000928e       0x68 build\libraries\pico-sdk\src\rp2_common\pico_bootrom\bootrom.o
                0x1000928e                rom_funcs_lookup
 .text.to_us_since_boot
                0x100092f6       0x18 build\libraries\pico-sdk\src\common\pico_time\time.o
 .text.update_us_since_boot
                0x1000930e       0x1e build\libraries\pico-sdk\src\common\pico_time\time.o
 .text.get_absolute_time
                0x1000932c       0x30 build\libraries\pico-sdk\src\common\pico_time\time.o
 .text.delayed_by_us
                0x1000935c       0x76 build\libraries\pico-sdk\src\common\pico_time\time.o
 .text.absolute_time_diff_us
                0x100093d2       0x40 build\libraries\pico-sdk\src\common\pico_time\time.o
 *fill*         0x10009412        0x2 
 .text.ph_get_node
                0x10009414       0x54 build\libraries\pico-sdk\src\common\pico_time\time.o
 .text.ph_add_child_node
                0x10009468       0xc4 build\libraries\pico-sdk\src\common\pico_time\time.o
 .text.ph_merge_nodes
                0x1000952c       0x7e build\libraries\pico-sdk\src\common\pico_time\time.o
 .text.ph_new_node
                0x100095aa       0x50 build\libraries\pico-sdk\src\common\pico_time\time.o
 *fill*         0x100095fa        0x2 
 .text.ph_insert
                0x100095fc       0x7c build\libraries\pico-sdk\src\common\pico_time\time.o
 .text.ph_peek_head
                0x10009678       0x14 build\libraries\pico-sdk\src\common\pico_time\time.o
 .text.ph_contains
                0x1000968c       0x46 build\libraries\pico-sdk\src\common\pico_time\time.o
 *fill*         0x100096d2        0x2 
 .text.ph_add_to_free_list
                0x100096d4       0x70 build\libraries\pico-sdk\src\common\pico_time\time.o
 .text.__dmb    0x10009744        0xe build\libraries\pico-sdk\src\common\pico_time\time.o
 .text.__mem_fence_acquire
                0x10009752        0xe build\libraries\pico-sdk\src\common\pico_time\time.o
 .text.__mem_fence_release
                0x10009760        0xe build\libraries\pico-sdk\src\common\pico_time\time.o
 .text.save_and_disable_interrupts
                0x1000976e       0x18 build\libraries\pico-sdk\src\common\pico_time\time.o
 .text.restore_interrupts
                0x10009786       0x16 build\libraries\pico-sdk\src\common\pico_time\time.o
 .text.spin_lock_instance
                0x1000979c       0x20 build\libraries\pico-sdk\src\common\pico_time\time.o
 .text.spin_lock_unsafe_blocking
                0x100097bc       0x24 build\libraries\pico-sdk\src\common\pico_time\time.o
 .text.spin_unlock_unsafe
                0x100097e0       0x1a build\libraries\pico-sdk\src\common\pico_time\time.o
 .text.spin_lock_blocking
                0x100097fa       0x22 build\libraries\pico-sdk\src\common\pico_time\time.o
 .text.spin_unlock
                0x1000981c       0x22 build\libraries\pico-sdk\src\common\pico_time\time.o
 .text.gpio_set_mask
                0x1000983e       0x18 build\libraries\pico-sdk\src\common\pico_time\time.o
 .text.gpio_clr_mask
                0x10009856       0x18 build\libraries\pico-sdk\src\common\pico_time\time.o
 *fill*         0x1000986e        0x2 
 .text.alarm_pool_init_default
                0x10009870       0x24 build\libraries\pico-sdk\src\common\pico_time\time.o
                0x10009870                alarm_pool_init_default
 .text.get_entry
                0x10009894       0x5c build\libraries\pico-sdk\src\common\pico_time\time.o
 .text.get_entry_id_high
                0x100098f0       0x50 build\libraries\pico-sdk\src\common\pico_time\time.o
 .text.timer_pool_entry_comparator
                0x10009940       0x76 build\libraries\pico-sdk\src\common\pico_time\time.o
                0x10009940                timer_pool_entry_comparator
 .text.make_public_id
                0x100099b6       0x26 build\libraries\pico-sdk\src\common\pico_time\time.o
 .text.add_alarm_under_lock
                0x100099dc      0x120 build\libraries\pico-sdk\src\common\pico_time\time.o
 .text.alarm_pool_alarm_callback
                0x10009afc      0x33c build\libraries\pico-sdk\src\common\pico_time\time.o
 .text.alarm_pool_create
                0x10009e38       0xa0 build\libraries\pico-sdk\src\common\pico_time\time.o
                0x10009e38                alarm_pool_create
 .text.ph_get_node
                0x10009ed8       0x54 build\libraries\pico-sdk\src\common\pico_util\pheap.o
 .text.ph_add_child_node
                0x10009f2c       0xc4 build\libraries\pico-sdk\src\common\pico_util\pheap.o
 .text.ph_merge_nodes
                0x10009ff0       0x7e build\libraries\pico-sdk\src\common\pico_util\pheap.o
 .text.ph_peek_head
                0x1000a06e       0x14 build\libraries\pico-sdk\src\common\pico_util\pheap.o
 .text.ph_remove_head
                0x1000a082       0x1c build\libraries\pico-sdk\src\common\pico_util\pheap.o
 .text.ph_create
                0x1000a09e       0x50 build\libraries\pico-sdk\src\common\pico_util\pheap.o
                0x1000a09e                ph_create
 .text.ph_clear
                0x1000a0ee       0x6a build\libraries\pico-sdk\src\common\pico_util\pheap.o
                0x1000a0ee                ph_clear
 .text.ph_merge_two_pass
                0x1000a158       0xd0 build\libraries\pico-sdk\src\common\pico_util\pheap.o
                0x1000a158                ph_merge_two_pass
 .text.ph_remove_any_head
                0x1000a228      0x120 build\libraries\pico-sdk\src\common\pico_util\pheap.o
 .text.ph_remove_head_reserve
                0x1000a348       0x46 build\libraries\pico-sdk\src\common\pico_util\pheap.o
                0x1000a348                ph_remove_head_reserve
 *fill*         0x1000a38e        0x2 
 .text.ph_delete
                0x1000a390      0x154 build\libraries\pico-sdk\src\common\pico_util\pheap.o
                0x1000a390                ph_delete
 .text.__dmb    0x1000a4e4        0xe build\libraries\pico-sdk\src\rp2_common\hardware_claim\claim.o
 .text.__mem_fence_acquire
                0x1000a4f2        0xe build\libraries\pico-sdk\src\rp2_common\hardware_claim\claim.o
 .text.__mem_fence_release
                0x1000a500        0xe build\libraries\pico-sdk\src\rp2_common\hardware_claim\claim.o
 .text.save_and_disable_interrupts
                0x1000a50e       0x18 build\libraries\pico-sdk\src\rp2_common\hardware_claim\claim.o
 .text.restore_interrupts
                0x1000a526       0x16 build\libraries\pico-sdk\src\rp2_common\hardware_claim\claim.o
 .text.spin_lock_instance
                0x1000a53c       0x20 build\libraries\pico-sdk\src\rp2_common\hardware_claim\claim.o
 .text.spin_lock_unsafe_blocking
                0x1000a55c       0x24 build\libraries\pico-sdk\src\rp2_common\hardware_claim\claim.o
 .text.spin_unlock_unsafe
                0x1000a580       0x1a build\libraries\pico-sdk\src\rp2_common\hardware_claim\claim.o
 .text.spin_lock_blocking
                0x1000a59a       0x22 build\libraries\pico-sdk\src\rp2_common\hardware_claim\claim.o
 .text.spin_unlock
                0x1000a5bc       0x22 build\libraries\pico-sdk\src\rp2_common\hardware_claim\claim.o
 .text.hw_claim_lock
                0x1000a5de       0x1a build\libraries\pico-sdk\src\rp2_common\hardware_claim\claim.o
                0x1000a5de                hw_claim_lock
 .text.hw_claim_unlock
                0x1000a5f8       0x22 build\libraries\pico-sdk\src\rp2_common\hardware_claim\claim.o
                0x1000a5f8                hw_claim_unlock
 .text.hw_claim_or_assert
                0x1000a61a       0x72 build\libraries\pico-sdk\src\rp2_common\hardware_claim\claim.o
                0x1000a61a                hw_claim_or_assert
 .text.hw_set_bits
                0x1000a68c       0x1e build\libraries\pico-sdk\src\rp2_common\hardware_xosc\xosc.o
 *fill*         0x1000a6aa        0x2 
 .text.xosc_init
                0x1000a6ac       0x40 build\libraries\pico-sdk\src\rp2_common\hardware_xosc\xosc.o
                0x1000a6ac                xosc_init
 .text.tight_loop_contents
                0x1000a6ec        0xa build\libraries\pico-sdk\src\rp2_common\hardware_pll\pll.o
 .text.hw_clear_bits
                0x1000a6f6       0x1e build\libraries\pico-sdk\src\rp2_common\hardware_pll\pll.o
 .text.pll_init
                0x1000a714      0x12c build\libraries\pico-sdk\src\rp2_common\hardware_pll\pll.o
                0x1000a714                pll_init
 .text.tight_loop_contents
                0x1000a840        0xa build\libraries\pico-sdk\src\rp2_common\pico_runtime\runtime.o
 .text.hw_set_bits
                0x1000a84a       0x1e build\libraries\pico-sdk\src\rp2_common\pico_runtime\runtime.o
 .text.hw_clear_bits
                0x1000a868       0x1e build\libraries\pico-sdk\src\rp2_common\pico_runtime\runtime.o
 *fill*         0x1000a886        0x2 
 .text.reset_block
                0x1000a888       0x20 build\libraries\pico-sdk\src\rp2_common\pico_runtime\runtime.o
 .text.unreset_block_wait
                0x1000a8a8       0x34 build\libraries\pico-sdk\src\rp2_common\pico_runtime\runtime.o
 .text.runtime_init
                0x1000a8dc       0xcc build\libraries\pico-sdk\src\rp2_common\pico_runtime\runtime.o
                0x1000a8dc                runtime_init
 .text.__assert_func
                0x1000a9a8       0x4c build\libraries\pico-sdk\src\rp2_common\pico_runtime\runtime.o
                0x1000a9a8                __assert_func
 .text.panic    0x1000a9f4       0x40 build\libraries\pico-sdk\src\rp2_common\pico_runtime\runtime.o
                0x1000a9f4                panic
 .text.__sev    0x1000aa34        0xc build\libraries\pico-sdk\src\common\pico_sync\mutex.o
 .text.__wfe    0x1000aa40        0xc build\libraries\pico-sdk\src\common\pico_sync\mutex.o
 .text.__dmb    0x1000aa4c        0xe build\libraries\pico-sdk\src\common\pico_sync\mutex.o
 .text.__mem_fence_acquire
                0x1000aa5a        0xe build\libraries\pico-sdk\src\common\pico_sync\mutex.o
 .text.__mem_fence_release
                0x1000aa68        0xe build\libraries\pico-sdk\src\common\pico_sync\mutex.o
 .text.save_and_disable_interrupts
                0x1000aa76       0x18 build\libraries\pico-sdk\src\common\pico_sync\mutex.o
 .text.restore_interrupts
                0x1000aa8e       0x16 build\libraries\pico-sdk\src\common\pico_sync\mutex.o
 .text.spin_lock_unsafe_blocking
                0x1000aaa4       0x24 build\libraries\pico-sdk\src\common\pico_sync\mutex.o
 .text.spin_unlock_unsafe
                0x1000aac8       0x1a build\libraries\pico-sdk\src\common\pico_sync\mutex.o
 .text.spin_lock_blocking
                0x1000aae2       0x22 build\libraries\pico-sdk\src\common\pico_sync\mutex.o
 .text.spin_unlock
                0x1000ab04       0x22 build\libraries\pico-sdk\src\common\pico_sync\mutex.o
 .text.get_core_num
                0x1000ab26       0x10 build\libraries\pico-sdk\src\common\pico_sync\mutex.o
 .text.mutex_init
                0x1000ab36       0x24 build\libraries\pico-sdk\src\common\pico_sync\mutex.o
                0x1000ab36                mutex_init
 *fill*         0x1000ab5a        0x2 
 .text          0x1000ab5c       0x10 build\libraries\pico-sdk\src\rp2_common\pico_bit_ops\bit_ops_aeabi.o
 .text.check_alloc
                0x1000ab6c       0x16 build\libraries\pico-sdk\src\rp2_common\pico_malloc\pico_malloc.o
 .text.__wrap_malloc
                0x1000ab82       0x2c build\libraries\pico-sdk\src\rp2_common\pico_malloc\pico_malloc.o
                0x1000ab82                __wrap_malloc
 .text.__wrap_calloc
                0x1000abae       0x32 build\libraries\pico-sdk\src\rp2_common\pico_malloc\pico_malloc.o
                0x1000abae                __wrap_calloc
 .text.__wrap_free
                0x1000abe0       0x18 build\libraries\pico-sdk\src\rp2_common\pico_malloc\pico_malloc.o
                0x1000abe0                __wrap_free
 .text.running_on_fpga
                0x1000abf8       0x1c build\libraries\pico-sdk\src\rp2_common\pico_platform\platform.o
                0x1000abf8                running_on_fpga
 .text.spin_lock_instance
                0x1000ac14       0x20 build\libraries\pico-sdk\src\common\pico_sync\lock_core.o
 .text.lock_init
                0x1000ac34       0x40 build\libraries\pico-sdk\src\common\pico_sync\lock_core.o
                0x1000ac34                lock_init
 .text.tight_loop_contents
                0x1000ac74        0xa build\libraries\pico-sdk\src\rp2_common\pico_stdio_uart\stdio_uart.o
 *fill*         0x1000ac7e        0x2 
 .text.uart_get_index
                0x1000ac80       0x24 build\libraries\pico-sdk\src\rp2_common\pico_stdio_uart\stdio_uart.o
 .text.uart_get_hw
                0x1000aca4       0x1a build\libraries\pico-sdk\src\rp2_common\pico_stdio_uart\stdio_uart.o
 .text.uart_is_writable
                0x1000acbe       0x26 build\libraries\pico-sdk\src\rp2_common\pico_stdio_uart\stdio_uart.o
 .text.uart_is_readable
                0x1000ace4       0x26 build\libraries\pico-sdk\src\rp2_common\pico_stdio_uart\stdio_uart.o
 .text.uart_write_blocking
                0x1000ad0a       0x58 build\libraries\pico-sdk\src\rp2_common\pico_stdio_uart\stdio_uart.o
 .text.uart_read_blocking
                0x1000ad62       0x58 build\libraries\pico-sdk\src\rp2_common\pico_stdio_uart\stdio_uart.o
 .text.uart_putc_raw
                0x1000adba       0x22 build\libraries\pico-sdk\src\rp2_common\pico_stdio_uart\stdio_uart.o
 .text.uart_putc
                0x1000addc       0x4c build\libraries\pico-sdk\src\rp2_common\pico_stdio_uart\stdio_uart.o
 .text.uart_getc
                0x1000ae28       0x22 build\libraries\pico-sdk\src\rp2_common\pico_stdio_uart\stdio_uart.o
 *fill*         0x1000ae4a        0x2 
 .text.stdio_uart_init
                0x1000ae4c       0x38 build\libraries\pico-sdk\src\rp2_common\pico_stdio_uart\stdio_uart.o
                0x1000ae4c                stdio_uart_init
 .text.stdio_uart_init_full
                0x1000ae84       0x5c build\libraries\pico-sdk\src\rp2_common\pico_stdio_uart\stdio_uart.o
                0x1000ae84                stdio_uart_init_full
 .text.stdio_uart_out_chars
                0x1000aee0       0x3c build\libraries\pico-sdk\src\rp2_common\pico_stdio_uart\stdio_uart.o
 .text.stdio_uart_in_chars
                0x1000af1c       0x58 build\libraries\pico-sdk\src\rp2_common\pico_stdio_uart\stdio_uart.o
                0x1000af1c                stdio_uart_in_chars
 .text          0x1000af74       0x10 build\libraries\pico-sdk\src\rp2_common\pico_mem_ops\mem_ops_aeabi.o
                0x1000af74                __aeabi_mem_init
 .text.memset   0x1000af84        0xc build\libraries\pico-sdk\src\rp2_common\pico_mem_ops\mem_ops_aeabi.o
                0x1000af84                __wrap_memset
 .text.memcpy   0x1000af90        0xc build\libraries\pico-sdk\src\rp2_common\pico_mem_ops\mem_ops_aeabi.o
                0x1000af90                __wrap_memcpy
                0x1000af90                __wrap___aeabi_memcpy
 .text.__wrap___aeabi_darithmetic
                0x1000af9c       0x54 build\libraries\pico-sdk\src\rp2_common\pico_double\double_aeabi.o
                0x1000af9c                __wrap___aeabi_drsub
                0x1000afa2                __wrap___aeabi_dsub
                0x1000afb4                __wrap___aeabi_dadd
                0x1000afc6                __wrap___aeabi_ddiv
                0x1000afd8                __wrap___aeabi_dmul
 .text.__wrap___aeabi_cdcmple
                0x1000aff0       0x6c build\libraries\pico-sdk\src\rp2_common\pico_double\double_aeabi.o
                0x1000aff0                __wrap___aeabi_cdrcmple
                0x1000b000                __wrap___aeabi_cdcmpeq
                0x1000b000                __wrap___aeabi_cdcmple
 .text.__wrap___aeabi_dcmpeq
                0x1000b05c       0x10 build\libraries\pico-sdk\src\rp2_common\pico_double\double_aeabi.o
                0x1000b05c                __wrap___aeabi_dcmpeq
 .text.__wrap___aeabi_dcmplt
                0x1000b06c        0xc build\libraries\pico-sdk\src\rp2_common\pico_double\double_aeabi.o
                0x1000b06c                __wrap___aeabi_dcmplt
 .text.__wrap___aeabi_dcmple
                0x1000b078       0x10 build\libraries\pico-sdk\src\rp2_common\pico_double\double_aeabi.o
                0x1000b078                __wrap___aeabi_dcmple
 .text.__wrap___aeabi_dcmpge
                0x1000b088       0x10 build\libraries\pico-sdk\src\rp2_common\pico_double\double_aeabi.o
                0x1000b088                __wrap___aeabi_dcmpge
 .text.__wrap___aeabi_dcmpgt
                0x1000b098        0xa build\libraries\pico-sdk\src\rp2_common\pico_double\double_aeabi.o
                0x1000b098                __wrap___aeabi_dcmpgt
 .text.__wrap___aeabi_dcmpun
                0x1000b0a2       0x1c build\libraries\pico-sdk\src\rp2_common\pico_double\double_aeabi.o
                0x1000b0a2                __wrap___aeabi_dcmpun
 *fill*         0x1000b0be        0x2 
 .text.__wrap___aeabi_i2d
                0x1000b0c0       0x38 build\libraries\pico-sdk\src\rp2_common\pico_double\double_aeabi.o
                0x1000b0c0                __wrap___aeabi_ui2d
                0x1000b0c8                __wrap___aeabi_i2d
 .text.__wrap___aeabi_d2iz
                0x1000b0f8       0x48 build\libraries\pico-sdk\src\rp2_common\pico_double\double_aeabi.o
                0x1000b0f8                double2int_z
                0x1000b0f8                __wrap___aeabi_d2iz
 .text.__wrap___aeabi_d2uiz
                0x1000b140       0x18 build\libraries\pico-sdk\src\rp2_common\pico_double\double_aeabi.o
                0x1000b140                __wrap___aeabi_d2uiz
                0x1000b140                double2uint
 .text.__wrap___aeabi_d2f
                0x1000b158       0x18 build\libraries\pico-sdk\src\rp2_common\pico_double\double_aeabi.o
                0x1000b158                __wrap___aeabi_d2f
 .text.to_us_since_boot
                0x1000b170       0x18 build\libraries\pico-sdk\src\rp2_common\pico_stdio\stdio.o
 .text.get_core_num
                0x1000b188       0x10 build\libraries\pico-sdk\src\rp2_common\pico_stdio\stdio.o
 .text.time_reached
                0x1000b198       0x64 build\libraries\pico-sdk\src\rp2_common\pico_stdio\stdio.o
 .text.stdout_serialize_begin
                0x1000b1fc       0x4c build\libraries\pico-sdk\src\rp2_common\pico_stdio\stdio.o
                0x1000b1fc                stdout_serialize_begin
 .text.stdout_serialize_end
                0x1000b248       0x18 build\libraries\pico-sdk\src\rp2_common\pico_stdio\stdio.o
                0x1000b248                stdout_serialize_end
 .text.stdio_out_chars_crlf
                0x1000b260       0xf8 build\libraries\pico-sdk\src\rp2_common\pico_stdio\stdio.o
 .text.stdio_put_string
                0x1000b358       0xb0 build\libraries\pico-sdk\src\rp2_common\pico_stdio\stdio.o
 .text.stdio_get_until
                0x1000b408       0x88 build\libraries\pico-sdk\src\rp2_common\pico_stdio\stdio.o
 .text.__wrap_puts
                0x1000b490       0x2e build\libraries\pico-sdk\src\rp2_common\pico_stdio\stdio.o
                0x1000b490                __wrap_puts
 *fill*         0x1000b4be        0x2 
 .text._read    0x1000b4c0       0x38 build\libraries\pico-sdk\src\rp2_common\pico_stdio\stdio.o
                0x1000b4c0                _read
 .text._write   0x1000b4f8       0x2e build\libraries\pico-sdk\src\rp2_common\pico_stdio\stdio.o
                0x1000b4f8                _write
 *fill*         0x1000b526        0x2 
 .text.stdio_set_driver_enabled
                0x1000b528       0x7c build\libraries\pico-sdk\src\rp2_common\pico_stdio\stdio.o
                0x1000b528                stdio_set_driver_enabled
 .text.stdio_flush
                0x1000b5a4       0x34 build\libraries\pico-sdk\src\rp2_common\pico_stdio\stdio.o
                0x1000b5a4                stdio_flush
 .text.stdio_stack_buffer_flush
                0x1000b5d8       0x70 build\libraries\pico-sdk\src\rp2_common\pico_stdio\stdio.o
 .text.stdio_buffered_printer
                0x1000b648       0x3e build\libraries\pico-sdk\src\rp2_common\pico_stdio\stdio.o
 *fill*         0x1000b686        0x2 
 .text.__wrap_vprintf
                0x1000b688       0x64 build\libraries\pico-sdk\src\rp2_common\pico_stdio\stdio.o
                0x1000b688                __wrap_vprintf
 .text.__wrap_printf
                0x1000b6ec       0x2e build\libraries\pico-sdk\src\rp2_common\pico_stdio\stdio.o
                0x1000b6ec                __wrap_printf
 .text.stdio_init_all
                0x1000b71a        0xe build\libraries\pico-sdk\src\rp2_common\pico_stdio\stdio.o
                0x1000b71a                stdio_init_all
 .text.rt_list_init
                0x1000b728       0x1e build\kernel\src\ipc.o
 .text.rt_list_insert_before
                0x1000b746       0x2e build\kernel\src\ipc.o
 .text.rt_list_isempty
                0x1000b774       0x1e build\kernel\src\ipc.o
 .text._ipc_object_init
                0x1000b792       0x1c build\kernel\src\ipc.o
 *fill*         0x1000b7ae        0x2 
 .text._ipc_list_suspend
                0x1000b7b0       0xb4 build\kernel\src\ipc.o
 .text._ipc_list_resume
                0x1000b864       0x22 build\kernel\src\ipc.o
 *fill*         0x1000b886        0x2 
 .text.rt_sem_init
                0x1000b888       0xa0 build\kernel\src\ipc.o
                0x1000b888                rt_sem_init
 .text.rt_sem_take
                0x1000b928      0x178 build\kernel\src\ipc.o
                0x1000b928                rt_sem_take
 .text.rt_sem_release
                0x1000baa0       0xc0 build\kernel\src\ipc.o
                0x1000baa0                rt_sem_release
 .text.rt_mutex_take
                0x1000bb60      0x208 build\kernel\src\ipc.o
                0x1000bb60                rt_mutex_take
 .text.rt_mutex_release
                0x1000bd68      0x1d8 build\kernel\src\ipc.o
                0x1000bd68                rt_mutex_release
 .text.rt_device_register
                0x1000bf40       0x56 build\kernel\src\device.o
                0x1000bf40                rt_device_register
 .text.rt_device_find
                0x1000bf96       0x1c build\kernel\src\device.o
                0x1000bf96                rt_device_find
 *fill*         0x1000bfb2        0x2 
 .text.rt_device_open
                0x1000bfb4      0x128 build\kernel\src\device.o
                0x1000bfb4                rt_device_open
 .text.rt_device_close
                0x1000c0dc       0xa4 build\kernel\src\device.o
                0x1000c0dc                rt_device_close
 .text.rt_device_read
                0x1000c180       0x90 build\kernel\src\device.o
                0x1000c180                rt_device_read
 .text.rt_device_write
                0x1000c210       0x90 build\kernel\src\device.o
                0x1000c210                rt_device_write
 .text.rt_device_set_rx_indicate
                0x1000c2a0       0x58 build\kernel\src\device.o
                0x1000c2a0                rt_device_set_rx_indicate
 .text.rti_start
                0x1000c2f8        0xc build\kernel\src\components.o
 .text.rti_board_start
                0x1000c304        0xc build\kernel\src\components.o
 .text.rti_board_end
                0x1000c310        0xc build\kernel\src\components.o
 .text.rti_end  0x1000c31c        0xc build\kernel\src\components.o
 .text.rt_components_init
                0x1000c328       0x30 build\kernel\src\components.o
                0x1000c328                rt_components_init
 .text.entry    0x1000c358       0x10 build\kernel\src\components.o
                0x1000c358                entry
 .text.main_thread_entry
                0x1000c368       0x18 build\kernel\src\components.o
                0x1000c368                main_thread_entry
 .text.rt_application_init
                0x1000c380       0x54 build\kernel\src\components.o
                0x1000c380                rt_application_init
 .text.rtthread_startup
                0x1000c3d4       0x30 build\kernel\src\components.o
                0x1000c3d4                rtthread_startup
 .text.rt_set_errno
                0x1000c404       0x40 build\kernel\src\kservice.o
                0x1000c404                rt_set_errno
 .text.rt_memset
                0x1000c444       0xb2 build\kernel\src\kservice.o
                0x1000c444                rt_memset
 .text.rt_memcpy
                0x1000c4f6       0xcc build\kernel\src\kservice.o
                0x1000c4f6                rt_memcpy
 .text.rt_memmove
                0x1000c5c2       0x7e build\kernel\src\kservice.o
                0x1000c5c2                rt_memmove
 .text.rt_strncpy
                0x1000c640       0x60 build\kernel\src\kservice.o
                0x1000c640                rt_strncpy
 .text.rt_strncmp
                0x1000c6a0       0x48 build\kernel\src\kservice.o
                0x1000c6a0                rt_strncmp
 .text.rt_show_version
                0x1000c6e8       0x50 build\kernel\src\kservice.o
                0x1000c6e8                rt_show_version
 .text.divide   0x1000c738       0x56 build\kernel\src\kservice.o
 .text.skip_atoi
                0x1000c78e       0x3e build\kernel\src\kservice.o
 .text.print_number
                0x1000c7cc      0x1d4 build\kernel\src\kservice.o
 .text.rt_vsnprintf
                0x1000c9a0      0x47c build\kernel\src\kservice.o
                0x1000c9a0                rt_vsnprintf
 .text.rt_vsprintf
                0x1000ce1c       0x26 build\kernel\src\kservice.o
                0x1000ce1c                rt_vsprintf
 .text.rt_sprintf
                0x1000ce42       0x30 build\kernel\src\kservice.o
                0x1000ce42                rt_sprintf
 *fill*         0x1000ce72        0x2 
 .text.rt_console_get_device
                0x1000ce74       0x14 build\kernel\src\kservice.o
                0x1000ce74                rt_console_get_device
 .text.rt_console_set_device
                0x1000ce88       0x5c build\kernel\src\kservice.o
                0x1000ce88                rt_console_set_device
 .text.rt_hw_console_output
                0x1000cee4       0x10 build\kernel\src\kservice.o
                0x1000cee4                rt_hw_console_output
 .text.rt_kprintf
                0x1000cef4       0x60 build\kernel\src\kservice.o
                0x1000cef4                rt_kprintf
 .text.__rt_ffs
                0x1000cf54       0x74 build\kernel\src\kservice.o
                0x1000cf54                __rt_ffs
 .text.rt_assert_handler
                0x1000cfc8       0x54 build\kernel\src\kservice.o
                0x1000cfc8                rt_assert_handler
 .text.rt_tick_get
                0x1000d01c       0x14 build\kernel\src\clock.o
                0x1000d01c                rt_tick_get
 .text.rt_tick_increase
                0x1000d030       0x74 build\kernel\src\clock.o
                0x1000d030                rt_tick_increase
 .text.rt_tick_from_millisecond
                0x1000d0a4       0x68 build\kernel\src\clock.o
                0x1000d0a4                rt_tick_from_millisecond
 .text.rt_tick_get_millisecond
                0x1000d10c       0x18 build\kernel\src\clock.o
                0x1000d10c                rt_tick_get_millisecond
 .text.plug_holes
                0x1000d124      0x10c build\kernel\src\mem.o
 .text.rt_system_heap_init
                0x1000d230      0x120 build\kernel\src\mem.o
                0x1000d230                rt_system_heap_init
 .text.rt_malloc
                0x1000d350      0x2b4 build\kernel\src\mem.o
                0x1000d350                rt_malloc
 .text.rt_realloc
                0x1000d604      0x1cc build\kernel\src\mem.o
                0x1000d604                rt_realloc
 .text.rt_calloc
                0x1000d7d0       0x3a build\kernel\src\mem.o
                0x1000d7d0                rt_calloc
 *fill*         0x1000d80a        0x2 
 .text.rt_free  0x1000d80c      0x1ac build\kernel\src\mem.o
                0x1000d80c                rt_free
 .text.list_mem
                0x1000d9b8       0x4c build\kernel\src\mem.o
                0x1000d9b8                list_mem
 .text.rt_list_init
                0x1000da04       0x1e build\kernel\src\thread.o
 .text.rt_list_remove
                0x1000da22       0x32 build\kernel\src\thread.o
 .text._thread_cleanup_execute
                0x1000da54       0x2e build\kernel\src\thread.o
 .text._thread_exit
                0x1000da82       0x68 build\kernel\src\thread.o
 *fill*         0x1000daea        0x2 
 .text._thread_init
                0x1000daec      0x104 build\kernel\src\thread.o
 .text.rt_thread_init
                0x1000dbf0       0x7c build\kernel\src\thread.o
                0x1000dbf0                rt_thread_init
 .text.rt_thread_self
                0x1000dc6c       0x14 build\kernel\src\thread.o
                0x1000dc6c                rt_thread_self
 .text.rt_thread_startup
                0x1000dc80       0xac build\kernel\src\thread.o
                0x1000dc80                rt_thread_startup
 .text.rt_thread_detach
                0x1000dd2c       0xe4 build\kernel\src\thread.o
                0x1000dd2c                rt_thread_detach
 .text.rt_thread_create
                0x1000de10       0x70 build\kernel\src\thread.o
                0x1000de10                rt_thread_create
 .text.rt_thread_delete
                0x1000de80       0xcc build\kernel\src\thread.o
                0x1000de80                rt_thread_delete
 .text.rt_thread_sleep
                0x1000df4c       0x98 build\kernel\src\thread.o
                0x1000df4c                rt_thread_sleep
 .text.rt_thread_delay
                0x1000dfe4       0x1a build\kernel\src\thread.o
                0x1000dfe4                rt_thread_delay
 .text.rt_thread_mdelay
                0x1000dffe       0x26 build\kernel\src\thread.o
                0x1000dffe                rt_thread_mdelay
 .text.rt_thread_control
                0x1000e024      0x10c build\kernel\src\thread.o
                0x1000e024                rt_thread_control
 .text.rt_thread_suspend
                0x1000e130       0xe4 build\kernel\src\thread.o
                0x1000e130                rt_thread_suspend
 .text.rt_thread_resume
                0x1000e214       0xa8 build\kernel\src\thread.o
                0x1000e214                rt_thread_resume
 .text.rt_thread_timeout
                0x1000e2bc       0xa0 build\kernel\src\thread.o
                0x1000e2bc                rt_thread_timeout
 .text.rt_list_insert_after
                0x1000e35c       0x2e build\kernel\src\object.o
 .text.rt_list_remove
                0x1000e38a       0x32 build\kernel\src\object.o
 .text.rt_object_get_information
                0x1000e3bc       0x48 build\kernel\src\object.o
                0x1000e3bc                rt_object_get_information
 .text.rt_object_init
                0x1000e404       0xe0 build\kernel\src\object.o
                0x1000e404                rt_object_init
 .text.rt_object_detach
                0x1000e4e4       0x60 build\kernel\src\object.o
                0x1000e4e4                rt_object_detach
 .text.rt_object_allocate
                0x1000e544       0xf4 build\kernel\src\object.o
                0x1000e544                rt_object_allocate
 .text.rt_object_delete
                0x1000e638       0x84 build\kernel\src\object.o
                0x1000e638                rt_object_delete
 .text.rt_object_is_systemobject
                0x1000e6bc       0x3c build\kernel\src\object.o
                0x1000e6bc                rt_object_is_systemobject
 .text.rt_object_get_type
                0x1000e6f8       0x38 build\kernel\src\object.o
                0x1000e6f8                rt_object_get_type
 .text.rt_object_find
                0x1000e730       0xc0 build\kernel\src\object.o
                0x1000e730                rt_object_find
 .text.rt_list_init
                0x1000e7f0       0x1e build\kernel\src\timer.o
 .text.rt_list_insert_after
                0x1000e80e       0x2e build\kernel\src\timer.o
 .text.rt_list_remove
                0x1000e83c       0x32 build\kernel\src\timer.o
 .text.rt_list_isempty
                0x1000e86e       0x1e build\kernel\src\timer.o
 .text._timer_init
                0x1000e88c       0x6a build\kernel\src\timer.o
 .text._timer_remove
                0x1000e8f6       0x34 build\kernel\src\timer.o
 *fill*         0x1000e92a        0x2 
 .text.rt_timer_init
                0x1000e92c       0x54 build\kernel\src\timer.o
                0x1000e92c                rt_timer_init
 .text.rt_timer_detach
                0x1000e980       0x98 build\kernel\src\timer.o
                0x1000e980                rt_timer_detach
 .text.rt_timer_start
                0x1000ea18      0x210 build\kernel\src\timer.o
                0x1000ea18                rt_timer_start
 .text.rt_timer_stop
                0x1000ec28       0x9c build\kernel\src\timer.o
                0x1000ec28                rt_timer_stop
 .text.rt_timer_control
                0x1000ecc4       0xcc build\kernel\src\timer.o
                0x1000ecc4                rt_timer_control
 .text.rt_timer_check
                0x1000ed90      0x114 build\kernel\src\timer.o
                0x1000ed90                rt_timer_check
 .text.rt_system_timer_init
                0x1000eea4       0x34 build\kernel\src\timer.o
                0x1000eea4                rt_system_timer_init
 .text.rt_system_timer_thread_init
                0x1000eed8        0xa build\kernel\src\timer.o
                0x1000eed8                rt_system_timer_thread_init
 .text.rt_list_init
                0x1000eee2       0x1e build\kernel\src\scheduler.o
 .text.rt_list_insert_before
                0x1000ef00       0x2e build\kernel\src\scheduler.o
 .text.rt_list_remove
                0x1000ef2e       0x32 build\kernel\src\scheduler.o
 .text.rt_list_isempty
                0x1000ef60       0x1e build\kernel\src\scheduler.o
 *fill*         0x1000ef7e        0x2 
 .text._rt_scheduler_stack_check
                0x1000ef80       0x9c build\kernel\src\scheduler.o
 .text._scheduler_get_highest_priority_thread
                0x1000f01c       0x38 build\kernel\src\scheduler.o
 .text.rt_system_scheduler_init
                0x1000f054       0x38 build\kernel\src\scheduler.o
                0x1000f054                rt_system_scheduler_init
 .text.rt_system_scheduler_start
                0x1000f08c       0x38 build\kernel\src\scheduler.o
                0x1000f08c                rt_system_scheduler_start
 .text.rt_schedule
                0x1000f0c4      0x1b0 build\kernel\src\scheduler.o
                0x1000f0c4                rt_schedule
 .text.rt_schedule_insert_thread
                0x1000f274       0xb0 build\kernel\src\scheduler.o
                0x1000f274                rt_schedule_insert_thread
 .text.rt_schedule_remove_thread
                0x1000f324       0x70 build\kernel\src\scheduler.o
                0x1000f324                rt_schedule_remove_thread
 .text.rt_enter_critical
                0x1000f394       0x2c build\kernel\src\scheduler.o
                0x1000f394                rt_enter_critical
 .text.rt_exit_critical
                0x1000f3c0       0x54 build\kernel\src\scheduler.o
                0x1000f3c0                rt_exit_critical
 .text.rt_list_insert_after
                0x1000f414       0x2e build\kernel\src\idle.o
 .text.rt_list_remove
                0x1000f442       0x32 build\kernel\src\idle.o
 .text.rt_thread_defunct_enqueue
                0x1000f474       0x24 build\kernel\src\idle.o
                0x1000f474                rt_thread_defunct_enqueue
 .text.rt_thread_defunct_dequeue
                0x1000f498       0x38 build\kernel\src\idle.o
                0x1000f498                rt_thread_defunct_dequeue
 .text.rt_defunct_execute
                0x1000f4d0       0xcc build\kernel\src\idle.o
 .text.rt_thread_idle_entry
                0x1000f59c       0x38 build\kernel\src\idle.o
 .text.rt_thread_idle_init
                0x1000f5d4       0x78 build\kernel\src\idle.o
                0x1000f5d4                rt_thread_idle_init
 .text.rt_interrupt_enter
                0x1000f64c       0x44 build\kernel\src\irq.o
                0x1000f64c                rt_interrupt_enter
 .text.rt_interrupt_leave
                0x1000f690       0x44 build\kernel\src\irq.o
                0x1000f690                rt_interrupt_leave
 .text.rt_interrupt_get_nest
                0x1000f6d4       0x30 build\kernel\src\irq.o
                0x1000f6d4                rt_interrupt_get_nest
 .text.rt_hw_stack_init
                0x1000f704       0x84 build\kernel\libcpu\arm\cortex-m0\cpuport.o
                0x1000f704                rt_hw_stack_init
 .text.rt_hw_hard_fault_exception
                0x1000f788       0xb8 build\kernel\libcpu\arm\cortex-m0\cpuport.o
                0x1000f788                rt_hw_hard_fault_exception
 .text          0x1000f840       0xe4 build\kernel\libcpu\arm\cortex-m0\context_gcc.o
                0x1000f840                rt_hw_interrupt_disable
                0x1000f848                rt_hw_interrupt_enable
                0x1000f84e                rt_hw_context_switch_interrupt
                0x1000f84e                rt_hw_context_switch
                0x1000f86a                PendSV_Handler
                0x1000f8be                rt_hw_context_switch_to
                0x1000f8ee                rt_hw_interrupt_thread_switch
                0x1000f8f2                HardFault_Handler
                0x1000f8fe                rt_hw_interrupt_check
 .text.rt_i2c_bus_device_find
                0x1000f924       0x60 build\kernel\components\drivers\i2c\i2c_core.o
                0x1000f924                rt_i2c_bus_device_find
 .text.rt_i2c_transfer
                0x1000f984       0x78 build\kernel\components\drivers\i2c\i2c_core.o
                0x1000f984                rt_i2c_transfer
 .text.rt_i2c_core_init
                0x1000f9fc        0xc build\kernel\components\drivers\i2c\i2c_core.o
                0x1000f9fc                rt_i2c_core_init
 .text._pin_read
                0x1000fa08       0x64 build\kernel\components\drivers\misc\pin.o
 .text._pin_write
                0x1000fa6c       0x60 build\kernel\components\drivers\misc\pin.o
 .text._pin_control
                0x1000facc       0x58 build\kernel\components\drivers\misc\pin.o
 .text.rt_device_pin_register
                0x1000fb24       0x74 build\kernel\components\drivers\misc\pin.o
                0x1000fb24                rt_device_pin_register
 .text.rt_pin_mode
                0x1000fb98       0x40 build\kernel\components\drivers\misc\pin.o
                0x1000fb98                rt_pin_mode
 .text._serial_poll_rx
                0x1000fbd8       0x84 build\kernel\components\drivers\serial\serial.o
 .text._serial_poll_tx
                0x1000fc5c       0x80 build\kernel\components\drivers\serial\serial.o
 .text._serial_int_rx
                0x1000fcdc       0xe4 build\kernel\components\drivers\serial\serial.o
 .text._serial_int_tx
                0x1000fdc0       0xcc build\kernel\components\drivers\serial\serial.o
 .text._serial_check_buffer_size
                0x1000fe8c       0x40 build\kernel\components\drivers\serial\serial.o
 .text._serial_fifo_calc_recved_len
                0x1000fecc       0x8c build\kernel\components\drivers\serial\serial.o
 .text.rt_dma_calc_recved_len
                0x1000ff58       0x1a build\kernel\components\drivers\serial\serial.o
 *fill*         0x1000ff72        0x2 
 .text.rt_dma_recv_update_get_index
                0x1000ff74       0xac build\kernel\components\drivers\serial\serial.o
 .text.rt_dma_recv_update_put_index
                0x10010020       0xfc build\kernel\components\drivers\serial\serial.o
 .text._serial_dma_rx
                0x1001011c      0x1b4 build\kernel\components\drivers\serial\serial.o
 .text._serial_dma_tx
                0x100102d0       0x7a build\kernel\components\drivers\serial\serial.o
 *fill*         0x1001034a        0x2 
 .text.rt_serial_init
                0x1001034c       0x64 build\kernel\components\drivers\serial\serial.o
 .text.rt_serial_open
                0x100103b0      0x3cc build\kernel\components\drivers\serial\serial.o
 .text.rt_serial_close
                0x1001077c      0x214 build\kernel\components\drivers\serial\serial.o
 .text.rt_serial_read
                0x10010990       0x8c build\kernel\components\drivers\serial\serial.o
 .text.rt_serial_write
                0x10010a1c       0x8c build\kernel\components\drivers\serial\serial.o
 .text.rt_serial_control
                0x10010aa8       0xd4 build\kernel\components\drivers\serial\serial.o
 .text.rt_hw_serial_register
                0x10010b7c       0xa0 build\kernel\components\drivers\serial\serial.o
                0x10010b7c                rt_hw_serial_register
 .text.rt_hw_serial_isr
                0x10010c1c      0x27c build\kernel\components\drivers\serial\serial.o
                0x10010c1c                rt_hw_serial_isr
 .text.rt_list_init
                0x10010e98       0x1e build\kernel\components\drivers\src\dataqueue.o
 .text.rt_list_insert_before
                0x10010eb6       0x2e build\kernel\components\drivers\src\dataqueue.o
 .text.rt_list_isempty
                0x10010ee4       0x1e build\kernel\components\drivers\src\dataqueue.o
 *fill*         0x10010f02        0x2 
 .text.rt_data_queue_init
                0x10010f04       0xe0 build\kernel\components\drivers\src\dataqueue.o
                0x10010f04                rt_data_queue_init
 .text.rt_data_queue_push
                0x10010fe4      0x210 build\kernel\components\drivers\src\dataqueue.o
                0x10010fe4                rt_data_queue_push
 .text.rt_data_queue_pop
                0x100111f4      0x274 build\kernel\components\drivers\src\dataqueue.o
                0x100111f4                rt_data_queue_pop
 .text.rt_data_queue_peek
                0x10011468       0xa8 build\kernel\components\drivers\src\dataqueue.o
                0x10011468                rt_data_queue_peek
 .text.rt_data_queue_reset
                0x10011510      0x104 build\kernel\components\drivers\src\dataqueue.o
                0x10011510                rt_data_queue_reset
 .text.rt_data_queue_deinit
                0x10011614       0x78 build\kernel\components\drivers\src\dataqueue.o
                0x10011614                rt_data_queue_deinit
 .text.rt_data_queue_len
                0x1001168c       0xd8 build\kernel\components\drivers\src\dataqueue.o
                0x1001168c                rt_data_queue_len
 .text.rt_list_init
                0x10011764       0x1e build\kernel\components\drivers\src\completion.o
 .text.rt_list_insert_before
                0x10011782       0x2e build\kernel\components\drivers\src\completion.o
 .text.rt_list_isempty
                0x100117b0       0x1e build\kernel\components\drivers\src\completion.o
 *fill*         0x100117ce        0x2 
 .text.rt_completion_init
                0x100117d0       0x4c build\kernel\components\drivers\src\completion.o
                0x100117d0                rt_completion_init
 .text.rt_completion_wait
                0x1001181c      0x114 build\kernel\components\drivers\src\completion.o
                0x1001181c                rt_completion_wait
 .text.rt_completion_done
                0x10011930       0x78 build\kernel\components\drivers\src\completion.o
                0x10011930                rt_completion_done
 .text.finsh_get_prompt
                0x100119a8       0x80 build\kernel\components\finsh\shell.o
                0x100119a8                finsh_get_prompt
 .text.finsh_set_prompt_mode
                0x10011a28       0x54 build\kernel\components\finsh\shell.o
                0x10011a28                finsh_set_prompt_mode
 .text.finsh_getchar
                0x10011a7c       0x78 build\kernel\components\finsh\shell.o
                0x10011a7c                finsh_getchar
 .text.finsh_rx_ind
                0x10011af4       0x40 build\kernel\components\finsh\shell.o
 .text.finsh_set_device
                0x10011b34       0xfc build\kernel\components\finsh\shell.o
                0x10011b34                finsh_set_device
 .text.shell_auto_complete
                0x10011c30       0x38 build\kernel\components\finsh\shell.o
 .text.shell_handle_history
                0x10011c68       0x38 build\kernel\components\finsh\shell.o
 .text.shell_push_history
                0x10011ca0      0x166 build\kernel\components\finsh\shell.o
 *fill*         0x10011e06        0x2 
 .text.finsh_thread_entry
                0x10011e08      0x648 build\kernel\components\finsh\shell.o
                0x10011e08                finsh_thread_entry
 .text.finsh_system_function_init
                0x10012450       0x28 build\kernel\components\finsh\shell.o
                0x10012450                finsh_system_function_init
 .text.finsh_system_init
                0x10012478       0xac build\kernel\components\finsh\shell.o
                0x10012478                finsh_system_init
 .text.msh_help
                0x10012524       0x60 build\kernel\components\finsh\msh.o
                0x10012524                msh_help
 .text.cmd_ps   0x10012584       0x18 build\kernel\components\finsh\msh.o
                0x10012584                cmd_ps
 .text.cmd_free
                0x1001259c       0x18 build\kernel\components\finsh\msh.o
                0x1001259c                cmd_free
 .text.msh_split
                0x100125b4      0x178 build\kernel\components\finsh\msh.o
 .text.msh_get_cmd
                0x1001272c       0x60 build\kernel\components\finsh\msh.o
 .text._msh_exec_cmd
                0x1001278c       0xdc build\kernel\components\finsh\msh.o
 .text.msh_exec
                0x10012868       0x8c build\kernel\components\finsh\msh.o
                0x10012868                msh_exec
 .text.str_common
                0x100128f4       0x46 build\kernel\components\finsh\msh.o
 *fill*         0x1001293a        0x2 
 .text.msh_auto_complete
                0x1001293c       0xc0 build\kernel\components\finsh\msh.o
                0x1001293c                msh_auto_complete
 .text.rt_list_isempty
                0x100129fc       0x1e build\kernel\components\finsh\cmd.o
 .text.rt_list_len
                0x10012a1a       0x32 build\kernel\components\finsh\cmd.o
 .text.hello    0x10012a4c       0x18 build\kernel\components\finsh\cmd.o
                0x10012a4c                hello
 .text.clear    0x10012a64       0x18 build\kernel\components\finsh\cmd.o
 .text.version  0x10012a7c       0x10 build\kernel\components\finsh\cmd.o
                0x10012a7c                version
 .text.object_split
                0x10012a8c       0x28 build\kernel\components\finsh\cmd.o
 .text.list_find_init
                0x10012ab4       0x50 build\kernel\components\finsh\cmd.o
 .text.list_get_next
                0x10012b04       0xca build\kernel\components\finsh\cmd.o
 *fill*         0x10012bce        0x2 
 .text.list_thread
                0x10012bd0      0x268 build\kernel\components\finsh\cmd.o
                0x10012bd0                list_thread
 .text.show_wait_queue
                0x10012e38       0x54 build\kernel\components\finsh\cmd.o
 .text.list_sem
                0x10012e8c      0x138 build\kernel\components\finsh\cmd.o
                0x10012e8c                list_sem
 .text.list_event
                0x10012fc4      0x128 build\kernel\components\finsh\cmd.o
                0x10012fc4                list_event
 .text.list_mutex
                0x100130ec       0xf8 build\kernel\components\finsh\cmd.o
                0x100130ec                list_mutex
 .text.list_mailbox
                0x100131e4      0x148 build\kernel\components\finsh\cmd.o
                0x100131e4                list_mailbox
 .text.list_msgqueue
                0x1001332c      0x138 build\kernel\components\finsh\cmd.o
                0x1001332c                list_msgqueue
 .text.list_mempool
                0x10013464      0x15c build\kernel\components\finsh\cmd.o
                0x10013464                list_mempool
 .text.list_timer
                0x100135c0      0x140 build\kernel\components\finsh\cmd.o
                0x100135c0                list_timer
 .text.list_device
                0x10013700       0xfc build\kernel\components\finsh\cmd.o
                0x10013700                list_device
 .text.list     0x100137fc       0x6c build\kernel\components\finsh\cmd.o
                0x100137fc                list
 .text.get_timeval
                0x10013868       0x20 build\kernel\components\libc\compilers\common\time.o
 .text.time     0x10013888       0x4a build\kernel\components\libc\compilers\common\time.o
                0x10013888                time
 .text._malloc_r
                0x100138d2       0x2c build\kernel\components\libc\compilers\gcc\newlib\syscalls.o
                0x100138d2                _malloc_r
 .text._realloc_r
                0x100138fe       0x32 build\kernel\components\libc\compilers\gcc\newlib\syscalls.o
                0x100138fe                _realloc_r
 .text._calloc_r
                0x10013930       0x32 build\kernel\components\libc\compilers\gcc\newlib\syscalls.o
                0x10013930                _calloc_r
 .text._free_r  0x10013962       0x1a build\kernel\components\libc\compilers\gcc\newlib\syscalls.o
                0x10013962                _free_r
 .text.calloc   0x1001397c       0x18 c:/users/nicol/desktop/polito/oses/oses_project/toolchain/bin/../lib/gcc/arm-none-eabi/7.3.1/../../../../arm-none-eabi/lib/thumb/v6-m\libc.a(lib_a-calloc.o)
                0x1001397c                calloc
 .text.exit     0x10013994       0x20 c:/users/nicol/desktop/polito/oses/oses_project/toolchain/bin/../lib/gcc/arm-none-eabi/7.3.1/../../../../arm-none-eabi/lib/thumb/v6-m\libc.a(lib_a-exit.o)
                0x10013994                exit
 .text._fclose_r
                0x100139b4       0xd8 c:/users/nicol/desktop/polito/oses/oses_project/toolchain/bin/../lib/gcc/arm-none-eabi/7.3.1/../../../../arm-none-eabi/lib/thumb/v6-m\libc.a(lib_a-fclose.o)
                0x100139b4                _fclose_r
 .text.fclose   0x10013a8c       0x14 c:/users/nicol/desktop/polito/oses/oses_project/toolchain/bin/../lib/gcc/arm-none-eabi/7.3.1/../../../../arm-none-eabi/lib/thumb/v6-m\libc.a(lib_a-fclose.o)
                0x10013a8c                fclose
 .text.__sflush_r
                0x10013aa0      0x150 c:/users/nicol/desktop/polito/oses/oses_project/toolchain/bin/../lib/gcc/arm-none-eabi/7.3.1/../../../../arm-none-eabi/lib/thumb/v6-m\libc.a(lib_a-fflush.o)
                0x10013aa0                __sflush_r
 .text._fflush_r
                0x10013bf0       0x54 c:/users/nicol/desktop/polito/oses/oses_project/toolchain/bin/../lib/gcc/arm-none-eabi/7.3.1/../../../../arm-none-eabi/lib/thumb/v6-m\libc.a(lib_a-fflush.o)
                0x10013bf0                _fflush_r
 .text.fflush   0x10013c44       0x28 c:/users/nicol/desktop/polito/oses/oses_project/toolchain/bin/../lib/gcc/arm-none-eabi/7.3.1/../../../../arm-none-eabi/lib/thumb/v6-m\libc.a(lib_a-fflush.o)
                0x10013c44                fflush
 .text.std      0x10013c6c       0x50 c:/users/nicol/desktop/polito/oses/oses_project/toolchain/bin/../lib/gcc/arm-none-eabi/7.3.1/../../../../arm-none-eabi/lib/thumb/v6-m\libc.a(lib_a-findfp.o)
 .text._cleanup_r
                0x10013cbc       0x10 c:/users/nicol/desktop/polito/oses/oses_project/toolchain/bin/../lib/gcc/arm-none-eabi/7.3.1/../../../../arm-none-eabi/lib/thumb/v6-m\libc.a(lib_a-findfp.o)
                0x10013cbc                _cleanup_r
 .text.__sfmoreglue