Archive member included to satisfy reference by file (symbol)

c:/users/nicol/desktop/polito/oses/oses_project/toolchain/bin/../lib/gcc/arm-none-eabi/7.3.1/thumb/v6-m\libgcc.a(_dvmd_tls.o)
                              build\libraries\pico-sdk\src\rp2_common\pico_divider\divider.o (__aeabi_idiv0)
c:/users/nicol/desktop/polito/oses/oses_project/toolchain/bin/../lib/gcc/arm-none-eabi/7.3.1/../../../../arm-none-eabi/lib/thumb/v6-m\libc.a(lib_a-calloc.o)
                              build\libraries\pico-sdk\src\rp2_common\pico_malloc\pico_malloc.o (calloc)
c:/users/nicol/desktop/polito/oses/oses_project/toolchain/bin/../lib/gcc/arm-none-eabi/7.3.1/../../../../arm-none-eabi/lib/thumb/v6-m\libc.a(lib_a-exit.o)
                              c:/users/nicol/desktop/polito/oses/oses_project/toolchain/bin/../lib/gcc/arm-none-eabi/7.3.1/../../../../arm-none-eabi/lib/thumb/v6-m/crt0.o (exit)
c:/users/nicol/desktop/polito/oses/oses_project/toolchain/bin/../lib/gcc/arm-none-eabi/7.3.1/../../../../arm-none-eabi/lib/thumb/v6-m\libc.a(lib_a-impure.o)
                              c:/users/nicol/desktop/polito/oses/oses_project/toolchain/bin/../lib/gcc/arm-none-eabi/7.3.1/../../../../arm-none-eabi/lib/thumb/v6-m\libc.a(lib_a-exit.o) (_global_impure_ptr)
c:/users/nicol/desktop/polito/oses/oses_project/toolchain/bin/../lib/gcc/arm-none-eabi/7.3.1/../../../../arm-none-eabi/lib/thumb/v6-m\libc.a(lib_a-malloc.o)
                              build\libraries\pico-sdk\src\rp2_common\pico_malloc\pico_malloc.o (malloc)
c:/users/nicol/desktop/polito/oses/oses_project/toolchain/bin/../lib/gcc/arm-none-eabi/7.3.1/../../../../arm-none-eabi/lib/thumb/v6-m\libc.a(lib_a-memcmp.o)
                              build\kernel\components\finsh\shell.o (memcmp)
c:/users/nicol/desktop/polito/oses/oses_project/toolchain/bin/../lib/gcc/arm-none-eabi/7.3.1/../../../../arm-none-eabi/lib/thumb/v6-m\libc.a(lib_a-strcpy.o)
                              build\kernel\components\finsh\shell.o (strcpy)
c:/users/nicol/desktop/polito/oses/oses_project/toolchain/bin/../lib/gcc/arm-none-eabi/7.3.1/../../../../arm-none-eabi/lib/thumb/v6-m\libc.a(lib_a-strlen-stub.o)
                              build\libraries\pico-sdk\src\rp2_common\pico_stdio\stdio.o (strlen)
c:/users/nicol/desktop/polito/oses/oses_project/toolchain/bin/../lib/gcc/arm-none-eabi/7.3.1/../../../../arm-none-eabi/lib/thumb/v6-m\libc.a(lib_a-strncmp.o)
                              build\kernel\components\finsh\msh.o (strncmp)
c:/users/nicol/desktop/polito/oses/oses_project/toolchain/bin/../lib/gcc/arm-none-eabi/7.3.1/../../../../arm-none-eabi/lib/thumb/v6-m\libc.a(lib_a-strncpy.o)
                              build\kernel\components\finsh\shell.o (strncpy)
c:/users/nicol/desktop/polito/oses/oses_project/toolchain/bin/../lib/gcc/arm-none-eabi/7.3.1/../../../../arm-none-eabi/lib/thumb/v6-m\libc.a(lib_a-__call_atexit.o)
                              c:/users/nicol/desktop/polito/oses/oses_project/toolchain/bin/../lib/gcc/arm-none-eabi/7.3.1/../../../../arm-none-eabi/lib/thumb/v6-m\libc.a(lib_a-exit.o) (__call_exitprocs)
c:/users/nicol/desktop/polito/oses/oses_project/toolchain/bin/../lib/gcc/arm-none-eabi/7.3.1/../../../../arm-none-eabi/lib/thumb/v6-m\libc.a(lib_a-atexit.o)
                              c:/users/nicol/desktop/polito/oses/oses_project/toolchain/bin/../lib/gcc/arm-none-eabi/7.3.1/../../../../arm-none-eabi/lib/thumb/v6-m\libc.a(lib_a-__call_atexit.o) (atexit)
c:/users/nicol/desktop/polito/oses/oses_project/toolchain/bin/../lib/gcc/arm-none-eabi/7.3.1/../../../../arm-none-eabi/lib/thumb/v6-m\libc.a(lib_a-fini.o)
                              c:/users/nicol/desktop/polito/oses/oses_project/toolchain/bin/../lib/gcc/arm-none-eabi/7.3.1/../../../../arm-none-eabi/lib/thumb/v6-m\libc.a(lib_a-__call_atexit.o) (__libc_fini_array)
c:/users/nicol/desktop/polito/oses/oses_project/toolchain/bin/../lib/gcc/arm-none-eabi/7.3.1/../../../../arm-none-eabi/lib/thumb/v6-m\libc.a(lib_a-lock.o)
                              c:/users/nicol/desktop/polito/oses/oses_project/toolchain/bin/../lib/gcc/arm-none-eabi/7.3.1/../../../../arm-none-eabi/lib/thumb/v6-m\libc.a(lib_a-__call_atexit.o) (__retarget_lock_acquire_recursive)
c:/users/nicol/desktop/polito/oses/oses_project/toolchain/bin/../lib/gcc/arm-none-eabi/7.3.1/../../../../arm-none-eabi/lib/thumb/v6-m\libc.a(lib_a-__atexit.o)
                              c:/users/nicol/desktop/polito/oses/oses_project/toolchain/bin/../lib/gcc/arm-none-eabi/7.3.1/../../../../arm-none-eabi/lib/thumb/v6-m\libc.a(lib_a-atexit.o) (__register_exitproc)

Allocating common symbols
Common symbol       size              file

__lock___atexit_recursive_mutex
                    0x1               c:/users/nicol/desktop/polito/oses/oses_project/toolchain/bin/../lib/gcc/arm-none-eabi/7.3.1/../../../../arm-none-eabi/lib/thumb/v6-m\libc.a(lib_a-lock.o)
rt_interrupt_to_thread
                    0x4               build\kernel\libcpu\arm\cortex-m0\cpuport.o
[...]
Memory Configuration

Name             Origin             Length             Attributes
FLASH            0x10000000         0x00200000         xr
RAM              0x20000000         0x00040000         xrw
SCRATCH_X        0x20040000         0x00001000         xrw
SCRATCH_Y        0x20041000         0x00001000         xrw
*default*        0x00000000         0xffffffff

Linker script and memory map

LOAD c:/users/nicol/desktop/polito/oses/oses_project/toolchain/bin/../lib/gcc/arm-none-eabi/7.3.1/thumb/v6-m/crti.o
LOAD c:/users/nicol/desktop/polito/oses/oses_project/toolchain/bin/../lib/gcc/arm-none-eabi/7.3.1/thumb/v6-m/crtbegin.o
LOAD c:/users/nicol/desktop/polito/oses/oses_project/toolchain/bin/../lib/gcc/arm-none-eabi/7.3.1/../../../../arm-none-eabi/lib/thumb/v6-m/crt0.o
LOAD build\applications\main.o
LOAD build\drivers\drv_uart.o
LOAD build\drivers\drv_gpio.o
LOAD build\drivers\board.o
LOAD build\libraries\pico-sdk\src\rp2_common\pico_float\float_v1_rom_shim.o
LOAD build\libraries\pico-sdk\src\rp2_common\pico_double\double_v1_rom_shim.o
LOAD build\libraries\pico-sdk\src\common\pico_time\timeout_helper.o
LOAD build\libraries\pico-sdk\src\rp2_common\hardware_divider\divider.o
LOAD build\libraries\pico-sdk\src\rp2_common\pico_printf\printf.o
LOAD build\libraries\pico-sdk\src\common\pico_util\datetime.o
LOAD build\libraries\pico-sdk\src\rp2_common\pico_standard_link\new_delete.o
LOAD build\libraries\pico-sdk\src\rp2_common\hardware_clocks\clocks.o
LOAD build\libraries\pico-sdk\src\rp2_common\hardware_gpio\gpio.o
LOAD build\libraries\pico-sdk\src\rp2_common\pico_divider\divider.o
LOAD build\libraries\pico-sdk\src\rp2_common\pico_float\float_math.o
LOAD build\libraries\pico-sdk\src\rp2_common\hardware_irq\irq.o
LOAD build\libraries\pico-sdk\src\rp2_common\pico_float\float_aeabi.o
LOAD build\libraries\pico-sdk\src\common\pico_sync\sem.o
LOAD build\libraries\pico-sdk\src\rp2_common\pico_double\double_init_rom.o
LOAD build\libraries\pico-sdk\src\rp2_common\hardware_timer\timer.o
LOAD build\libraries\pico-sdk\src\rp2_common\hardware_watchdog\watchdog.o
LOAD build\libraries\pico-sdk\src\rp2_common\hardware_irq\irq_handler_chain.o
LOAD build\libraries\pico-sdk\src\rp2_common\pico_float\float_init_rom.o
LOAD build\libraries\pico-sdk\src\rp2_common\hardware_sync\sync.o
LOAD build\libraries\pico-sdk\src\rp2_common\pico_double\double_math.o
LOAD build\libraries\pico-sdk\src\rp2_common\hardware_uart\uart.o
LOAD build\libraries\pico-sdk\src\rp2_common\pico_int64_ops\pico_int64_ops_aeabi.o
LOAD build\libraries\pico-sdk\src\rp2_common\pico_bootrom\bootrom.o
LOAD build\libraries\pico-sdk\src\common\pico_time\time.o
LOAD build\libraries\pico-sdk\src\common\pico_util\pheap.o
LOAD build\libraries\pico-sdk\src\rp2_common\hardware_claim\claim.o
LOAD build\libraries\pico-sdk\src\rp2_common\hardware_xosc\xosc.o
LOAD build\libraries\pico-sdk\src\rp2_common\pico_standard_link\binary_info.o
LOAD build\libraries\pico-sdk\src\common\pico_sync\critical_section.o
LOAD build\libraries\pico-sdk\src\rp2_common\hardware_pll\pll.o
LOAD build\libraries\pico-sdk\src\rp2_common\pico_runtime\runtime.o
LOAD build\libraries\pico-sdk\src\common\pico_util\queue.o
LOAD build\libraries\pico-sdk\src\common\pico_sync\mutex.o
LOAD build\libraries\pico-sdk\src\rp2_common\pico_bit_ops\bit_ops_aeabi.o
LOAD build\libraries\generated\bs2_default_padded_checksummed.o
LOAD build\libraries\pico-sdk\src\rp2_common\pico_standard_link\crt0.o
LOAD build\libraries\pico-sdk\src\rp2_common\pico_malloc\pico_malloc.o
LOAD build\libraries\pico-sdk\src\rp2_common\pico_stdlib\stdlib.o
LOAD build\libraries\pico-sdk\src\rp2_common\hardware_vreg\vreg.o
LOAD build\libraries\pico-sdk\src\rp2_common\pico_platform\platform.o
LOAD build\libraries\pico-sdk\src\common\pico_sync\lock_core.o
LOAD build\libraries\pico-sdk\src\rp2_common\pico_stdio_uart\stdio_uart.o
LOAD build\libraries\pico-sdk\src\rp2_common\pico_mem_ops\mem_ops_aeabi.o
LOAD build\libraries\pico-sdk\src\rp2_common\pico_double\double_aeabi.o
LOAD build\libraries\pico-sdk\src\rp2_common\pico_stdio\stdio.o
LOAD build\kernel\src\device.o
LOAD build\kernel\src\scheduler.o
LOAD build\kernel\src\idle.o
LOAD build\kernel\src\timer.o
LOAD build\kernel\src\ipc.o
LOAD build\kernel\src\mem.o
LOAD build\kernel\src\clock.o
LOAD build\kernel\src\components.o
LOAD build\kernel\src\thread.o
LOAD build\kernel\src\irq.o
LOAD build\kernel\src\kservice.o
LOAD build\kernel\src\mempool.o
LOAD build\kernel\src\object.o
LOAD build\kernel\libcpu\arm\common\showmem.o
LOAD build\kernel\libcpu\arm\common\div0.o
LOAD build\kernel\libcpu\arm\common\backtrace.o
LOAD build\kernel\libcpu\arm\cortex-m0\cpuport.o
LOAD build\kernel\libcpu\arm\cortex-m0\context_gcc.o
LOAD build\kernel\components\drivers\i2c\i2c_core.o
LOAD build\kernel\components\drivers\i2c\i2c_dev.o
LOAD build\kernel\components\drivers\misc\pin.o
LOAD build\kernel\components\drivers\serial\serial.o
LOAD build\kernel\components\drivers\src\ringbuffer.o
LOAD build\kernel\components\drivers\src\taskserver.o
LOAD build\kernel\components\drivers\src\completion.o
LOAD build\kernel\components\drivers\src\ringblk_buf.o
LOAD build\kernel\components\drivers\src\dataqueue.o
LOAD build\kernel\components\drivers\src\workqueue.o
LOAD build\kernel\components\drivers\src\pipe.o
LOAD build\kernel\components\drivers\src\waitqueue.o
LOAD build\kernel\components\finsh\shell.o
LOAD build\kernel\components\finsh\msh.o
LOAD build\kernel\components\finsh\cmd.o
LOAD build\kernel\components\libc\compilers\common\time.o
LOAD build\kernel\components\libc\compilers\gcc\newlib\syscalls.o
LOAD c:/users/nicol/desktop/polito/oses/oses_project/toolchain/bin/../lib/gcc/arm-none-eabi/7.3.1/../../../../arm-none-eabi/lib/thumb/v6-m\libm.a
START GROUP
LOAD c:/users/nicol/desktop/polito/oses/oses_project/toolchain/bin/../lib/gcc/arm-none-eabi/7.3.1/thumb/v6-m\libgcc.a
LOAD c:/users/nicol/desktop/polito/oses/oses_project/toolchain/bin/../lib/gcc/arm-none-eabi/7.3.1/../../../../arm-none-eabi/lib/thumb/v6-m\libc.a
END GROUP
START GROUP
LOAD c:/users/nicol/desktop/polito/oses/oses_project/toolchain/bin/../lib/gcc/arm-none-eabi/7.3.1/thumb/v6-m\libgcc.a
LOAD c:/users/nicol/desktop/polito/oses/oses_project/toolchain/bin/../lib/gcc/arm-none-eabi/7.3.1/../../../../arm-none-eabi/lib/thumb/v6-m\libc.a
LOAD c:/users/nicol/desktop/polito/oses/oses_project/toolchain/bin/../lib/gcc/arm-none-eabi/7.3.1/../../../../arm-none-eabi/lib/thumb/v6-m\libnosys.a
END GROUP
LOAD c:/users/nicol/desktop/polito/oses/oses_project/toolchain/bin/../lib/gcc/arm-none-eabi/7.3.1/thumb/v6-m/crtend.o
LOAD c:/users/nicol/desktop/polito/oses/oses_project/toolchain/bin/../lib/gcc/arm-none-eabi/7.3.1/thumb/v6-m/crtn.o

.flash_begin    0x10000000        0x0
                0x10000000                __flash_binary_start = .

.boot2          0x10000000      0x100
                0x10000000                __boot2_start__ = .
 *(.boot2)
 .boot2         0x10000000      0x100 build\libraries\generated\bs2_default_padded_checksummed.o
                0x10000100                __boot2_end__ = .
                0x00000001                ASSERT (((__boot2_end__ - __boot2_start__) == 0x100), ERROR: Pico second stage bootloader must be 256 bytes in size)

.text           0x10000100     0xf4e8
                0x10000100                __reset_start = .
 *(.reset)
 .reset         0x10000100       0xc4 build\libraries\pico-sdk\src\rp2_common\pico_standard_link\crt0.o
                0x10000104                _entry_point
                0x10000142                _exit
                0x10000196                __get_current_exception
                0x10000200                . = ALIGN (0x100)
 *fill*         0x100001c4       0x3c 
                0x10000200                __reset_end = .
                0x00000001                ASSERT (((__reset_end - __reset_start) == 0x100), ERROR: reset section should only be 256 bytes)
 *(.vectors)
 .vectors       0x10000200       0xd4 build\libraries\pico-sdk\src\rp2_common\pico_standard_link\crt0.o
                0x10000200                __vectors
                0x100002c0                isr_invalid
                0x100002c2                isr_nmi
                0x100002c4                isr_hardfault
                0x100002c6                isr_svcall
                0x100002c8                isr_pendsv
                0x100002cc                isr_irq5
                0x100002cc                isr_irq11
                0x100002cc                isr_irq31
                0x100002cc                isr_irq23
                0x100002cc                isr_irq18
                0x100002cc                isr_irq27
                0x100002cc                isr_irq28
                0x100002cc                isr_irq19
                0x100002cc                isr_irq0
                0x100002cc                isr_irq6
                0x100002cc                isr_irq13
                0x100002cc                isr_irq12
                0x100002cc                isr_irq22
                0x100002cc                __unhandled_user_irq
                0x100002cc                isr_irq17
                0x100002cc                isr_irq14
                0x100002cc                isr_irq2
                0x100002cc                isr_irq10
                0x100002cc                isr_irq8
                0x100002cc                isr_irq24
                0x100002cc                isr_irq1
                0x100002cc                isr_irq7
                0x100002cc                isr_irq21
                0x100002cc                isr_irq20
                0x100002cc                isr_irq15
                0x100002cc                isr_irq25
                0x100002cc                isr_irq30
                0x100002cc                isr_irq4
                0x100002cc                isr_irq16
                0x100002cc                isr_irq29
                0x100002cc                isr_irq26
                0x100002cc                isr_irq3
                0x100002cc                isr_irq9
                0x100002d2                unhandled_user_irq_num_in_r0
 *(.init)
 .init          0x100002d4        0x4 c:/users/nicol/desktop/polito/oses/oses_project/toolchain/bin/../lib/gcc/arm-none-eabi/7.3.1/thumb/v6-m/crti.o
                0x100002d4                _init
 *(EXCLUDE_FILE(*libm.a: *libc.a:*lib_a-mem*.o *libgcc.a:) .text*)
 .text          0x100002d8       0x48 c:/users/nicol/desktop/polito/oses/oses_project/toolchain/bin/../lib/gcc/arm-none-eabi/7.3.1/thumb/v6-m/crtbegin.o
 .text.gpio_pull_up
                0x10000320       0x1c build\applications\main.o
 .text.mpu6050_reset
                0x1000033c       0x60 build\applications\main.o
 .text.mpu6050_read_raw
                0x1000039c      0x200 build\applications\main.o
 .text.main     0x1000059c      0x128 build\applications\main.o
                0x1000059c                main
 .text.tight_loop_contents
                0x100006c4        0xa build\drivers\drv_uart.o
 .text.hw_xor_bits
                0x100006ce       0x1e build\drivers\drv_uart.o
 .text.hw_write_masked
                0x100006ec       0x2a build\drivers\drv_uart.o
 *fill*         0x10000716        0x2 
 .text.uart_get_index
                0x10000718       0x24 build\drivers\drv_uart.o
 .text.uart_get_hw
                0x1000073c       0x1a build\drivers\drv_uart.o
 .text.uart_set_hw_flow
                0x10000756       0x5c build\drivers\drv_uart.o
 .text.uart_set_format
                0x100007b2       0x5e build\drivers\drv_uart.o
 .text.uart_set_irq_enables
                0x10000810       0x8a build\drivers\drv_uart.o
 .text.uart_set_fifo_enabled
                0x1000089a       0x3a build\drivers\drv_uart.o
 .text.uart_is_writable
                0x100008d4       0x26 build\drivers\drv_uart.o
 .text.uart_is_readable
                0x100008fa       0x26 build\drivers\drv_uart.o
 .text.uart_write_blocking
                0x10000920       0x58 build\drivers\drv_uart.o
 .text.uart_putc_raw
                0x10000978       0x22 build\drivers\drv_uart.o
 *fill*         0x1000099a        0x2 
 .text.pico_uart_isr
                0x1000099c       0x30 build\drivers\drv_uart.o
                0x1000099c                pico_uart_isr
 .text.pico_uart_configure
                0x100009cc       0x14 build\drivers\drv_uart.o
 .text.pico_uart_control
                0x100009e0       0x4c build\drivers\drv_uart.o
 .text.pico_uart_putc
                0x10000a2c       0x2c build\drivers\drv_uart.o
 .text.pico_uart_getc
                0x10000a58       0x38 build\drivers\drv_uart.o
 .text.rt_hw_uart_init
                0x10000a90       0xa4 build\drivers\drv_uart.o
                0x10000a90                rt_hw_uart_init
 .text.pico_uart1_isr
                0x10000b34       0x30 build\drivers\drv_uart.o
                0x10000b34                pico_uart1_isr
 .text.pico_uart1_configure
                0x10000b64       0x14 build\drivers\drv_uart.o
 .text.pico_uart1_control
                0x10000b78       0x44 build\drivers\drv_uart.o
 .text.pico_uart1_putc
                0x10000bbc       0x2c build\drivers\drv_uart.o
 .text.pico_uart1_getc
                0x10000be8       0x38 build\drivers\drv_uart.o
 .text.rt_hw_uart1_init
                0x10000c20       0xa4 build\drivers\drv_uart.o
                0x10000c20                rt_hw_uart1_init
 .text.gpio_pull_up
                0x10000cc4       0x1c build\drivers\drv_gpio.o
 .text.gpio_pull_down
                0x10000ce0       0x1c build\drivers\drv_gpio.o
 .text.gpio_disable_pulls
                0x10000cfc       0x1c build\drivers\drv_gpio.o
 .text.gpio_get
                0x10000d18       0x26 build\drivers\drv_gpio.o
 .text.gpio_set_mask
                0x10000d3e       0x18 build\drivers\drv_gpio.o
 .text.gpio_clr_mask
                0x10000d56       0x18 build\drivers\drv_gpio.o
 .text.gpio_put
                0x10000d6e       0x3a build\drivers\drv_gpio.o
 .text.gpio_set_dir_out_masked
                0x10000da8       0x18 build\drivers\drv_gpio.o
 .text.gpio_set_dir_in_masked
                0x10000dc0       0x18 build\drivers\drv_gpio.o
 .text.gpio_set_dir
                0x10000dd8       0x3a build\drivers\drv_gpio.o
 *fill*         0x10000e12        0x2 
 .text.pico_pin_mode
                0x10000e14       0x88 build\drivers\drv_gpio.o
 .text.pico_pin_write
                0x10000e9c       0x48 build\drivers\drv_gpio.o
 .text.pico_pin_read
                0x10000ee4       0x3c build\drivers\drv_gpio.o
 .text.rt_hw_gpio_init
                0x10000f20       0x20 build\drivers\drv_gpio.o
                0x10000f20                rt_hw_gpio_init
 .text.isr_systick
                0x10000f40       0x16 build\drivers\board.o
                0x10000f40                isr_systick
 *fill*         0x10000f56        0x2 
 .text.systick_config
                0x10000f58       0x38 build\drivers\board.o
                0x10000f58                systick_config
 .text.rt_hw_board_init
                0x10000f90       0x7c build\drivers\board.o
                0x10000f90                rt_hw_board_init
 .text.float_table_shim_on_use_helper
                0x1000100c       0x34 build\libraries\pico-sdk\src\rp2_common\pico_float\float_v1_rom_shim.o
                0x1000100c                float_table_shim_on_use_helper
 .text.d2fix_a_float
                0x10001040       0x5c build\libraries\pico-sdk\src\rp2_common\pico_float\float_v1_rom_shim.o
                0x10001040                d2fix_a
 .text.double_table_shim_on_use_helper
                0x1000109c       0x34 build\libraries\pico-sdk\src\rp2_common\pico_double\double_v1_rom_shim.o
                0x1000109c                double_table_shim_on_use_helper
 .text.__wrap___aeabi_dsub
                0x100010d0       0x10 build\libraries\pico-sdk\src\rp2_common\pico_double\double_v1_rom_shim.o
                0x100010d0                drsub_shim
                0x100010d6                dsub_shim
 .text.dadd_shim
                0x100010e0      0x15c build\libraries\pico-sdk\src\rp2_common\pico_double\double_v1_rom_shim.o
                0x100010e0                dadd_shim
 .text.dmul_shim
                0x1000123c      0x15c build\libraries\pico-sdk\src\rp2_common\pico_double\double_v1_rom_shim.o
                0x1000123c                dmul_shim
 .text.ddiv_shim
                0x10001398      0x1b0 build\libraries\pico-sdk\src\rp2_common\pico_double\double_v1_rom_shim.o
                0x10001398                ddiv_shim
 .text.dcordic_rot_step
                0x10001548       0x7c build\libraries\pico-sdk\src\rp2_common\pico_double\double_v1_rom_shim.o
                0x10001548                dcordic_rot_step
 .text.double2uint_shim
                0x100015c4        0xe build\libraries\pico-sdk\src\rp2_common\pico_double\double_v1_rom_shim.o
                0x100015c4                double2uint_shim
                0x100015c6                double2ufix_shim
 *fill*         0x100015d2        0x2 
 .text.double2uint64_shim
                0x100015d4       0x6c build\libraries\pico-sdk\src\rp2_common\pico_double\double_v1_rom_shim.o
                0x100015d4                double2uint64_shim
                0x100015d6                double2ufix64_shim
 .text.dunpacks
                0x10001640       0x3c build\libraries\pico-sdk\src\rp2_common\pico_double\double_v1_rom_shim.o
                0x10001640                dunpacks
 .text._out_null
                0x1000167c       0x1c build\libraries\pico-sdk\src\rp2_common\pico_printf\printf.o
 .text._out_fct
                0x10001698       0x36 build\libraries\pico-sdk\src\rp2_common\pico_printf\printf.o
 .text._strnlen_s
                0x100016ce       0x36 build\libraries\pico-sdk\src\rp2_common\pico_printf\printf.o
 .text._is_digit
                0x10001704       0x32 build\libraries\pico-sdk\src\rp2_common\pico_printf\printf.o
 .text._atoi    0x10001736       0x46 build\libraries\pico-sdk\src\rp2_common\pico_printf\printf.o
 .text._out_rev
                0x1000177c       0x9a build\libraries\pico-sdk\src\rp2_common\pico_printf\printf.o
 .text._ntoa_format
                0x10001816      0x1ac build\libraries\pico-sdk\src\rp2_common\pico_printf\printf.o
 .text._ntoa_long
                0x100019c2       0xd2 build\libraries\pico-sdk\src\rp2_common\pico_printf\printf.o
 .text._ntoa_long_long
                0x10001a94       0xea build\libraries\pico-sdk\src\rp2_common\pico_printf\printf.o
 *fill*         0x10001b7e        0x2 
 .text._ftoa    0x10001b80      0x4ac build\libraries\pico-sdk\src\rp2_common\pico_printf\printf.o
 .text._etoa    0x1000202c      0x58c build\libraries\pico-sdk\src\rp2_common\pico_printf\printf.o
 .text._vsnprintf
                0x100025b8      0x89c build\libraries\pico-sdk\src\rp2_common\pico_printf\printf.o
 .text.vfctprintf
                0x10002e54       0x40 build\libraries\pico-sdk\src\rp2_common\pico_printf\printf.o
                0x10002e54                vfctprintf
 .text.tight_loop_contents
                0x10002e94        0xa build\libraries\pico-sdk\src\rp2_common\hardware_clocks\clocks.o
 .text.hw_set_bits
                0x10002e9e       0x1e build\libraries\pico-sdk\src\rp2_common\hardware_clocks\clocks.o
 .text.hw_clear_bits
                0x10002ebc       0x1e build\libraries\pico-sdk\src\rp2_common\hardware_clocks\clocks.o
 .text.hw_xor_bits
                0x10002eda       0x1e build\libraries\pico-sdk\src\rp2_common\hardware_clocks\clocks.o
 .text.hw_write_masked
                0x10002ef8       0x2a build\libraries\pico-sdk\src\rp2_common\hardware_clocks\clocks.o
 *fill*         0x10002f22        0x2 
 .text.reset_block
                0x10002f24       0x20 build\libraries\pico-sdk\src\rp2_common\hardware_clocks\clocks.o
 .text.unreset_block_wait
                0x10002f44       0x34 build\libraries\pico-sdk\src\rp2_common\hardware_clocks\clocks.o
 .text.has_glitchless_mux
                0x10002f78       0x32 build\libraries\pico-sdk\src\rp2_common\hardware_clocks\clocks.o
 *fill*         0x10002faa        0x2 
 .text.clock_configure
                0x10002fac      0x1a4 build\libraries\pico-sdk\src\rp2_common\hardware_clocks\clocks.o
                0x10002fac                clock_configure
 .text.clocks_init
                0x10003150      0x148 build\libraries\pico-sdk\src\rp2_common\hardware_clocks\clocks.o
                0x10003150                clocks_init
 .text.clock_get_hz
                0x10003298       0x24 build\libraries\pico-sdk\src\rp2_common\hardware_clocks\clocks.o
                0x10003298                clock_get_hz
 .text.frequency_count_khz
                0x100032bc       0x74 build\libraries\pico-sdk\src\rp2_common\hardware_clocks\clocks.o
                0x100032bc                frequency_count_khz
 .text.hw_xor_bits
                0x10003330       0x1e build\libraries\pico-sdk\src\rp2_common\hardware_gpio\gpio.o
 .text.hw_write_masked
                0x1000334e       0x2a build\libraries\pico-sdk\src\rp2_common\hardware_gpio\gpio.o
 .text.gpio_set_function
                0x10003378       0x44 build\libraries\pico-sdk\src\rp2_common\hardware_gpio\gpio.o
                0x10003378                gpio_set_function
 .text.gpio_set_pulls
                0x100033bc       0x54 build\libraries\pico-sdk\src\rp2_common\hardware_gpio\gpio.o
                0x100033bc                gpio_set_pulls
 .text.gpio_init
                0x10003410       0x36 build\libraries\pico-sdk\src\rp2_common\hardware_gpio\gpio.o
                0x10003410                gpio_init
 *fill*         0x10003446        0x2 
 .text.__wrap___aeabi_idiv
                0x10003448       0x58 build\libraries\pico-sdk\src\rp2_common\pico_divider\divider.o
                0x10003448                __wrap___aeabi_idivmod
                0x10003448                divmod_s32s32
                0x10003448                div_s32s32
                0x10003448                __wrap___aeabi_idiv
                0x10003450                divmod_s32s32_unsafe
                0x1000347c                divmod_s32s32_savestate
 .text.__wrap___aeabi_uidiv
                0x100034a0       0x54 build\libraries\pico-sdk\src\rp2_common\pico_divider\divider.o
                0x100034a0                __wrap___aeabi_uidiv
                0x100034a0                __wrap___aeabi_uidivmod
                0x100034a0                div_u32u32
                0x100034a0                divmod_u32u32
                0x100034a8                divmod_u32u32_unsafe
                0x100034d0                divmod_u32u32_savestate
 .text.__wrap___aeabi_ldiv
                0x100034f4      0x430 build\libraries\pico-sdk\src\rp2_common\pico_divider\divider.o
                0x100034f4                div_s64s64
                0x100034f4                divmod_s64s64
                0x100034f4                __wrap___aeabi_ldivmod
                0x1000352c                divmod_u64u64
                0x1000352c                div_u64u64
                0x1000352c                __wrap___aeabi_uldivmod
                0x1000353c                divmod_u64u64_savestate
                0x10003564                divmod_s64s64_unsafe
                0x100035ec                divmod_u64u64_unsafe
 .text.__dmb    0x10003924        0xe build\libraries\pico-sdk\src\rp2_common\hardware_irq\irq.o
 .text.__mem_fence_acquire
                0x10003932        0xe build\libraries\pico-sdk\src\rp2_common\hardware_irq\irq.o
 .text.__mem_fence_release
                0x10003940        0xe build\libraries\pico-sdk\src\rp2_common\hardware_irq\irq.o
 .text.save_and_disable_interrupts
                0x1000394e       0x18 build\libraries\pico-sdk\src\rp2_common\hardware_irq\irq.o
 .text.restore_interrupts
                0x10003966       0x16 build\libraries\pico-sdk\src\rp2_common\hardware_irq\irq.o
 .text.spin_lock_instance
                0x1000397c       0x20 build\libraries\pico-sdk\src\rp2_common\hardware_irq\irq.o
 .text.spin_lock_unsafe_blocking
                0x1000399c       0x24 build\libraries\pico-sdk\src\rp2_common\hardware_irq\irq.o
 .text.spin_unlock_unsafe
                0x100039c0       0x1a build\libraries\pico-sdk\src\rp2_common\hardware_irq\irq.o
 .text.spin_lock_blocking
                0x100039da       0x22 build\libraries\pico-sdk\src\rp2_common\hardware_irq\irq.o
 .text.spin_unlock
                0x100039fc       0x22 build\libraries\pico-sdk\src\rp2_common\hardware_irq\irq.o
 *fill*         0x10003a1e        0x2 
 .text.get_vtable
                0x10003a20       0x14 build\libraries\pico-sdk\src\rp2_common\hardware_irq\irq.o
 .text.add_thumb_bit
                0x10003a34       0x16 build\libraries\pico-sdk\src\rp2_common\hardware_irq\irq.o
 .text.remove_thumb_bit
                0x10003a4a       0x16 build\libraries\pico-sdk\src\rp2_common\hardware_irq\irq.o
 .text.set_raw_irq_handler_and_unlock
                0x10003a60       0x3c build\libraries\pico-sdk\src\rp2_common\hardware_irq\irq.o
 .text.check_irq_param
                0x10003a9c       0x10 build\libraries\pico-sdk\src\rp2_common\hardware_irq\irq.o
 .text.irq_set_enabled
                0x10003aac       0x30 build\libraries\pico-sdk\src\rp2_common\hardware_irq\irq.o
                0x10003aac                irq_set_enabled
 .text.irq_is_enabled
                0x10003adc       0x30 build\libraries\pico-sdk\src\rp2_common\hardware_irq\irq.o
                0x10003adc                irq_is_enabled
 .text.irq_set_mask_enabled
                0x10003b0c       0x40 build\libraries\pico-sdk\src\rp2_common\hardware_irq\irq.o
                0x10003b0c                irq_set_mask_enabled
 .text.is_shared_irq_raw_handler
                0x10003b4c       0x24 build\libraries\pico-sdk\src\rp2_common\hardware_irq\irq.o
 .text.irq_get_vtable_handler
                0x10003b70       0x28 build\libraries\pico-sdk\src\rp2_common\hardware_irq\irq.o
                0x10003b70                irq_get_vtable_handler
 .text.irq_set_exclusive_handler
                0x10003b98       0x74 build\libraries\pico-sdk\src\rp2_common\hardware_irq\irq.o
                0x10003b98                irq_set_exclusive_handler
 .text.make_branch
                0x10003c0c       0x58 build\libraries\pico-sdk\src\rp2_common\hardware_irq\irq.o
 .text.insert_branch_and_link
                0x10003c64       0x74 build\libraries\pico-sdk\src\rp2_common\hardware_irq\irq.o
 .text.resolve_branch
                0x10003cd8       0x5c build\libraries\pico-sdk\src\rp2_common\hardware_irq\irq.o
 .text.irq_remove_handler
                0x10003d34      0x22c build\libraries\pico-sdk\src\rp2_common\hardware_irq\irq.o
                0x10003d34                irq_remove_handler
 .text.irq_set_priority
                0x10003f60       0x5c build\libraries\pico-sdk\src\rp2_common\hardware_irq\irq.o
                0x10003f60                irq_set_priority
 .text.irq_add_tail_to_free_list
                0x10003fbc      0x178 build\libraries\pico-sdk\src\rp2_common\hardware_irq\irq.o
                0x10003fbc                irq_add_tail_to_free_list
 .text.irq_init_priorities
                0x10004134       0x2a build\libraries\pico-sdk\src\rp2_common\hardware_irq\irq.o
                0x10004134                irq_init_priorities
 .text.rp2040_rom_version
                0x1000415e        0xe build\libraries\pico-sdk\src\rp2_common\pico_double\double_init_rom.o
 .text.rom_table_code
                0x1000416c       0x26 build\libraries\pico-sdk\src\rp2_common\pico_double\double_init_rom.o
 *fill*         0x10004192        0x2 
 .text.__aeabi_double_init
                0x10004194       0xe8 build\libraries\pico-sdk\src\rp2_common\pico_double\double_init_rom.o
                0x10004194                __aeabi_double_init
 .text.to_us_since_boot
                0x1000427c       0x18 build\libraries\pico-sdk\src\rp2_common\hardware_timer\timer.o
 .text.hw_set_bits
                0x10004294       0x1e build\libraries\pico-sdk\src\rp2_common\hardware_timer\timer.o
 .text.check_hardware_alarm_num_param
                0x100042b2       0x10 build\libraries\pico-sdk\src\rp2_common\hardware_timer\timer.o
 .text.__dmb    0x100042c2        0xe build\libraries\pico-sdk\src\rp2_common\hardware_timer\timer.o
 .text.__mem_fence_acquire
                0x100042d0        0xe build\libraries\pico-sdk\src\rp2_common\hardware_timer\timer.o
 .text.__mem_fence_release
                0x100042de        0xe build\libraries\pico-sdk\src\rp2_common\hardware_timer\timer.o
 .text.save_and_disable_interrupts
                0x100042ec       0x18 build\libraries\pico-sdk\src\rp2_common\hardware_timer\timer.o
 .text.restore_interrupts
                0x10004304       0x16 build\libraries\pico-sdk\src\rp2_common\hardware_timer\timer.o
 *fill*         0x1000431a        0x2 
 .text.spin_lock_instance
                0x1000431c       0x20 build\libraries\pico-sdk\src\rp2_common\hardware_timer\timer.o
 .text.spin_lock_unsafe_blocking
                0x1000433c       0x24 build\libraries\pico-sdk\src\rp2_common\hardware_timer\timer.o
 .text.spin_unlock_unsafe
                0x10004360       0x1a build\libraries\pico-sdk\src\rp2_common\hardware_timer\timer.o
 .text.spin_lock_blocking
                0x1000437a       0x22 build\libraries\pico-sdk\src\rp2_common\hardware_timer\timer.o
 .text.spin_unlock
                0x1000439c       0x22 build\libraries\pico-sdk\src\rp2_common\hardware_timer\timer.o
 *fill*         0x100043be        0x2 
 .text.hardware_alarm_claim
                0x100043c0       0x2c build\libraries\pico-sdk\src\rp2_common\hardware_timer\timer.o
                0x100043c0                hardware_alarm_claim
 .text.time_us_64
                0x100043ec       0x60 build\libraries\pico-sdk\src\rp2_common\hardware_timer\timer.o
                0x100043ec                time_us_64
 .text.harware_alarm_irq_number
                0x1000444c       0x12 build\libraries\pico-sdk\src\rp2_common\hardware_timer\timer.o
 *fill*         0x1000445e        0x2 
 .text.hardware_alarm_irq_handler
                0x10004460       0xd4 build\libraries\pico-sdk\src\rp2_common\hardware_timer\timer.o
 .text.hardware_alarm_set_callback
                0x10004534       0xdc build\libraries\pico-sdk\src\rp2_common\hardware_timer\timer.o
                0x10004534                hardware_alarm_set_callback
 .text.hardware_alarm_set_target
                0x10004610      0x160 build\libraries\pico-sdk\src\rp2_common\hardware_timer\timer.o
                0x10004610                hardware_alarm_set_target
 .text.hardware_alarm_cancel
                0x10004770       0x68 build\libraries\pico-sdk\src\rp2_common\hardware_timer\timer.o
                0x10004770                hardware_alarm_cancel
 .text.watchdog_start_tick
                0x100047d8       0x20 build\libraries\pico-sdk\src\rp2_common\hardware_watchdog\watchdog.o
                0x100047d8                watchdog_start_tick
 .text.rp2040_rom_version
                0x100047f8        0xe build\libraries\pico-sdk\src\rp2_common\pico_float\float_init_rom.o
 .text.rom_table_code
                0x10004806       0x26 build\libraries\pico-sdk\src\rp2_common\pico_float\float_init_rom.o
 .text.__aeabi_float_init
                0x1000482c      0x134 build\libraries\pico-sdk\src\rp2_common\pico_float\float_init_rom.o
                0x1000482c                __aeabi_float_init
 .text.__dmb    0x10004960        0xe build\libraries\pico-sdk\src\rp2_common\hardware_sync\sync.o
 .text.__mem_fence_release
                0x1000496e        0xe build\libraries\pico-sdk\src\rp2_common\hardware_sync\sync.o
 .text.spin_lock_instance
                0x1000497c       0x20 build\libraries\pico-sdk\src\rp2_common\hardware_sync\sync.o
 .text.spin_unlock_unsafe
                0x1000499c       0x1a build\libraries\pico-sdk\src\rp2_common\hardware_sync\sync.o
 .text.spin_locks_reset
                0x100049b6       0x30 build\libraries\pico-sdk\src\rp2_common\hardware_sync\sync.o
                0x100049b6                spin_locks_reset
 *fill*         0x100049e6        0x2 
 .text.next_striped_spin_lock_num
                0x100049e8       0x30 build\libraries\pico-sdk\src\rp2_common\hardware_sync\sync.o
                0x100049e8                next_striped_spin_lock_num
 .text.tight_loop_contents
                0x10004a18        0xa build\libraries\pico-sdk\src\rp2_common\hardware_uart\uart.o
 .text.hw_set_bits
                0x10004a22       0x1e build\libraries\pico-sdk\src\rp2_common\hardware_uart\uart.o
 .text.hw_clear_bits
                0x10004a40       0x1e build\libraries\pico-sdk\src\rp2_common\hardware_uart\uart.o
 .text.hw_xor_bits
                0x10004a5e       0x1e build\libraries\pico-sdk\src\rp2_common\hardware_uart\uart.o
 .text.hw_write_masked
                0x10004a7c       0x2a build\libraries\pico-sdk\src\rp2_common\hardware_uart\uart.o
 *fill*         0x10004aa6        0x2 
 .text.uart_get_index
                0x10004aa8       0x24 build\libraries\pico-sdk\src\rp2_common\hardware_uart\uart.o
 .text.uart_get_hw
                0x10004acc       0x1a build\libraries\pico-sdk\src\rp2_common\hardware_uart\uart.o
 .text.uart_set_format
                0x10004ae6       0x5e build\libraries\pico-sdk\src\rp2_common\hardware_uart\uart.o
 .text.reset_block
                0x10004b44       0x20 build\libraries\pico-sdk\src\rp2_common\hardware_uart\uart.o
 .text.unreset_block_wait
                0x10004b64       0x34 build\libraries\pico-sdk\src\rp2_common\hardware_uart\uart.o
 .text.uart_reset
                0x10004b98       0x2c build\libraries\pico-sdk\src\rp2_common\hardware_uart\uart.o
 .text.uart_unreset
                0x10004bc4       0x2c build\libraries\pico-sdk\src\rp2_common\hardware_uart\uart.o
 .text.uart_init
                0x10004bf0       0x8c build\libraries\pico-sdk\src\rp2_common\hardware_uart\uart.o
                0x10004bf0                uart_init
 .text.uart_set_baudrate
                0x10004c7c       0xa4 build\libraries\pico-sdk\src\rp2_common\hardware_uart\uart.o
                0x10004c7c                uart_set_baudrate
 .text.uart_set_translate_crlf
                0x10004d20       0x3c build\libraries\pico-sdk\src\rp2_common\hardware_uart\uart.o
                0x10004d20                uart_set_translate_crlf
 .text.rom_func_lookup
                0x10004d5c       0x28 build\libraries\pico-sdk\src\rp2_common\pico_bootrom\bootrom.o
                0x10004d5c                rom_func_lookup
 .text.rom_data_lookup
                0x10004d84       0x28 build\libraries\pico-sdk\src\rp2_common\pico_bootrom\bootrom.o
                0x10004d84                rom_data_lookup
 .text.rom_funcs_lookup
                0x10004dac       0x68 build\libraries\pico-sdk\src\rp2_common\pico_bootrom\bootrom.o
                0x10004dac                rom_funcs_lookup
 .text.to_us_since_boot
                0x10004e14       0x18 build\libraries\pico-sdk\src\common\pico_time\time.o
 .text.update_us_since_boot
                0x10004e2c       0x1e build\libraries\pico-sdk\src\common\pico_time\time.o
 .text.get_absolute_time
                0x10004e4a       0x30 build\libraries\pico-sdk\src\common\pico_time\time.o
 .text.delayed_by_us
                0x10004e7a       0x76 build\libraries\pico-sdk\src\common\pico_time\time.o
 .text.absolute_time_diff_us
                0x10004ef0       0x40 build\libraries\pico-sdk\src\common\pico_time\time.o
 .text.ph_get_node
                0x10004f30       0x54 build\libraries\pico-sdk\src\common\pico_time\time.o
 .text.ph_add_child_node
                0x10004f84       0xc4 build\libraries\pico-sdk\src\common\pico_time\time.o
 .text.ph_merge_nodes
                0x10005048       0x7e build\libraries\pico-sdk\src\common\pico_time\time.o
 .text.ph_new_node
                0x100050c6       0x50 build\libraries\pico-sdk\src\common\pico_time\time.o
 *fill*         0x10005116        0x2 
 .text.ph_insert
                0x10005118       0x7c build\libraries\pico-sdk\src\common\pico_time\time.o
 .text.ph_peek_head
                0x10005194       0x14 build\libraries\pico-sdk\src\common\pico_time\time.o
 .text.ph_contains
                0x100051a8       0x46 build\libraries\pico-sdk\src\common\pico_time\time.o
 *fill*         0x100051ee        0x2 
 .text.ph_add_to_free_list
                0x100051f0       0x70 build\libraries\pico-sdk\src\common\pico_time\time.o
 .text.__dmb    0x10005260        0xe build\libraries\pico-sdk\src\common\pico_time\time.o
 .text.__mem_fence_acquire
                0x1000526e        0xe build\libraries\pico-sdk\src\common\pico_time\time.o
 .text.__mem_fence_release
                0x1000527c        0xe build\libraries\pico-sdk\src\common\pico_time\time.o
 .text.save_and_disable_interrupts
                0x1000528a       0x18 build\libraries\pico-sdk\src\common\pico_time\time.o
 .text.restore_interrupts
                0x100052a2       0x16 build\libraries\pico-sdk\src\common\pico_time\time.o
 .text.spin_lock_instance
                0x100052b8       0x20 build\libraries\pico-sdk\src\common\pico_time\time.o
 .text.spin_lock_unsafe_blocking
                0x100052d8       0x24 build\libraries\pico-sdk\src\common\pico_time\time.o
 .text.spin_unlock_unsafe
                0x100052fc       0x1a build\libraries\pico-sdk\src\common\pico_time\time.o
 .text.spin_lock_blocking
                0x10005316       0x22 build\libraries\pico-sdk\src\common\pico_time\time.o
 .text.spin_unlock
                0x10005338       0x22 build\libraries\pico-sdk\src\common\pico_time\time.o
 .text.gpio_set_mask
                0x1000535a       0x18 build\libraries\pico-sdk\src\common\pico_time\time.o
 .text.gpio_clr_mask
                0x10005372       0x18 build\libraries\pico-sdk\src\common\pico_time\time.o
 *fill*         0x1000538a        0x2 
 .text.alarm_pool_init_default
                0x1000538c       0x24 build\libraries\pico-sdk\src\common\pico_time\time.o
                0x1000538c                alarm_pool_init_default
 .text.get_entry
                0x100053b0       0x5c build\libraries\pico-sdk\src\common\pico_time\time.o
 .text.get_entry_id_high
                0x1000540c       0x50 build\libraries\pico-sdk\src\common\pico_time\time.o
 .text.timer_pool_entry_comparator
                0x1000545c       0x76 build\libraries\pico-sdk\src\common\pico_time\time.o
                0x1000545c                timer_pool_entry_comparator
 .text.make_public_id
                0x100054d2       0x26 build\libraries\pico-sdk\src\common\pico_time\time.o
 .text.add_alarm_under_lock
                0x100054f8      0x120 build\libraries\pico-sdk\src\common\pico_time\time.o
 .text.alarm_pool_alarm_callback
                0x10005618      0x33c build\libraries\pico-sdk\src\common\pico_time\time.o
 .text.alarm_pool_create
                0x10005954       0xa0 build\libraries\pico-sdk\src\common\pico_time\time.o
                0x10005954                alarm_pool_create
 .text.ph_get_node
                0x100059f4       0x54 build\libraries\pico-sdk\src\common\pico_util\pheap.o
 .text.ph_add_child_node
                0x10005a48       0xc4 build\libraries\pico-sdk\src\common\pico_util\pheap.o
 .text.ph_merge_nodes
                0x10005b0c       0x7e build\libraries\pico-sdk\src\common\pico_util\pheap.o
 .text.ph_peek_head
                0x10005b8a       0x14 build\libraries\pico-sdk\src\common\pico_util\pheap.o
 .text.ph_remove_head
                0x10005b9e       0x1c build\libraries\pico-sdk\src\common\pico_util\pheap.o
 .text.ph_create
                0x10005bba       0x50 build\libraries\pico-sdk\src\common\pico_util\pheap.o
                0x10005bba                ph_create
 .text.ph_clear
                0x10005c0a       0x6a build\libraries\pico-sdk\src\common\pico_util\pheap.o
                0x10005c0a                ph_clear
 .text.ph_merge_two_pass
                0x10005c74       0xd0 build\libraries\pico-sdk\src\common\pico_util\pheap.o
                0x10005c74                ph_merge_two_pass
 .text.ph_remove_any_head
                0x10005d44      0x120 build\libraries\pico-sdk\src\common\pico_util\pheap.o
 .text.ph_remove_head_reserve
                0x10005e64       0x46 build\libraries\pico-sdk\src\common\pico_util\pheap.o
                0x10005e64                ph_remove_head_reserve
 *fill*         0x10005eaa        0x2 
 .text.ph_delete
                0x10005eac      0x154 build\libraries\pico-sdk\src\common\pico_util\pheap.o
                0x10005eac                ph_delete
 .text.__dmb    0x10006000        0xe build\libraries\pico-sdk\src\rp2_common\hardware_claim\claim.o
 .text.__mem_fence_acquire
                0x1000600e        0xe build\libraries\pico-sdk\src\rp2_common\hardware_claim\claim.o
 .text.__mem_fence_release
                0x1000601c        0xe build\libraries\pico-sdk\src\rp2_common\hardware_claim\claim.o
 .text.save_and_disable_interrupts
                0x1000602a       0x18 build\libraries\pico-sdk\src\rp2_common\hardware_claim\claim.o
 .text.restore_interrupts
                0x10006042       0x16 build\libraries\pico-sdk\src\rp2_common\hardware_claim\claim.o
 .text.spin_lock_instance
                0x10006058       0x20 build\libraries\pico-sdk\src\rp2_common\hardware_claim\claim.o
 .text.spin_lock_unsafe_blocking
                0x10006078       0x24 build\libraries\pico-sdk\src\rp2_common\hardware_claim\claim.o
 .text.spin_unlock_unsafe
                0x1000609c       0x1a build\libraries\pico-sdk\src\rp2_common\hardware_claim\claim.o
 .text.spin_lock_blocking
                0x100060b6       0x22 build\libraries\pico-sdk\src\rp2_common\hardware_claim\claim.o
 .text.spin_unlock
                0x100060d8       0x22 build\libraries\pico-sdk\src\rp2_common\hardware_claim\claim.o
 .text.hw_claim_lock
                0x100060fa       0x1a build\libraries\pico-sdk\src\rp2_common\hardware_claim\claim.o
                0x100060fa                hw_claim_lock
 .text.hw_claim_unlock
                0x10006114       0x22 build\libraries\pico-sdk\src\rp2_common\hardware_claim\claim.o
                0x10006114                hw_claim_unlock
 .text.hw_claim_or_assert
                0x10006136       0x72 build\libraries\pico-sdk\src\rp2_common\hardware_claim\claim.o
                0x10006136                hw_claim_or_assert
 .text.hw_set_bits
                0x100061a8       0x1e build\libraries\pico-sdk\src\rp2_common\hardware_xosc\xosc.o
 *fill*         0x100061c6        0x2 
 .text.xosc_init
                0x100061c8       0x40 build\libraries\pico-sdk\src\rp2_common\hardware_xosc\xosc.o
                0x100061c8                xosc_init
 .text.tight_loop_contents
                0x10006208        0xa build\libraries\pico-sdk\src\rp2_common\hardware_pll\pll.o
 .text.hw_clear_bits
                0x10006212       0x1e build\libraries\pico-sdk\src\rp2_common\hardware_pll\pll.o
 .text.pll_init
                0x10006230      0x12c build\libraries\pico-sdk\src\rp2_common\hardware_pll\pll.o
                0x10006230                pll_init
 .text.tight_loop_contents
                0x1000635c        0xa build\libraries\pico-sdk\src\rp2_common\pico_runtime\runtime.o
 .text.hw_set_bits
                0x10006366       0x1e build\libraries\pico-sdk\src\rp2_common\pico_runtime\runtime.o
 .text.hw_clear_bits
                0x10006384       0x1e build\libraries\pico-sdk\src\rp2_common\pico_runtime\runtime.o
 *fill*         0x100063a2        0x2 
 .text.reset_block
                0x100063a4       0x20 build\libraries\pico-sdk\src\rp2_common\pico_runtime\runtime.o
 .text.unreset_block_wait
                0x100063c4       0x34 build\libraries\pico-sdk\src\rp2_common\pico_runtime\runtime.o
 .text.runtime_init
                0x100063f8       0xcc build\libraries\pico-sdk\src\rp2_common\pico_runtime\runtime.o
                0x100063f8                runtime_init
 .text.__assert_func
                0x100064c4       0x4c build\libraries\pico-sdk\src\rp2_common\pico_runtime\runtime.o
                0x100064c4                __assert_func
 .text.panic    0x10006510       0x40 build\libraries\pico-sdk\src\rp2_common\pico_runtime\runtime.o
                0x10006510                panic
 .text.__sev    0x10006550        0xc build\libraries\pico-sdk\src\common\pico_sync\mutex.o
 .text.__wfe    0x1000655c        0xc build\libraries\pico-sdk\src\common\pico_sync\mutex.o
 .text.__dmb    0x10006568        0xe build\libraries\pico-sdk\src\common\pico_sync\mutex.o
 .text.__mem_fence_acquire
                0x10006576        0xe build\libraries\pico-sdk\src\common\pico_sync\mutex.o
 .text.__mem_fence_release
                0x10006584        0xe build\libraries\pico-sdk\src\common\pico_sync\mutex.o
 .text.save_and_disable_interrupts
                0x10006592       0x18 build\libraries\pico-sdk\src\common\pico_sync\mutex.o
 .text.restore_interrupts
                0x100065aa       0x16 build\libraries\pico-sdk\src\common\pico_sync\mutex.o
 .text.spin_lock_unsafe_blocking
                0x100065c0       0x24 build\libraries\pico-sdk\src\common\pico_sync\mutex.o
 .text.spin_unlock_unsafe
                0x100065e4       0x1a build\libraries\pico-sdk\src\common\pico_sync\mutex.o
 .text.spin_lock_blocking
                0x100065fe       0x22 build\libraries\pico-sdk\src\common\pico_sync\mutex.o
 .text.spin_unlock
                0x10006620       0x22 build\libraries\pico-sdk\src\common\pico_sync\mutex.o
 .text.get_core_num
                0x10006642       0x10 build\libraries\pico-sdk\src\common\pico_sync\mutex.o
 .text.mutex_init
                0x10006652       0x24 build\libraries\pico-sdk\src\common\pico_sync\mutex.o
                0x10006652                mutex_init
 *fill*         0x10006676        0x2 
 .text          0x10006678       0x10 build\libraries\pico-sdk\src\rp2_common\pico_bit_ops\bit_ops_aeabi.o
 .text.check_alloc
                0x10006688       0x16 build\libraries\pico-sdk\src\rp2_common\pico_malloc\pico_malloc.o
 .text.__wrap_malloc
                0x1000669e       0x2c build\libraries\pico-sdk\src\rp2_common\pico_malloc\pico_malloc.o
                0x1000669e                __wrap_malloc
 .text.__wrap_calloc
                0x100066ca       0x32 build\libraries\pico-sdk\src\rp2_common\pico_malloc\pico_malloc.o
                0x100066ca                __wrap_calloc
 .text.__wrap_free
                0x100066fc       0x18 build\libraries\pico-sdk\src\rp2_common\pico_malloc\pico_malloc.o
                0x100066fc                __wrap_free
 .text.running_on_fpga
                0x10006714       0x1c build\libraries\pico-sdk\src\rp2_common\pico_platform\platform.o
                0x10006714                running_on_fpga
 .text.spin_lock_instance
                0x10006730       0x20 build\libraries\pico-sdk\src\common\pico_sync\lock_core.o
 .text.lock_init
                0x10006750       0x40 build\libraries\pico-sdk\src\common\pico_sync\lock_core.o
                0x10006750                lock_init
 .text.tight_loop_contents
                0x10006790        0xa build\libraries\pico-sdk\src\rp2_common\pico_stdio_uart\stdio_uart.o
 *fill*         0x1000679a        0x2 
 .text.uart_get_index
                0x1000679c       0x24 build\libraries\pico-sdk\src\rp2_common\pico_stdio_uart\stdio_uart.o
 .text.uart_get_hw
                0x100067c0       0x1a build\libraries\pico-sdk\src\rp2_common\pico_stdio_uart\stdio_uart.o
 .text.uart_is_writable
                0x100067da       0x26 build\libraries\pico-sdk\src\rp2_common\pico_stdio_uart\stdio_uart.o
 .text.uart_is_readable
                0x10006800       0x26 build\libraries\pico-sdk\src\rp2_common\pico_stdio_uart\stdio_uart.o
 .text.uart_write_blocking
                0x10006826       0x58 build\libraries\pico-sdk\src\rp2_common\pico_stdio_uart\stdio_uart.o
 .text.uart_read_blocking
                0x1000687e       0x58 build\libraries\pico-sdk\src\rp2_common\pico_stdio_uart\stdio_uart.o
 .text.uart_putc_raw
                0x100068d6       0x22 build\libraries\pico-sdk\src\rp2_common\pico_stdio_uart\stdio_uart.o
 .text.uart_putc
                0x100068f8       0x4c build\libraries\pico-sdk\src\rp2_common\pico_stdio_uart\stdio_uart.o
 .text.uart_getc
                0x10006944       0x22 build\libraries\pico-sdk\src\rp2_common\pico_stdio_uart\stdio_uart.o
 *fill*         0x10006966        0x2 
 .text.stdio_uart_init
                0x10006968       0x38 build\libraries\pico-sdk\src\rp2_common\pico_stdio_uart\stdio_uart.o
                0x10006968                stdio_uart_init
 .text.stdio_uart_init_full
                0x100069a0       0x5c build\libraries\pico-sdk\src\rp2_common\pico_stdio_uart\stdio_uart.o
                0x100069a0                stdio_uart_init_full
 .text.stdio_uart_out_chars
                0x100069fc       0x3c build\libraries\pico-sdk\src\rp2_common\pico_stdio_uart\stdio_uart.o
 .text.stdio_uart_in_chars
                0x10006a38       0x58 build\libraries\pico-sdk\src\rp2_common\pico_stdio_uart\stdio_uart.o
                0x10006a38                stdio_uart_in_chars
 .text          0x10006a90       0x10 build\libraries\pico-sdk\src\rp2_common\pico_mem_ops\mem_ops_aeabi.o
                0x10006a90                __aeabi_mem_init
 .text.memset   0x10006aa0        0xc build\libraries\pico-sdk\src\rp2_common\pico_mem_ops\mem_ops_aeabi.o
                0x10006aa0                __wrap_memset
 .text.memcpy   0x10006aac        0xc build\libraries\pico-sdk\src\rp2_common\pico_mem_ops\mem_ops_aeabi.o
                0x10006aac                __wrap_memcpy
                0x10006aac                __wrap___aeabi_memcpy
 .text.__wrap___aeabi_darithmetic
                0x10006ab8       0x54 build\libraries\pico-sdk\src\rp2_common\pico_double\double_aeabi.o
                0x10006ab8                __wrap___aeabi_drsub
                0x10006abe                __wrap___aeabi_dsub
                0x10006ad0                __wrap___aeabi_dadd
                0x10006ae2                __wrap___aeabi_ddiv
                0x10006af4                __wrap___aeabi_dmul
 .text.__wrap___aeabi_cdcmple
                0x10006b0c       0x6c build\libraries\pico-sdk\src\rp2_common\pico_double\double_aeabi.o
                0x10006b0c                __wrap___aeabi_cdrcmple
                0x10006b1c                __wrap___aeabi_cdcmpeq
                0x10006b1c                __wrap___aeabi_cdcmple
 .text.__wrap___aeabi_dcmplt
                0x10006b78        0xc build\libraries\pico-sdk\src\rp2_common\pico_double\double_aeabi.o
                0x10006b78                __wrap___aeabi_dcmplt
 .text.__wrap___aeabi_dcmpge
                0x10006b84       0x10 build\libraries\pico-sdk\src\rp2_common\pico_double\double_aeabi.o
                0x10006b84                __wrap___aeabi_dcmpge
 .text.__wrap___aeabi_dcmpgt
                0x10006b94        0xa build\libraries\pico-sdk\src\rp2_common\pico_double\double_aeabi.o
                0x10006b94                __wrap___aeabi_dcmpgt
 .text.__wrap___aeabi_dcmpun
                0x10006b9e       0x1c build\libraries\pico-sdk\src\rp2_common\pico_double\double_aeabi.o
                0x10006b9e                __wrap___aeabi_dcmpun
 *fill*         0x10006bba        0x2 
 .text.__wrap___aeabi_i2d
                0x10006bbc       0x38 build\libraries\pico-sdk\src\rp2_common\pico_double\double_aeabi.o
                0x10006bbc                __wrap___aeabi_ui2d
                0x10006bc4                __wrap___aeabi_i2d
 .text.__wrap___aeabi_d2iz
                0x10006bf4       0x48 build\libraries\pico-sdk\src\rp2_common\pico_double\double_aeabi.o
                0x10006bf4                double2int_z
                0x10006bf4                __wrap___aeabi_d2iz
 .text.__wrap___aeabi_d2uiz
                0x10006c3c       0x18 build\libraries\pico-sdk\src\rp2_common\pico_double\double_aeabi.o
                0x10006c3c                __wrap___aeabi_d2uiz
                0x10006c3c                double2uint
 .text.get_core_num
                0x10006c54       0x10 build\libraries\pico-sdk\src\rp2_common\pico_stdio\stdio.o
 .text.stdout_serialize_begin
                0x10006c64       0x4c build\libraries\pico-sdk\src\rp2_common\pico_stdio\stdio.o
                0x10006c64                stdout_serialize_begin
 .text.stdout_serialize_end
                0x10006cb0       0x18 build\libraries\pico-sdk\src\rp2_common\pico_stdio\stdio.o
                0x10006cb0                stdout_serialize_end
 .text.stdio_out_chars_crlf
                0x10006cc8       0xf8 build\libraries\pico-sdk\src\rp2_common\pico_stdio\stdio.o
 .text.stdio_put_string
                0x10006dc0       0xb0 build\libraries\pico-sdk\src\rp2_common\pico_stdio\stdio.o
 .text.__wrap_puts
                0x10006e70       0x2e build\libraries\pico-sdk\src\rp2_common\pico_stdio\stdio.o
                0x10006e70                __wrap_puts
 *fill*         0x10006e9e        0x2 
 .text.stdio_set_driver_enabled
                0x10006ea0       0x7c build\libraries\pico-sdk\src\rp2_common\pico_stdio\stdio.o
                0x10006ea0                stdio_set_driver_enabled
 .text.stdio_flush
                0x10006f1c       0x34 build\libraries\pico-sdk\src\rp2_common\pico_stdio\stdio.o
                0x10006f1c                stdio_flush
 .text.stdio_stack_buffer_flush
                0x10006f50       0x70 build\libraries\pico-sdk\src\rp2_common\pico_stdio\stdio.o
 .text.stdio_buffered_printer
                0x10006fc0       0x3e build\libraries\pico-sdk\src\rp2_common\pico_stdio\stdio.o
 *fill*         0x10006ffe        0x2 
 .text.__wrap_vprintf
                0x10007000       0x64 build\libraries\pico-sdk\src\rp2_common\pico_stdio\stdio.o
                0x10007000                __wrap_vprintf
 .text.__wrap_printf
                0x10007064       0x2e build\libraries\pico-sdk\src\rp2_common\pico_stdio\stdio.o
                0x10007064                __wrap_printf
 .text.stdio_init_all
                0x10007092        0xe build\libraries\pico-sdk\src\rp2_common\pico_stdio\stdio.o
                0x10007092                stdio_init_all
 .text.rt_device_register
                0x100070a0       0x56 build\kernel\src\device.o
                0x100070a0                rt_device_register
 .text.rt_device_find
                0x100070f6       0x1c build\kernel\src\device.o
                0x100070f6                rt_device_find
 *fill*         0x10007112        0x2 
 .text.rt_device_open
                0x10007114      0x128 build\kernel\src\device.o
                0x10007114                rt_device_open
 .text.rt_device_close
                0x1000723c       0xa4 build\kernel\src\device.o
                0x1000723c                rt_device_close
 .text.rt_device_read
                0x100072e0       0x90 build\kernel\src\device.o
                0x100072e0                rt_device_read
 .text.rt_device_write
                0x10007370       0x90 build\kernel\src\device.o
                0x10007370                rt_device_write
 .text.rt_device_set_rx_indicate
                0x10007400       0x58 build\kernel\src\device.o
                0x10007400                rt_device_set_rx_indicate
 .text.rt_list_init
                0x10007458       0x1e build\kernel\src\scheduler.o
 .text.rt_list_insert_before
                0x10007476       0x2e build\kernel\src\scheduler.o
 .text.rt_list_remove
                0x100074a4       0x32 build\kernel\src\scheduler.o
 .text.rt_list_isempty
                0x100074d6       0x1e build\kernel\src\scheduler.o
 .text._rt_scheduler_stack_check
                0x100074f4       0x9c build\kernel\src\scheduler.o
 .text._scheduler_get_highest_priority_thread
                0x10007590       0x38 build\kernel\src\scheduler.o
 .text.rt_system_scheduler_init
                0x100075c8       0x38 build\kernel\src\scheduler.o
                0x100075c8                rt_system_scheduler_init
 .text.rt_system_scheduler_start
                0x10007600       0x38 build\kernel\src\scheduler.o
                0x10007600                rt_system_scheduler_start
 .text.rt_schedule
                0x10007638      0x1b0 build\kernel\src\scheduler.o
                0x10007638                rt_schedule
 .text.rt_schedule_insert_thread
                0x100077e8       0xb0 build\kernel\src\scheduler.o
                0x100077e8                rt_schedule_insert_thread
 .text.rt_schedule_remove_thread
                0x10007898       0x70 build\kernel\src\scheduler.o
                0x10007898                rt_schedule_remove_thread
 .text.rt_enter_critical
                0x10007908       0x2c build\kernel\src\scheduler.o
                0x10007908                rt_enter_critical
 .text.rt_exit_critical
                0x10007934       0x54 build\kernel\src\scheduler.o
                0x10007934                rt_exit_critical
 .text.rt_list_insert_after
                0x10007988       0x2e build\kernel\src\idle.o
 .text.rt_list_remove
                0x100079b6       0x32 build\kernel\src\idle.o
 .text.rt_thread_defunct_enqueue
                0x100079e8       0x24 build\kernel\src\idle.o
                0x100079e8                rt_thread_defunct_enqueue
 .text.rt_thread_defunct_dequeue
                0x10007a0c       0x38 build\kernel\src\idle.o
                0x10007a0c                rt_thread_defunct_dequeue
 .text.rt_defunct_execute
                0x10007a44       0xcc build\kernel\src\idle.o
 .text.rt_thread_idle_entry
                0x10007b10       0x38 build\kernel\src\idle.o
 .text.rt_thread_idle_init
                0x10007b48       0x78 build\kernel\src\idle.o
                0x10007b48                rt_thread_idle_init
 .text.rt_list_init
                0x10007bc0       0x1e build\kernel\src\timer.o
 .text.rt_list_insert_after
                0x10007bde       0x2e build\kernel\src\timer.o
 .text.rt_list_remove
                0x10007c0c       0x32 build\kernel\src\timer.o
 .text.rt_list_isempty
                0x10007c3e       0x1e build\kernel\src\timer.o
 .text._timer_init
                0x10007c5c       0x6a build\kernel\src\timer.o
 .text._timer_remove
                0x10007cc6       0x34 build\kernel\src\timer.o
 *fill*         0x10007cfa        0x2 
 .text.rt_timer_init
                0x10007cfc       0x54 build\kernel\src\timer.o
                0x10007cfc                rt_timer_init
 .text.rt_timer_detach
                0x10007d50       0x98 build\kernel\src\timer.o
                0x10007d50                rt_timer_detach
 .text.rt_timer_start
                0x10007de8      0x210 build\kernel\src\timer.o
                0x10007de8                rt_timer_start
 .text.rt_timer_stop
                0x10007ff8       0x9c build\kernel\src\timer.o
                0x10007ff8                rt_timer_stop
 .text.rt_timer_control
                0x10008094       0xcc build\kernel\src\timer.o
                0x10008094                rt_timer_control
 .text.rt_timer_check
                0x10008160      0x114 build\kernel\src\timer.o
                0x10008160                rt_timer_check
 .text.rt_system_timer_init
                0x10008274       0x34 build\kernel\src\timer.o
                0x10008274                rt_system_timer_init
 .text.rt_system_timer_thread_init
                0x100082a8        0xa build\kernel\src\timer.o
                0x100082a8                rt_system_timer_thread_init
 .text.rt_list_init
                0x100082b2       0x1e build\kernel\src\ipc.o
 .text.rt_list_insert_before
                0x100082d0       0x2e build\kernel\src\ipc.o
 .text.rt_list_isempty
                0x100082fe       0x1e build\kernel\src\ipc.o
 .text._ipc_object_init
                0x1000831c       0x1c build\kernel\src\ipc.o
 .text._ipc_list_suspend
                0x10008338       0xb4 build\kernel\src\ipc.o
 .text._ipc_list_resume
                0x100083ec       0x22 build\kernel\src\ipc.o
 *fill*         0x1000840e        0x2 
 .text.rt_sem_init
                0x10008410       0xa0 build\kernel\src\ipc.o
                0x10008410                rt_sem_init
 .text.rt_sem_take
                0x100084b0      0x178 build\kernel\src\ipc.o
                0x100084b0                rt_sem_take
 .text.rt_sem_release
                0x10008628       0xc0 build\kernel\src\ipc.o
                0x10008628                rt_sem_release
 .text.rt_mutex_take
                0x100086e8      0x208 build\kernel\src\ipc.o
                0x100086e8                rt_mutex_take
 .text.rt_mutex_release
                0x100088f0      0x1d8 build\kernel\src\ipc.o
                0x100088f0                rt_mutex_release
 .text.plug_holes
                0x10008ac8      0x10c build\kernel\src\mem.o
 .text.rt_system_heap_init
                0x10008bd4      0x120 build\kernel\src\mem.o
                0x10008bd4                rt_system_heap_init
 .text.rt_malloc
                0x10008cf4      0x2b4 build\kernel\src\mem.o
                0x10008cf4                rt_malloc
 .text.rt_calloc
                0x10008fa8       0x3a build\kernel\src\mem.o
                0x10008fa8                rt_calloc
 *fill*         0x10008fe2        0x2 
 .text.rt_free  0x10008fe4      0x1ac build\kernel\src\mem.o
                0x10008fe4                rt_free
 .text.list_mem
                0x10009190       0x4c build\kernel\src\mem.o
                0x10009190                list_mem
 .text.rt_tick_get
                0x100091dc       0x14 build\kernel\src\clock.o
                0x100091dc                rt_tick_get
 .text.rt_tick_increase
                0x100091f0       0x74 build\kernel\src\clock.o
                0x100091f0                rt_tick_increase
 .text.rt_tick_from_millisecond
                0x10009264       0x68 build\kernel\src\clock.o
                0x10009264                rt_tick_from_millisecond
 .text.rti_start
                0x100092cc        0xc build\kernel\src\components.o
 .text.rti_board_start
                0x100092d8        0xc build\kernel\src\components.o
 .text.rti_board_end
                0x100092e4        0xc build\kernel\src\components.o
 .text.rti_end  0x100092f0        0xc build\kernel\src\components.o
 .text.rt_components_init
                0x100092fc       0x30 build\kernel\src\components.o
                0x100092fc                rt_components_init
 .text.entry    0x1000932c       0x10 build\kernel\src\components.o
                0x1000932c                entry
 .text.main_thread_entry
                0x1000933c       0x18 build\kernel\src\components.o
                0x1000933c                main_thread_entry
 .text.rt_application_init
                0x10009354       0x54 build\kernel\src\components.o
                0x10009354                rt_application_init
 .text.rtthread_startup
                0x100093a8       0x30 build\kernel\src\components.o
                0x100093a8                rtthread_startup
 .text.rt_list_init
                0x100093d8       0x1e build\kernel\src\thread.o
 .text.rt_list_remove
                0x100093f6       0x32 build\kernel\src\thread.o
 .text._thread_cleanup_execute
                0x10009428       0x2e build\kernel\src\thread.o
 .text._thread_exit
                0x10009456       0x68 build\kernel\src\thread.o
 *fill*         0x100094be        0x2 
 .text._thread_init
                0x100094c0      0x104 build\kernel\src\thread.o
 .text.rt_thread_init
                0x100095c4       0x7c build\kernel\src\thread.o
                0x100095c4                rt_thread_init
 .text.rt_thread_self
                0x10009640       0x14 build\kernel\src\thread.o
                0x10009640                rt_thread_self
 .text.rt_thread_startup
                0x10009654       0xac build\kernel\src\thread.o
                0x10009654                rt_thread_startup
 .text.rt_thread_detach
                0x10009700       0xe4 build\kernel\src\thread.o
                0x10009700                rt_thread_detach
 .text.rt_thread_create
                0x100097e4       0x70 build\kernel\src\thread.o
                0x100097e4                rt_thread_create
 .text.rt_thread_delete
                0x10009854       0xcc build\kernel\src\thread.o
                0x10009854                rt_thread_delete
 .text.rt_thread_sleep
                0x10009920       0x98 build\kernel\src\thread.o
                0x10009920                rt_thread_sleep
 .text.rt_thread_mdelay
                0x100099b8       0x26 build\kernel\src\thread.o
                0x100099b8                rt_thread_mdelay
 *fill*         0x100099de        0x2 
 .text.rt_thread_control
                0x100099e0      0x10c build\kernel\src\thread.o
                0x100099e0                rt_thread_control
 .text.rt_thread_suspend
                0x10009aec       0xe4 build\kernel\src\thread.o
                0x10009aec                rt_thread_suspend
 .text.rt_thread_resume
                0x10009bd0       0xa8 build\kernel\src\thread.o
                0x10009bd0                rt_thread_resume
 .text.rt_thread_timeout
                0x10009c78       0xa0 build\kernel\src\thread.o
                0x10009c78                rt_thread_timeout
 .text.rt_interrupt_enter
                0x10009d18       0x44 build\kernel\src\irq.o
                0x10009d18                rt_interrupt_enter
 .text.rt_interrupt_leave
                0x10009d5c       0x44 build\kernel\src\irq.o
                0x10009d5c                rt_interrupt_leave
 .text.rt_interrupt_get_nest
                0x10009da0       0x30 build\kernel\src\irq.o
                0x10009da0                rt_interrupt_get_nest
 .text.rt_set_errno
                0x10009dd0       0x40 build\kernel\src\kservice.o
                0x10009dd0                rt_set_errno
 .text.rt_memset
                0x10009e10       0xb2 build\kernel\src\kservice.o
                0x10009e10                rt_memset
 .text.rt_memcpy
                0x10009ec2       0xcc build\kernel\src\kservice.o
                0x10009ec2                rt_memcpy
 .text.rt_memmove
                0x10009f8e       0x7e build\kernel\src\kservice.o
                0x10009f8e                rt_memmove
 .text.rt_strncpy
                0x1000a00c       0x60 build\kernel\src\kservice.o
                0x1000a00c                rt_strncpy
 .text.rt_strncmp
                0x1000a06c       0x48 build\kernel\src\kservice.o
                0x1000a06c                rt_strncmp
 .text.rt_show_version
                0x1000a0b4       0x50 build\kernel\src\kservice.o
                0x1000a0b4                rt_show_version
 .text.divide   0x1000a104       0x56 build\kernel\src\kservice.o
 .text.skip_atoi
                0x1000a15a       0x3e build\kernel\src\kservice.o
 .text.print_number
                0x1000a198      0x1d4 build\kernel\src\kservice.o
 .text.rt_vsnprintf
                0x1000a36c      0x47c build\kernel\src\kservice.o
                0x1000a36c                rt_vsnprintf
 .text.rt_vsprintf
                0x1000a7e8       0x26 build\kernel\src\kservice.o
                0x1000a7e8                rt_vsprintf
 .text.rt_sprintf
                0x1000a80e       0x30 build\kernel\src\kservice.o
                0x1000a80e                rt_sprintf
 *fill*         0x1000a83e        0x2 
 .text.rt_console_get_device
                0x1000a840       0x14 build\kernel\src\kservice.o
                0x1000a840                rt_console_get_device
 .text.rt_console_set_device
                0x1000a854       0x5c build\kernel\src\kservice.o
                0x1000a854                rt_console_set_device
 .text.rt_hw_console_output
                0x1000a8b0       0x10 build\kernel\src\kservice.o
                0x1000a8b0                rt_hw_console_output
 .text.rt_kprintf
                0x1000a8c0       0x60 build\kernel\src\kservice.o
                0x1000a8c0                rt_kprintf
 .text.__rt_ffs
                0x1000a920       0x74 build\kernel\src\kservice.o
                0x1000a920                __rt_ffs
 .text.rt_assert_handler
                0x1000a994       0x54 build\kernel\src\kservice.o
                0x1000a994                rt_assert_handler
 .text.rt_list_insert_after
                0x1000a9e8       0x2e build\kernel\src\object.o
 .text.rt_list_remove
                0x1000aa16       0x32 build\kernel\src\object.o
 .text.rt_object_get_information
                0x1000aa48       0x48 build\kernel\src\object.o
                0x1000aa48                rt_object_get_information
 .text.rt_object_init
                0x1000aa90       0xe0 build\kernel\src\object.o
                0x1000aa90                rt_object_init
 .text.rt_object_detach
                0x1000ab70       0x60 build\kernel\src\object.o
                0x1000ab70                rt_object_detach
 .text.rt_object_allocate
                0x1000abd0       0xf4 build\kernel\src\object.o
                0x1000abd0                rt_object_allocate
 .text.rt_object_delete
                0x1000acc4       0x84 build\kernel\src\object.o
                0x1000acc4                rt_object_delete
 .text.rt_object_is_systemobject
                0x1000ad48       0x3c build\kernel\src\object.o
                0x1000ad48                rt_object_is_systemobject
 .text.rt_object_get_type
                0x1000ad84       0x38 build\kernel\src\object.o
                0x1000ad84                rt_object_get_type
 .text.rt_object_find
                0x1000adbc       0xc0 build\kernel\src\object.o
                0x1000adbc                rt_object_find
 .text.rt_hw_stack_init
                0x1000ae7c       0x84 build\kernel\libcpu\arm\cortex-m0\cpuport.o
                0x1000ae7c                rt_hw_stack_init
 .text.rt_hw_hard_fault_exception
                0x1000af00       0xb8 build\kernel\libcpu\arm\cortex-m0\cpuport.o
                0x1000af00                rt_hw_hard_fault_exception
 .text          0x1000afb8       0xe4 build\kernel\libcpu\arm\cortex-m0\context_gcc.o
                0x1000afb8                rt_hw_interrupt_disable
                0x1000afc0                rt_hw_interrupt_enable
                0x1000afc6                rt_hw_context_switch_interrupt
                0x1000afc6                rt_hw_context_switch
                0x1000afe2                PendSV_Handler
                0x1000b036                rt_hw_context_switch_to
                0x1000b066                rt_hw_interrupt_thread_switch
                0x1000b06a                HardFault_Handler
                0x1000b076                rt_hw_interrupt_check
 .text.rt_i2c_bus_device_find
                0x1000b09c       0x60 build\kernel\components\drivers\i2c\i2c_core.o
                0x1000b09c                rt_i2c_bus_device_find
 .text.rt_i2c_transfer
                0x1000b0fc       0x78 build\kernel\components\drivers\i2c\i2c_core.o
                0x1000b0fc                rt_i2c_transfer
 .text.rt_i2c_core_init
                0x1000b174        0xc build\kernel\components\drivers\i2c\i2c_core.o
                0x1000b174                rt_i2c_core_init
 .text._pin_read
                0x1000b180       0x64 build\kernel\components\drivers\misc\pin.o
 .text._pin_write
                0x1000b1e4       0x60 build\kernel\components\drivers\misc\pin.o
 .text._pin_control
                0x1000b244       0x58 build\kernel\components\drivers\misc\pin.o
 .text.rt_device_pin_register
                0x1000b29c       0x74 build\kernel\components\drivers\misc\pin.o
                0x1000b29c                rt_device_pin_register
 .text.rt_pin_mode
                0x1000b310       0x40 build\kernel\components\drivers\misc\pin.o
                0x1000b310                rt_pin_mode
 .text._serial_poll_rx
                0x1000b350       0x84 build\kernel\components\drivers\serial\serial.o
 .text._serial_poll_tx
                0x1000b3d4       0x80 build\kernel\components\drivers\serial\serial.o
 .text._serial_int_rx
                0x1000b454       0xe4 build\kernel\components\drivers\serial\serial.o
 .text._serial_int_tx
                0x1000b538       0xcc build\kernel\components\drivers\serial\serial.o
 .text._serial_check_buffer_size
                0x1000b604       0x40 build\kernel\components\drivers\serial\serial.o
 .text._serial_fifo_calc_recved_len
                0x1000b644       0x8c build\kernel\components\drivers\serial\serial.o
 .text.rt_dma_calc_recved_len
                0x1000b6d0       0x1a build\kernel\components\drivers\serial\serial.o
 *fill*         0x1000b6ea        0x2 
 .text.rt_dma_recv_update_get_index
                0x1000b6ec       0xac build\kernel\components\drivers\serial\serial.o
 .text.rt_dma_recv_update_put_index
                0x1000b798       0xfc build\kernel\components\drivers\serial\serial.o
 .text._serial_dma_rx
                0x1000b894      0x1b4 build\kernel\components\drivers\serial\serial.o
 .text._serial_dma_tx
                0x1000ba48       0x7a build\kernel\components\drivers\serial\serial.o
 *fill*         0x1000bac2        0x2 
 .text.rt_serial_init
                0x1000bac4       0x64 build\kernel\components\drivers\serial\serial.o
 .text.rt_serial_open
                0x1000bb28      0x3cc build\kernel\components\drivers\serial\serial.o
 .text.rt_serial_close
                0x1000bef4      0x214 build\kernel\components\drivers\serial\serial.o
 .text.rt_serial_read
                0x1000c108       0x8c build\kernel\components\drivers\serial\serial.o
 .text.rt_serial_write
                0x1000c194       0x8c build\kernel\components\drivers\serial\serial.o
 .text.rt_serial_control
                0x1000c220       0xd4 build\kernel\components\drivers\serial\serial.o
 .text.rt_hw_serial_register
                0x1000c2f4       0xa0 build\kernel\components\drivers\serial\serial.o
                0x1000c2f4                rt_hw_serial_register
 .text.rt_hw_serial_isr
                0x1000c394      0x27c build\kernel\components\drivers\serial\serial.o
                0x1000c394                rt_hw_serial_isr
 .text.rt_list_init
                0x1000c610       0x1e build\kernel\components\drivers\src\completion.o
 .text.rt_list_insert_before
                0x1000c62e       0x2e build\kernel\components\drivers\src\completion.o
 .text.rt_list_isempty
                0x1000c65c       0x1e build\kernel\components\drivers\src\completion.o
 *fill*         0x1000c67a        0x2 
 .text.rt_completion_init
                0x1000c67c       0x4c build\kernel\components\drivers\src\completion.o
                0x1000c67c                rt_completion_init
 .text.rt_completion_wait
                0x1000c6c8      0x114 build\kernel\components\drivers\src\completion.o
                0x1000c6c8                rt_completion_wait
 .text.rt_completion_done
                0x1000c7dc       0x78 build\kernel\components\drivers\src\completion.o
                0x1000c7dc                rt_completion_done
 .text.rt_list_init
                0x1000c854       0x1e build\kernel\components\drivers\src\dataqueue.o
 .text.rt_list_insert_before
                0x1000c872       0x2e build\kernel\components\drivers\src\dataqueue.o
 .text.rt_list_isempty
                0x1000c8a0       0x1e build\kernel\components\drivers\src\dataqueue.o
 *fill*         0x1000c8be        0x2 
 .text.rt_data_queue_init
                0x1000c8c0       0xe0 build\kernel\components\drivers\src\dataqueue.o
                0x1000c8c0                rt_data_queue_init
 .text.rt_data_queue_push
                0x1000c9a0      0x210 build\kernel\components\drivers\src\dataqueue.o
                0x1000c9a0                rt_data_queue_push
 .text.rt_data_queue_pop
                0x1000cbb0      0x274 build\kernel\components\drivers\src\dataqueue.o
                0x1000cbb0                rt_data_queue_pop
 .text.rt_data_queue_peek
                0x1000ce24       0xa8 build\kernel\components\drivers\src\dataqueue.o
                0x1000ce24                rt_data_queue_peek
 .text.rt_data_queue_reset
                0x1000cecc      0x104 build\kernel\components\drivers\src\dataqueue.o
                0x1000cecc                rt_data_queue_reset
 .text.rt_data_queue_deinit
                0x1000cfd0       0x78 build\kernel\components\drivers\src\dataqueue.o
                0x1000cfd0                rt_data_queue_deinit
 .text.rt_data_queue_len
                0x1000d048       0xd8 build\kernel\components\drivers\src\dataqueue.o
                0x1000d048                rt_data_queue_len
 .text.finsh_get_prompt
                0x1000d120       0x80 build\kernel\components\finsh\shell.o
                0x1000d120                finsh_get_prompt
 .text.finsh_set_prompt_mode
                0x1000d1a0       0x54 build\kernel\components\finsh\shell.o
                0x1000d1a0                finsh_set_prompt_mode
 .text.finsh_getchar
                0x1000d1f4       0x78 build\kernel\components\finsh\shell.o
                0x1000d1f4                finsh_getchar
 .text.finsh_rx_ind
                0x1000d26c       0x40 build\kernel\components\finsh\shell.o
 .text.finsh_set_device
                0x1000d2ac       0xfc build\kernel\components\finsh\shell.o
                0x1000d2ac                finsh_set_device
 .text.shell_auto_complete
                0x1000d3a8       0x38 build\kernel\components\finsh\shell.o
 .text.shell_handle_history
                0x1000d3e0       0x38 build\kernel\components\finsh\shell.o
 .text.shell_push_history
                0x1000d418      0x166 build\kernel\components\finsh\shell.o
 *fill*         0x1000d57e        0x2 
 .text.finsh_thread_entry
                0x1000d580      0x648 build\kernel\components\finsh\shell.o
                0x1000d580                finsh_thread_entry
 .text.finsh_system_function_init
                0x1000dbc8       0x28 build\kernel\components\finsh\shell.o
                0x1000dbc8                finsh_system_function_init
 .text.finsh_system_init
                0x1000dbf0       0xac build\kernel\components\finsh\shell.o
                0x1000dbf0                finsh_system_init
 .text.msh_help
                0x1000dc9c       0x60 build\kernel\components\finsh\msh.o
                0x1000dc9c                msh_help
 .text.cmd_ps   0x1000dcfc       0x18 build\kernel\components\finsh\msh.o
                0x1000dcfc                cmd_ps
 .text.cmd_free
                0x1000dd14       0x18 build\kernel\components\finsh\msh.o
                0x1000dd14                cmd_free
 .text.msh_split
                0x1000dd2c      0x178 build\kernel\components\finsh\msh.o
 .text.msh_get_cmd
                0x1000dea4       0x60 build\kernel\components\finsh\msh.o
 .text._msh_exec_cmd
                0x1000df04       0xdc build\kernel\components\finsh\msh.o
 .text.msh_exec
                0x1000dfe0       0x8c build\kernel\components\finsh\msh.o
                0x1000dfe0                msh_exec
 .text.str_common
                0x1000e06c       0x46 build\kernel\components\finsh\msh.o
 *fill*         0x1000e0b2        0x2 
 .text.msh_auto_complete
                0x1000e0b4       0xc0 build\kernel\components\finsh\msh.o
                0x1000e0b4                msh_auto_complete
 .text.rt_list_isempty
                0x1000e174       0x1e build\kernel\components\finsh\cmd.o
 .text.rt_list_len
                0x1000e192       0x32 build\kernel\components\finsh\cmd.o
 .text.hello    0x1000e1c4       0x18 build\kernel\components\finsh\cmd.o
                0x1000e1c4                hello
 .text.clear    0x1000e1dc       0x18 build\kernel\components\finsh\cmd.o
 .text.version  0x1000e1f4       0x10 build\kernel\components\finsh\cmd.o
                0x1000e1f4                version
 .text.object_split
                0x1000e204       0x28 build\kernel\components\finsh\cmd.o
 .text.list_find_init
                0x1000e22c       0x50 build\kernel\components\finsh\cmd.o
 .text.list_get_next
                0x1000e27c       0xca build\kernel\components\finsh\cmd.o
 *fill*         0x1000e346        0x2 
 .text.list_thread
                0x1000e348      0x268 build\kernel\components\finsh\cmd.o
                0x1000e348                list_thread
 .text.show_wait_queue
                0x1000e5b0       0x54 build\kernel\components\finsh\cmd.o
 .text.list_sem
                0x1000e604      0x138 build\kernel\components\finsh\cmd.o
                0x1000e604                list_sem
 .text.list_event
                0x1000e73c      0x128 build\kernel\components\finsh\cmd.o
                0x1000e73c                list_event
 .text.list_mutex
                0x1000e864       0xf8 build\kernel\components\finsh\cmd.o
                0x1000e864                list_mutex
 .text.list_mailbox
                0x1000e95c      0x148 build\kernel\components\finsh\cmd.o
                0x1000e95c                list_mailbox
 .text.list_msgqueue
                0x1000eaa4      0x138 build\kernel\components\finsh\cmd.o
                0x1000eaa4                list_msgqueue
 .text.list_mempool
                0x1000ebdc      0x15c build\kernel\components\finsh\cmd.o
                0x1000ebdc                list_mempool
 .text.list_timer
                0x1000ed38      0x140 build\kernel\components\finsh\cmd.o
                0x1000ed38                list_timer
 .text.list_device
                0x1000ee78       0xfc build\kernel\components\finsh\cmd.o
                0x1000ee78                list_device
 .text.list     0x1000ef74       0x6c build\kernel\components\finsh\cmd.o
                0x1000ef74                list
 .text._malloc_r
                0x1000efe0       0x2c build\kernel\components\libc\compilers\gcc\newlib\syscalls.o
                0x1000efe0                _malloc_r
 .text._calloc_r
                0x1000f00c       0x32 build\kernel\components\libc\compilers\gcc\newlib\syscalls.o
                0x1000f00c                _calloc_r
 .text._free_r  0x1000f03e       0x1a build\kernel\components\libc\compilers\gcc\newlib\syscalls.o
                0x1000f03e                _free_r
 .text.calloc   0x1000f058       0x18 c:/users/nicol/desktop/polito/oses/oses_project/toolchain/bin/../lib/gcc/arm-none-eabi/7.3.1/../../../../arm-none-eabi/lib/thumb/v6-m\libc.a(lib_a-calloc.o)
                0x1000f058                calloc
 .text.exit     0x1000f070       0x20 c:/users/nicol/desktop/polito/oses/oses_project/toolchain/bin/../lib/gcc/arm-none-eabi/7.3.1/../../../../arm-none-eabi/lib/thumb/v6-m\libc.a(lib_a-exit.o)
                0x1000f070                exit
 .text.malloc   0x1000f090       0x14 c:/users/nicol/desktop/polito/oses/oses_project/toolchain/bin/../lib/gcc/arm-none-eabi/7.3.1/../../../../arm-none-eabi/lib/thumb/v6-m\libc.a(lib_a-malloc.o)
                0x1000f090                malloc
 .text.free     0x1000f0a4       0x14 c:/users/nicol/desktop/polito/oses/oses_project/toolchain/bin/../lib/gcc/arm-none-eabi/7.3.1/../../../../arm-none-eabi/lib/thumb/v6-m\libc.a(lib_a-malloc.o)
                0x1000f0a4                free
 .text.strlen   0x1000f0b8       0x64 c:/users/nicol/desktop/polito/oses/oses_project/toolchain/bin/../lib/gcc/arm-none-eabi/7.3.1/../../../../arm-none-eabi/lib/thumb/v6-m\libc.a(lib_a-strlen-stub.o)
                0x1000f0b8                strlen
 .text.strncmp  0x1000f11c       0x8c c:/users/nicol/desktop/polito/oses/oses_project/toolchain/bin/../lib/gcc/arm-none-eabi/7.3.1/../../../../arm-none-eabi/lib/thumb/v6-m\libc.a(lib_a-strncmp.o)
                0x1000f11c                strncmp
 .text.strncpy  0x1000f1a8       0x8c c:/users/nicol/desktop/polito/oses/oses_project/toolchain/bin/../lib/gcc/arm-none-eabi/7.3.1/../../../../arm-none-eabi/lib/thumb/v6-m\libc.a(lib_a-strncpy.o)
                0x1000f1a8                strncpy
 .text.startup.register_fini
                0x1000f234       0x18 c:/users/nicol/desktop/polito/oses/oses_project/toolchain/bin/../lib/gcc/arm-none-eabi/7.3.1/../../../../arm-none-eabi/lib/thumb/v6-m\libc.a(lib_a-__call_atexit.o)
 .text.__call_exitprocs
                0x1000f24c      0x118 c:/users/nicol/desktop/polito/oses/oses_project/toolchain/bin/../lib/gcc/arm-none-eabi/7.3.1/../../../../arm-none-eabi/lib/thumb/v6-m\libc.a(lib_a-__call_atexit.o)
                0x1000f24c                __call_exitprocs
 .text.atexit   0x1000f364       0x10 c:/users/nicol/desktop/polito/oses/oses_project/toolchain/bin/../lib/gcc/arm-none-eabi/7.3.1/../../../../arm-none-eabi/lib/thumb/v6-m\libc.a(lib_a-atexit.o)
                0x1000f364                atexit
 .text.__libc_fini_array
                0x1000f374       0x34 c:/users/nicol/desktop/polito/oses/oses_project/toolchain/bin/../lib/gcc/arm-none-eabi/7.3.1/../../../../arm-none-eabi/lib/thumb/v6-m\libc.a(lib_a-fini.o)
                0x1000f374                __libc_fini_array
 .text.__retarget_lock_acquire_recursive
                0x1000f3a8        0x4 c:/users/nicol/desktop/polito/oses/oses_project/toolchain/bin/../lib/gcc/arm-none-eabi/7.3.1/../../../../arm-none-eabi/lib/thumb/v6-m\libc.a(lib_a-lock.o)
                0x1000f3a8                __retarget_lock_acquire_recursive
 .text.__retarget_lock_release_recursive
                0x1000f3ac        0x4 c:/users/nicol/desktop/polito/oses/oses_project/toolchain/bin/../lib/gcc/arm-none-eabi/7.3.1/../../../../arm-none-eabi/lib/thumb/v6-m\libc.a(lib_a-lock.o)
                0x1000f3ac                __retarget_lock_release_recursive
 .text.__register_exitproc
                0x1000f3b0       0xf4 c:/users/nicol/desktop/polito/oses/oses_project/toolchain/bin/../lib/gcc/arm-none-eabi/7.3.1/../../../../arm-none-eabi/lib/thumb/v6-m\libc.a(lib_a-__atexit.o)
                0x1000f3b0                __register_exitproc
 *(.fini)
 .fini          0x1000f4a4        0x4 c:/users/nicol/desktop/polito/oses/oses_project/toolchain/bin/../lib/gcc/arm-none-eabi/7.3.1/thumb/v6-m/crti.o
                0x1000f4a4                _fini
 .fini.__stub   0x1000f4a8       0x60 linker stubs
                0x1000f508                . = ALIGN (0x4)
                0x1000f508                __fsymtab_start = .
 *(FSymTab)
 FSymTab        0x1000f508       0x24 build\kernel\components\finsh\msh.o
                0x1000f508                __fsym_help
                0x1000f514                __fsym_ps
                0x1000f520                __fsym_free
 FSymTab        0x1000f52c       0x9c build\kernel\components\finsh\cmd.o
                0x1000f52c                __fsym_hello
                0x1000f538                __fsym_clear
                0x1000f544                __fsym_version
                0x1000f550                __fsym_list_thread
                0x1000f55c                __fsym_list_sem
                0x1000f568                __fsym_list_event
                0x1000f574                __fsym_list_mutex
                0x1000f580                __fsym_list_mailbox
                0x1000f58c                __fsym_list_msgqueue
                0x1000f598                __fsym_list_mempool
                0x1000f5a4                __fsym_list_timer
                0x1000f5b0                __fsym_list_device
                0x1000f5bc                __fsym_list
                0x1000f5c8                __fsymtab_end = .
                0x1000f5c8                . = ALIGN (0x4)
                0x1000f5c8                __vsymtab_start = .
 *(VSymTab)
                0x1000f5c8                __vsymtab_end = .
                0x1000f5c8                . = ALIGN (0x4)
                0x1000f5c8                __rt_init_start = .
 *(SORT_BY_NAME(.rti_fn*))
 .rti_fn.0      0x1000f5c8        0x4 build\kernel\src\components.o
                0x1000f5c8                __rt_init_rti_start
 .rti_fn.0.end  0x1000f5cc        0x4 build\kernel\src\components.o
                0x1000f5cc                __rt_init_rti_board_start
 .rti_fn.1.end  0x1000f5d0        0x4 build\kernel\src\components.o
                0x1000f5d0                __rt_init_rti_board_end
 .rti_fn.3      0x1000f5d4        0x4 build\drivers\drv_uart.o
                0x1000f5d4                __rt_init_rt_hw_uart1_init
 .rti_fn.3      0x1000f5d8        0x4 build\drivers\drv_gpio.o
                0x1000f5d8                __rt_init_rt_hw_gpio_init
 .rti_fn.4      0x1000f5dc        0x4 build\kernel\components\drivers\i2c\i2c_core.o
                0x1000f5dc                __rt_init_rt_i2c_core_init
 .rti_fn.6      0x1000f5e0        0x4 build\kernel\components\finsh\shell.o
                0x1000f5e0                __rt_init_finsh_system_init
 .rti_fn.6.end  0x1000f5e4        0x4 build\kernel\src\components.o
                0x1000f5e4                __rt_init_rti_end
                0x1000f5e8                __rt_init_end = .
 *crtbegin.o(.ctors)
 *crtbegin?.o(.ctors)
 *(EXCLUDE_FILE(*crtend.o *crtend?.o) .ctors)
 *(SORT_BY_NAME(.ctors.*))
 *(.ctors)
 *crtbegin.o(.dtors)
 *crtbegin?.o(.dtors)
 *(EXCLUDE_FILE(*crtend.o *crtend?.o) .dtors)
 *(SORT_BY_NAME(.dtors.*))
 *(.dtors)
 *(.eh_frame*)
 .eh_frame      0x1000f5e8        0x0 c:/users/nicol/desktop/polito/oses/oses_project/toolchain/bin/../lib/gcc/arm-none-eabi/7.3.1/thumb/v6-m/crtbegin.o
                0x1000f5e8                . = ALIGN (0x4)

.glue_7         0x1000f5e8        0x0
 .glue_7        0x1000f5e8        0x0 linker stubs

.glue_7t        0x1000f5e8        0x0
 .glue_7t       0x1000f5e8        0x0 linker stubs

.vfp11_veneer   0x1000f5e8        0x0
 .vfp11_veneer  0x1000f5e8        0x0 linker stubs

.v4_bx          0x1000f5e8        0x0
 .v4_bx         0x1000f5e8        0x0 linker stubs

.iplt           0x1000f5e8        0x0
 .iplt          0x1000f5e8        0x0 c:/users/nicol/desktop/polito/oses/oses_project/toolchain/bin/../lib/gcc/arm-none-eabi/7.3.1/thumb/v6-m/crtbegin.o

.rodata         0x1000f5e8     0x336c
 *(EXCLUDE_FILE(*libm.a: *libc.a:*lib_a-mem*.o *libgcc.a:) .rodata*)
 .rodata        0x1000f5e8       0xd4 build\applications\main.o
 .rodata._uart_ops
                0x1000f6bc       0x14 build\drivers\drv_uart.o
 .rodata        0x1000f6d0       0x16 build\drivers\drv_uart.o
 *fill*         0x1000f6e6        0x2 
 .rodata._uart1_ops
                0x1000f6e8       0x14 build\drivers\drv_uart.o
 .rodata        0x1000f6fc       0x25 build\drivers\drv_gpio.o
 *fill*         0x1000f721        0x3 
 .rodata.pico_pin_mode
                0x1000f724       0x14 build\drivers\drv_gpio.o
 .rodata.ops    0x1000f738       0x1c build\drivers\drv_gpio.o
 .rodata.__FUNCTION__.6249
                0x1000f754        0xe build\drivers\drv_gpio.o
 *fill*         0x1000f762        0x2 
 .rodata.__FUNCTION__.6261
                0x1000f764        0xf build\drivers\drv_gpio.o
 *fill*         0x1000f773        0x1 
 .rodata.__FUNCTION__.6266
                0x1000f774        0xe build\drivers\drv_gpio.o
 *fill*         0x1000f782        0x2 
 .rodata        0x1000f784        0x6 build\drivers\board.o
 *fill*         0x1000f78a        0x2 
 .rodata        0x1000f78c       0x18 build\libraries\pico-sdk\src\rp2_common\pico_printf\printf.o
 .rodata._vsnprintf
                0x1000f7a4      0x1e0 build\libraries\pico-sdk\src\rp2_common\pico_printf\printf.o
 *fill*         0x1000f984        0x4 
 .rodata.pow10.5376
                0x1000f988       0x50 build\libraries\pico-sdk\src\rp2_common\pico_printf\printf.o
 .rodata        0x1000f9d8       0xf3 build\libraries\pico-sdk\src\rp2_common\hardware_clocks\clocks.o
 *fill*         0x1000facb        0x1 
 .rodata.__func__.4598
                0x1000facc       0x10 build\libraries\pico-sdk\src\rp2_common\hardware_clocks\clocks.o
 .rodata        0x1000fadc      0x1c2 build\libraries\pico-sdk\src\rp2_common\hardware_irq\irq.o
 *fill*         0x1000fc9e        0x2 
 .rodata.__func__.4424
                0x1000fca0       0x1a build\libraries\pico-sdk\src\rp2_common\hardware_irq\irq.o
 *fill*         0x1000fcba        0x2 
 .rodata.__func__.4438
                0x1000fcbc        0xc build\libraries\pico-sdk\src\rp2_common\hardware_irq\irq.o
 .rodata.__func__.4446
                0x1000fcc8       0x17 build\libraries\pico-sdk\src\rp2_common\hardware_irq\irq.o
 *fill*         0x1000fcdf        0x1 
 .rodata.__func__.4450
                0x1000fce0        0xf build\libraries\pico-sdk\src\rp2_common\hardware_irq\irq.o
 *fill*         0x1000fcef        0x1 
 .rodata.__func__.4486
                0x1000fcf0       0x13 build\libraries\pico-sdk\src\rp2_common\hardware_irq\irq.o
 *fill*         0x1000fd03        0x1 
 .rodata.__func__.4505
                0x1000fd04       0x1a build\libraries\pico-sdk\src\rp2_common\hardware_irq\irq.o
 *fill*         0x1000fd1e        0x2 
 .rodata        0x1000fd20       0xa0 build\libraries\pico-sdk\src\rp2_common\pico_double\double_init_rom.o
 .rodata.__func__.4633
                0x1000fdc0       0x14 build\libraries\pico-sdk\src\rp2_common\pico_double\double_init_rom.o
 .rodata        0x1000fdd4       0x81 build\libraries\pico-sdk\src\rp2_common\hardware_timer\timer.o
 *fill*         0x1000fe55        0x3 
 .rodata.__func__.4462
                0x1000fe58       0x1a build\libraries\pico-sdk\src\rp2_common\hardware_timer\timer.o
 *fill*         0x1000fe72        0x2 
 .rodata        0x1000fe74       0x76 build\libraries\pico-sdk\src\rp2_common\pico_float\float_init_rom.o
 *fill*         0x1000feea        0x2 
 .rodata.__func__.4635
                0x1000feec       0x13 build\libraries\pico-sdk\src\rp2_common\pico_float\float_init_rom.o
 *fill*         0x1000feff        0x1 
 .rodata        0x1000ff00      0x1ff build\libraries\pico-sdk\src\common\pico_time\time.o
 *fill*         0x100100ff        0x1 
 .rodata.__func__.5888
                0x10010100       0x12 build\libraries\pico-sdk\src\common\pico_time\time.o
 *fill*         0x10010112        0x2 
 .rodata.__func__.5881
                0x10010114        0xc build\libraries\pico-sdk\src\common\pico_time\time.o
 .rodata.__func__.6205
                0x10010120        0xa build\libraries\pico-sdk\src\common\pico_time\time.o
 *fill*         0x1001012a        0x2 
 .rodata.__func__.6231
                0x1001012c       0x15 build\libraries\pico-sdk\src\common\pico_time\time.o
 *fill*         0x10010141        0x3 
 .rodata.__func__.5903
                0x10010144        0xa build\libraries\pico-sdk\src\common\pico_time\time.o
 *fill*         0x1001014e        0x2 
 .rodata.__func__.6248
                0x10010150       0x1a build\libraries\pico-sdk\src\common\pico_time\time.o
 *fill*         0x1001016a        0x2 
 .rodata.__func__.5925
                0x1001016c       0x14 build\libraries\pico-sdk\src\common\pico_time\time.o
 .rodata.__func__.6210
                0x10010180       0x12 build\libraries\pico-sdk\src\common\pico_time\time.o
 *fill*         0x10010192        0x2 